35.90.47.238 - - [18/Jul/2022:04:22:24 -0300] "GET /favicon.ico HTTP/1.1" 301 162 "-" "Mozilla/5.0 (X11; Linux x86_64) AppleWebKit/537.36 (KHTML, like Gecko) Chrome/83.0.4103.97 Safari/537.36"
35.90.47.238 - - [18/Jul/2022:04:22:28 -0300] "GET / HTTP/1.1" 301 162 "-" "Mozilla/5.0 (X11; Linux x86_64) AppleWebKit/537.36 (KHTML, like Gecko) Chrome/83.0.4103.97 Safari/537.36"
177.234.144.114 - - [18/Jul/2022:04:31:42 -0300] "GET / HTTP/1.1" 301 162 "-" "Go-http-client/1.1"
52.33.60.179 - - [18/Jul/2022:04:43:07 -0300] "GET / HTTP/1.1" 301 162 "-" "Mozilla/5.0 (Windows NT 10.0; Win64; x64)AppleWebKit/537.36 (KHTML, like Gecko) Chrome/66.0.3359.181 Safari/537.36"
177.234.144.114 - - [18/Jul/2022:05:01:58 -0300] "GET / HTTP/1.1" 301 162 "-" "Go-http-client/1.1"
64.246.161.190 - - [18/Jul/2022:05:29:31 -0300] "GET /robots.txt HTTP/1.0" 301 162 "-" "Mozilla/5.0 (Macintosh; Intel Mac OS X 10.10; rv:59.0) Gecko/20100101 Firefox/59.0"
64.246.161.190 - - [18/Jul/2022:05:29:31 -0300] "GET / HTTP/1.1" 301 162 "-" "Mozilla/5.0 (Macintosh; Intel Mac OS X 10.10; rv:59.0) Gecko/20100101 Firefox/59.0"
177.234.144.114 - - [18/Jul/2022:05:31:45 -0300] "GET / HTTP/1.1" 301 162 "-" "Go-http-client/1.1"
177.234.144.114 - - [18/Jul/2022:06:01:47 -0300] "GET / HTTP/1.1" 301 162 "-" "Go-http-client/1.1"
209.141.51.222 - - [18/Jul/2022:06:16:02 -0300] "GET / HTTP/1.1" 301 162 "-" "Mozilla/5.0 (Macintosh; Intel Mac OS X 10_15_7) AppleWebKit/537.36 (KHTML, like Gecko) Chrome/96.0.4664.110 Safari/537.36"
209.141.51.222 - - [18/Jul/2022:06:16:03 -0300] "GET /favicon.ico HTTP/1.1" 301 162 "-" "Mozilla/5.0 (Macintosh; Intel Mac OS X 10_15_7) AppleWebKit/537.36 (KHTML, like Gecko) Chrome/96.0.4664.110 Safari/537.36"
177.234.144.114 - - [18/Jul/2022:06:31:44 -0300] "GET / HTTP/1.1" 301 162 "-" "Go-http-client/1.1"
177.234.144.114 - - [18/Jul/2022:07:01:52 -0300] "GET / HTTP/1.1" 301 162 "-" "Go-http-client/1.1"
209.141.51.222 - - [18/Jul/2022:07:15:34 -0300] "GET / HTTP/1.1" 301 162 "-" "Mozilla/5.0 (Macintosh; Intel Mac OS X 10_15_7) AppleWebKit/537.36 (KHTML, like Gecko) Chrome/96.0.4664.110 Safari/537.36"
209.141.51.222 - - [18/Jul/2022:07:15:35 -0300] "GET /favicon.ico HTTP/1.1" 301 162 "-" "Mozilla/5.0 (Macintosh; Intel Mac OS X 10_15_7) AppleWebKit/537.36 (KHTML, like Gecko) Chrome/96.0.4664.110 Safari/537.36"
177.234.144.114 - - [18/Jul/2022:07:31:41 -0300] "GET / HTTP/1.1" 301 162 "-" "Go-http-client/1.1"
177.234.144.114 - - [18/Jul/2022:08:01:41 -0300] "GET / HTTP/1.1" 301 162 "-" "Go-http-client/1.1"
177.234.144.114 - - [18/Jul/2022:08:31:40 -0300] "GET / HTTP/1.1" 301 162 "-" "Go-http-client/1.1"
177.234.144.114 - - [18/Jul/2022:09:01:45 -0300] "GET / HTTP/1.1" 301 162 "-" "Go-http-client/1.1"
177.234.144.114 - - [18/Jul/2022:09:31:43 -0300] "GET / HTTP/1.1" 301 162 "-" "Go-http-client/1.1"
177.234.144.114 - - [18/Jul/2022:10:01:43 -0300] "GET / HTTP/1.1" 301 162 "-" "Go-http-client/1.1"
177.234.144.114 - - [18/Jul/2022:10:31:39 -0300] "GET / HTTP/1.1" 301 162 "-" "Go-http-client/1.1"
177.234.144.114 - - [18/Jul/2022:11:01:51 -0300] "GET / HTTP/1.1" 301 162 "-" "Go-http-client/1.1"
209.141.35.128 - - [18/Jul/2022:11:07:44 -0300] "GET / HTTP/1.1" 301 162 "-" "Mozilla/5.0 (Macintosh; Intel Mac OS X 10_15_7) AppleWebKit/537.36 (KHTML, like Gecko) Chrome/96.0.4664.110 Safari/537.36"
209.141.35.128 - - [18/Jul/2022:11:07:46 -0300] "GET /favicon.ico HTTP/1.1" 301 162 "-" "Mozilla/5.0 (Macintosh; Intel Mac OS X 10_15_7) AppleWebKit/537.36 (KHTML, like Gecko) Chrome/96.0.4664.110 Safari/537.36"
104.28.242.52 - - [18/Jul/2022:11:17:36 -0300] "GET / HTTP/1.1" 301 162 "-" "Mozilla/5.0 (Macintosh; Intel Mac OS X 10_15_7) AppleWebKit/537.36 (KHTML, like Gecko) Chrome/96.0.4664.110 Safari/537.36"
104.28.242.52 - - [18/Jul/2022:11:17:39 -0300] "GET /favicon.ico HTTP/1.1" 301 162 "-" "Mozilla/5.0 (Macintosh; Intel Mac OS X 10_15_7) AppleWebKit/537.36 (KHTML, like Gecko) Chrome/96.0.4664.110 Safari/537.36"
177.234.144.114 - - [18/Jul/2022:11:31:42 -0300] "GET / HTTP/1.1" 301 162 "-" "Go-http-client/1.1"
177.234.144.114 - - [18/Jul/2022:12:02:12 -0300] "GET / HTTP/1.1" 301 162 "-" "Go-http-client/1.1"
177.234.144.114 - - [18/Jul/2022:12:31:42 -0300] "GET / HTTP/1.1" 301 162 "-" "Go-http-client/1.1"
177.234.144.114 - - [18/Jul/2022:13:01:47 -0300] "GET / HTTP/1.1" 301 162 "-" "Go-http-client/1.1"
177.234.144.114 - - [18/Jul/2022:13:31:40 -0300] "GET / HTTP/1.1" 301 162 "-" "Go-http-client/1.1"
177.234.144.114 - - [18/Jul/2022:14:01:44 -0300] "GET / HTTP/1.1" 301 162 "-" "Go-http-client/1.1"
8.31.2.32 - - [18/Jul/2022:14:12:20 -0300] "GET / HTTP/1.1" 301 162 "-" "Mozilla/5.0 (Macintosh; Intel Mac OS X 10_15_7) AppleWebKit/537.36 (KHTML, like Gecko) Chrome/96.0.4664.110 Safari/537.36"
8.31.2.32 - - [18/Jul/2022:14:12:23 -0300] "GET /favicon.ico HTTP/1.1" 301 162 "-" "Mozilla/5.0 (Macintosh; Intel Mac OS X 10_15_7) AppleWebKit/537.36 (KHTML, like Gecko) Chrome/96.0.4664.110 Safari/537.36"
177.234.144.114 - - [18/Jul/2022:14:31:46 -0300] "GET / HTTP/1.1" 301 162 "-" "Go-http-client/1.1"
186.202.173.147 - - [18/Jul/2022:14:50:57 -0300] "GET / HTTP/1.1" 301 162 "-" "Mozilla/5.0 (compatible; MSIE 9.0; Windows NT 6.1; WOW64; Trident/5.0)"
177.234.144.114 - - [18/Jul/2022:15:01:46 -0300] "GET / HTTP/1.1" 301 162 "-" "Go-http-client/1.1"
177.234.144.114 - - [18/Jul/2022:15:31:40 -0300] "GET / HTTP/1.1" 301 162 "-" "Go-http-client/1.1"
177.234.144.114 - - [18/Jul/2022:16:01:48 -0300] "GET / HTTP/1.1" 301 162 "-" "Go-http-client/1.1"
209.141.36.112 - - [18/Jul/2022:16:16:34 -0300] "GET / HTTP/1.1" 301 162 "-" "Mozilla/5.0 (Macintosh; Intel Mac OS X 10_15_7) AppleWebKit/537.36 (KHTML, like Gecko) Chrome/96.0.4664.110 Safari/537.36"
209.141.36.112 - - [18/Jul/2022:16:16:36 -0300] "GET /favicon.ico HTTP/1.1" 301 162 "-" "Mozilla/5.0 (Macintosh; Intel Mac OS X 10_15_7) AppleWebKit/537.36 (KHTML, like Gecko) Chrome/96.0.4664.110 Safari/537.36"
177.234.144.114 - - [18/Jul/2022:16:31:46 -0300] "GET / HTTP/1.1" 301 162 "-" "Go-http-client/1.1"
66.249.64.127 - - [18/Jul/2022:16:42:44 -0300] "GET /robots.txt HTTP/1.1" 301 162 "-" "Mozilla/5.0 (compatible; Googlebot/2.1; +http://www.google.com/bot.html)"
66.249.64.123 - - [18/Jul/2022:16:42:45 -0300] "GET /login HTTP/1.1" 301 162 "-" "Mozilla/5.0 (Linux; Android 6.0.1; Nexus 5X Build/MMB29P) AppleWebKit/537.36 (KHTML, like Gecko) Chrome/103.0.5060.114 Mobile Safari/537.36 (compatible; Googlebot/2.1; +http://www.google.com/bot.html)"
66.249.70.100 - - [18/Jul/2022:16:52:45 -0300] "GET /robots.txt HTTP/1.1" 301 162 "-" "Mozilla/5.0 (compatible; Googlebot/2.1; +http://www.google.com/bot.html)"
66.249.70.105 - - [18/Jul/2022:16:52:46 -0300] "GET / HTTP/1.1" 301 162 "-" "Mozilla/5.0 (compatible; Googlebot/2.1; +http://www.google.com/bot.html)"
177.234.144.114 - - [18/Jul/2022:17:01:46 -0300] "GET / HTTP/1.1" 301 162 "-" "Go-http-client/1.1"
177.234.144.114 - - [18/Jul/2022:17:31:44 -0300] "GET / HTTP/1.1" 301 162 "-" "Go-http-client/1.1"
177.234.144.114 - - [18/Jul/2022:18:01:47 -0300] "GET / HTTP/1.1" 301 162 "-" "Go-http-client/1.1"
177.234.144.114 - - [18/Jul/2022:18:31:42 -0300] "GET / HTTP/1.1" 301 162 "-" "Go-http-client/1.1"
177.234.144.114 - - [18/Jul/2022:19:01:45 -0300] "GET / HTTP/1.1" 301 162 "-" "Go-http-client/1.1"
177.234.144.114 - - [18/Jul/2022:19:31:43 -0300] "GET / HTTP/1.1" 301 162 "-" "Go-http-client/1.1"
177.234.144.114 - - [18/Jul/2022:20:01:44 -0300] "GET / HTTP/1.1" 301 162 "-" "Go-http-client/1.1"
177.234.144.114 - - [18/Jul/2022:20:31:46 -0300] "GET / HTTP/1.1" 301 162 "-" "Go-http-client/1.1"
177.234.144.114 - - [18/Jul/2022:21:01:45 -0300] "GET / HTTP/1.1" 301 162 "-" "Go-http-client/1.1"
209.141.41.193 - - [18/Jul/2022:21:07:50 -0300] "GET / HTTP/1.1" 301 162 "-" "Mozilla/5.0 (Macintosh; Intel Mac OS X 10_15_7) AppleWebKit/537.36 (KHTML, like Gecko) Chrome/96.0.4664.110 Safari/537.36"
209.141.41.193 - - [18/Jul/2022:21:07:52 -0300] "GET /favicon.ico HTTP/1.1" 301 162 "-" "Mozilla/5.0 (Macintosh; Intel Mac OS X 10_15_7) AppleWebKit/537.36 (KHTML, like Gecko) Chrome/96.0.4664.110 Safari/537.36"
177.234.144.114 - - [18/Jul/2022:21:31:43 -0300] "GET / HTTP/1.1" 301 162 "-" "Go-http-client/1.1"
177.234.144.114 - - [18/Jul/2022:22:01:43 -0300] "GET / HTTP/1.1" 301 162 "-" "Go-http-client/1.1"
177.234.144.114 - - [18/Jul/2022:22:31:39 -0300] "GET / HTTP/1.1" 301 162 "-" "Go-http-client/1.1"
177.234.144.114 - - [18/Jul/2022:23:02:19 -0300] "GET / HTTP/1.1" 301 162 "-" "Go-http-client/1.1"
177.234.144.114 - - [18/Jul/2022:23:31:43 -0300] "GET / HTTP/1.1" 301 162 "-" "Go-http-client/1.1"
177.234.144.114 - - [19/Jul/2022:00:01:52 -0300] "GET / HTTP/1.1" 301 162 "-" "Go-http-client/1.1"
177.234.144.114 - - [19/Jul/2022:00:31:44 -0300] "GET / HTTP/1.1" 301 162 "-" "Go-http-client/1.1"
177.234.144.114 - - [19/Jul/2022:01:01:53 -0300] "GET / HTTP/1.1" 301 162 "-" "Go-http-client/1.1"
177.234.144.114 - - [19/Jul/2022:01:31:42 -0300] "GET / HTTP/1.1" 301 162 "-" "Go-http-client/1.1"
177.234.144.114 - - [19/Jul/2022:02:01:44 -0300] "GET / HTTP/1.1" 301 162 "-" "Go-http-client/1.1"
177.234.144.114 - - [19/Jul/2022:02:31:42 -0300] "GET / HTTP/1.1" 301 162 "-" "Go-http-client/1.1"
177.234.144.114 - - [19/Jul/2022:03:01:41 -0300] "GET / HTTP/1.1" 301 162 "-" "Go-http-client/1.1"
177.234.144.114 - - [19/Jul/2022:03:31:37 -0300] "GET / HTTP/1.1" 301 162 "-" "Go-http-client/1.1"
177.234.144.114 - - [19/Jul/2022:04:01:38 -0300] "GET / HTTP/1.1" 301 162 "-" "Go-http-client/1.1"
35.90.164.151 - - [19/Jul/2022:04:28:32 -0300] "GET / HTTP/1.1" 301 162 "-" "Mozilla/5.0 (X11; Linux x86_64) AppleWebKit/537.36 (KHTML, like Gecko) Chrome/83.0.4103.97 Safari/537.36"
35.90.164.151 - - [19/Jul/2022:04:28:57 -0300] "GET / HTTP/1.1" 301 162 "-" "Mozilla/5.0 (X11; Linux x86_64) AppleWebKit/537.36 (KHTML, like Gecko) Chrome/83.0.4103.97 Safari/537.36"
52.36.100.221 - - [19/Jul/2022:04:29:02 -0300] "GET /favicon.ico HTTP/1.1" 301 162 "-" "Mozilla/5.0 (X11; Linux x86_64) AppleWebKit/537.36 (KHTML, like Gecko) Chrome/83.0.4103.97 Safari/537.36"
52.36.100.221 - - [19/Jul/2022:04:29:07 -0300] "GET / HTTP/1.1" 301 162 "-" "Mozilla/5.0 (X11; Linux x86_64) AppleWebKit/537.36 (KHTML, like Gecko) Chrome/83.0.4103.97 Safari/537.36"
177.234.144.114 - - [19/Jul/2022:04:31:46 -0300] "GET / HTTP/1.1" 301 162 "-" "Go-http-client/1.1"
54.189.200.70 - - [19/Jul/2022:04:55:31 -0300] "GET / HTTP/1.1" 301 162 "-" "Mozilla/5.0 (Windows NT 10.0; Win64; x64)AppleWebKit/537.36 (KHTML, like Gecko) Chrome/66.0.3359.181 Safari/537.36"
177.234.144.114 - - [19/Jul/2022:05:01:46 -0300] "GET / HTTP/1.1" 301 162 "-" "Go-http-client/1.1"
177.234.144.114 - - [19/Jul/2022:05:31:42 -0300] "GET / HTTP/1.1" 301 162 "-" "Go-http-client/1.1"
177.234.144.114 - - [19/Jul/2022:06:01:44 -0300] "GET / HTTP/1.1" 301 162 "-" "Go-http-client/1.1"
177.234.144.114 - - [19/Jul/2022:06:31:40 -0300] "GET / HTTP/1.1" 301 162 "-" "Go-http-client/1.1"
177.234.144.114 - - [19/Jul/2022:07:01:42 -0300] "GET / HTTP/1.1" 301 162 "-" "Go-http-client/1.1"
177.234.144.114 - - [19/Jul/2022:07:31:38 -0300] "GET / HTTP/1.1" 301 162 "-" "Go-http-client/1.1"
177.234.144.114 - - [19/Jul/2022:08:01:46 -0300] "GET / HTTP/1.1" 301 162 "-" "Go-http-client/1.1"
177.234.144.114 - - [19/Jul/2022:08:31:43 -0300] "GET / HTTP/1.1" 301 162 "-" "Go-http-client/1.1"
177.234.144.114 - - [19/Jul/2022:09:01:43 -0300] "GET / HTTP/1.1" 301 162 "-" "Go-http-client/1.1"
177.234.144.114 - - [19/Jul/2022:09:31:41 -0300] "GET / HTTP/1.1" 301 162 "-" "Go-http-client/1.1"
35.206.153.39 - - [19/Jul/2022:09:52:20 -0300] "GET / HTTP/1.1" 301 162 "-" "Mozilla/5.0 (Windows NT 10.0; Win64; x64) AppleWebKit/537.36 (KHTML, like Gecko; compatible; BW/1.1; bit.ly/2W6Px8S; 985ee78e47) Chrome/84.0.4147.105 Safari/537.36"
35.206.153.39 - - [19/Jul/2022:09:52:23 -0300] "GET /robots.txt HTTP/1.1" 301 162 "-" "Mozilla/5.0 (Windows NT 10.0; Win64; x64) AppleWebKit/537.36 (KHTML, like Gecko; compatible; BW/1.1; bit.ly/2W6Px8S; 985ee78e47) Chrome/84.0.4147.105 Safari/537.36"
177.234.144.114 - - [19/Jul/2022:10:01:44 -0300] "GET / HTTP/1.1" 301 162 "-" "Go-http-client/1.1"
177.234.144.114 - - [19/Jul/2022:10:31:44 -0300] "GET / HTTP/1.1" 301 162 "-" "Go-http-client/1.1"
177.234.144.114 - - [19/Jul/2022:11:01:48 -0300] "GET / HTTP/1.1" 301 162 "-" "Go-http-client/1.1"
177.234.144.114 - - [19/Jul/2022:11:31:42 -0300] "GET / HTTP/1.1" 301 162 "-" "Go-http-client/1.1"
177.234.144.114 - - [19/Jul/2022:12:02:03 -0300] "GET / HTTP/1.1" 301 162 "-" "Go-http-client/1.1"
177.234.144.114 - - [19/Jul/2022:12:31:49 -0300] "GET / HTTP/1.1" 301 162 "-" "Go-http-client/1.1"
177.234.144.114 - - [19/Jul/2022:13:01:46 -0300] "GET / HTTP/1.1" 301 162 "-" "Go-http-client/1.1"
177.234.144.114 - - [19/Jul/2022:13:31:47 -0300] "GET / HTTP/1.1" 301 162 "-" "Go-http-client/1.1"
177.234.144.114 - - [19/Jul/2022:14:01:50 -0300] "GET / HTTP/1.1" 301 162 "-" "Go-http-client/1.1"
109.239.58.107 - - [19/Jul/2022:14:29:03 -0300] "GET / HTTP/1.1" 301 162 "-" "Mozilla/5.0 (Windows NT 10.0; Win64; x64) AppleWebKit/537.36 (KHTML, like Gecko) Chrome/91.0.4472.114 Safari/537.36 Edg/91.0.864.54"
177.234.144.114 - - [19/Jul/2022:14:31:44 -0300] "GET / HTTP/1.1" 301 162 "-" "Go-http-client/1.1"
186.202.173.147 - - [19/Jul/2022:14:53:00 -0300] "GET / HTTP/1.1" 301 162 "-" "Mozilla/5.0 (compatible; MSIE 9.0; Windows NT 6.1; WOW64; Trident/5.0)"
177.234.144.114 - - [19/Jul/2022:15:01:44 -0300] "GET / HTTP/1.1" 301 162 "-" "Go-http-client/1.1"
177.234.144.114 - - [19/Jul/2022:15:31:45 -0300] "GET / HTTP/1.1" 301 162 "-" "Go-http-client/1.1"
177.234.144.114 - - [19/Jul/2022:16:01:50 -0300] "GET / HTTP/1.1" 301 162 "-" "Go-http-client/1.1"
177.234.144.114 - - [19/Jul/2022:16:31:45 -0300] "GET / HTTP/1.1" 301 162 "-" "Go-http-client/1.1"
177.234.144.114 - - [19/Jul/2022:17:01:50 -0300] "GET / HTTP/1.1" 301 162 "-" "Go-http-client/1.1"
177.234.144.114 - - [19/Jul/2022:17:31:43 -0300] "GET / HTTP/1.1" 301 162 "-" "Go-http-client/1.1"
177.234.144.114 - - [19/Jul/2022:18:01:42 -0300] "GET / HTTP/1.1" 301 162 "-" "Go-http-client/1.1"
177.234.144.114 - - [19/Jul/2022:18:31:49 -0300] "GET / HTTP/1.1" 301 162 "-" "Go-http-client/1.1"
177.234.144.114 - - [19/Jul/2022:19:01:41 -0300] "GET / HTTP/1.1" 301 162 "-" "Go-http-client/1.1"
177.234.144.114 - - [19/Jul/2022:19:31:40 -0300] "GET / HTTP/1.1" 301 162 "-" "Go-http-client/1.1"
177.234.144.114 - - [19/Jul/2022:20:01:47 -0300] "GET / HTTP/1.1" 301 162 "-" "Go-http-client/1.1"
177.234.144.114 - - [19/Jul/2022:20:31:45 -0300] "GET / HTTP/1.1" 301 162 "-" "Go-http-client/1.1"
177.234.144.114 - - [19/Jul/2022:21:01:44 -0300] "GET / HTTP/1.1" 301 162 "-" "Go-http-client/1.1"
177.234.144.114 - - [19/Jul/2022:21:31:44 -0300] "GET / HTTP/1.1" 301 162 "-" "Go-http-client/1.1"
177.234.144.114 - - [19/Jul/2022:22:01:41 -0300] "GET / HTTP/1.1" 301 162 "-" "Go-http-client/1.1"
177.234.144.114 - - [19/Jul/2022:22:31:47 -0300] "GET / HTTP/1.1" 301 162 "-" "Go-http-client/1.1"
177.234.144.114 - - [19/Jul/2022:23:02:19 -0300] "GET / HTTP/1.1" 301 162 "-" "Go-http-client/1.1"
177.234.144.114 - - [19/Jul/2022:23:31:46 -0300] "GET / HTTP/1.1" 301 162 "-" "Go-http-client/1.1"
177.234.144.114 - - [20/Jul/2022:00:01:46 -0300] "GET / HTTP/1.1" 301 162 "-" "Go-http-client/1.1"
177.234.144.114 - - [20/Jul/2022:00:31:44 -0300] "GET / HTTP/1.1" 301 162 "-" "Go-http-client/1.1"
177.234.144.114 - - [20/Jul/2022:01:02:06 -0300] "GET / HTTP/1.1" 301 162 "-" "Go-http-client/1.1"
177.234.144.114 - - [20/Jul/2022:01:31:55 -0300] "GET / HTTP/1.1" 301 162 "-" "Go-http-client/1.1"
177.234.144.114 - - [20/Jul/2022:02:02:13 -0300] "GET / HTTP/1.1" 301 162 "-" "Go-http-client/1.1"
177.234.144.114 - - [20/Jul/2022:02:31:40 -0300] "GET / HTTP/1.1" 301 162 "-" "Go-http-client/1.1"
177.234.144.114 - - [20/Jul/2022:03:01:46 -0300] "GET / HTTP/1.1" 301 162 "-" "Go-http-client/1.1"
177.234.144.114 - - [20/Jul/2022:03:31:42 -0300] "GET / HTTP/1.1" 301 162 "-" "Go-http-client/1.1"
177.234.144.114 - - [20/Jul/2022:04:01:44 -0300] "GET / HTTP/1.1" 301 162 "-" "Go-http-client/1.1"
104.28.210.52 - - [20/Jul/2022:04:10:16 -0300] "GET / HTTP/1.1" 301 162 "-" "Mozilla/5.0 (Macintosh; Intel Mac OS X 10_15_7) AppleWebKit/537.36 (KHTML, like Gecko) Chrome/96.0.4664.110 Safari/537.36"
104.28.210.52 - - [20/Jul/2022:04:10:18 -0300] "GET /favicon.ico HTTP/1.1" 301 162 "-" "Mozilla/5.0 (Macintosh; Intel Mac OS X 10_15_7) AppleWebKit/537.36 (KHTML, like Gecko) Chrome/96.0.4664.110 Safari/537.36"
34.220.89.93 - - [20/Jul/2022:04:24:51 -0300] "GET / HTTP/1.1" 301 162 "-" "Mozilla/5.0 (X11; Linux x86_64) AppleWebKit/537.36 (KHTML, like Gecko) Chrome/83.0.4103.97 Safari/537.36"
35.87.9.24 - - [20/Jul/2022:04:25:09 -0300] "GET /favicon.ico HTTP/1.1" 301 162 "-" "Mozilla/5.0 (X11; Linux x86_64) AppleWebKit/537.36 (KHTML, like Gecko) Chrome/83.0.4103.97 Safari/537.36"
35.87.9.24 - - [20/Jul/2022:04:25:13 -0300] "GET / HTTP/1.1" 301 162 "-" "Mozilla/5.0 (X11; Linux x86_64) AppleWebKit/537.36 (KHTML, like Gecko) Chrome/83.0.4103.97 Safari/537.36"
177.234.144.114 - - [20/Jul/2022:04:31:42 -0300] "GET / HTTP/1.1" 301 162 "-" "Go-http-client/1.1"
54.149.234.55 - - [20/Jul/2022:04:50:31 -0300] "GET / HTTP/1.1" 301 162 "-" "Mozilla/5.0 (Windows NT 10.0; Win64; x64)AppleWebKit/537.36 (KHTML, like Gecko) Chrome/66.0.3359.181 Safari/537.36"
177.234.144.114 - - [20/Jul/2022:05:01:48 -0300] "GET / HTTP/1.1" 301 162 "-" "Go-http-client/1.1"
34.83.181.22 - - [20/Jul/2022:05:23:29 -0300] "GET /.env HTTP/1.1" 301 162 "-" "Mozilla/5.0 (X11; Linux x86_64) AppleWebKit/537.36 (KHTML, like Gecko) Chrome/81.0.4044.129 Safari/537.36"
34.83.181.22 - - [20/Jul/2022:05:23:33 -0300] "POST / HTTP/1.1" 301 162 "-" "Mozilla/5.0 (X11; Linux x86_64) AppleWebKit/537.36 (KHTML, like Gecko) Chrome/81.0.4044.129 Safari/537.36"
177.234.144.114 - - [20/Jul/2022:05:31:46 -0300] "GET / HTTP/1.1" 301 162 "-" "Go-http-client/1.1"
177.234.144.114 - - [20/Jul/2022:06:01:50 -0300] "GET / HTTP/1.1" 301 162 "-" "Go-http-client/1.1"
177.234.144.114 - - [20/Jul/2022:06:31:42 -0300] "GET / HTTP/1.1" 301 162 "-" "Go-http-client/1.1"
177.234.144.114 - - [20/Jul/2022:07:01:39 -0300] "GET / HTTP/1.1" 301 162 "-" "Go-http-client/1.1"
177.234.144.114 - - [20/Jul/2022:07:31:48 -0300] "GET / HTTP/1.1" 301 162 "-" "Go-http-client/1.1"
177.234.144.114 - - [20/Jul/2022:08:01:46 -0300] "GET / HTTP/1.1" 301 162 "-" "Go-http-client/1.1"
177.234.144.114 - - [20/Jul/2022:08:31:50 -0300] "GET / HTTP/1.1" 301 162 "-" "Go-http-client/1.1"
177.234.144.114 - - [20/Jul/2022:09:01:51 -0300] "GET / HTTP/1.1" 301 162 "-" "Go-http-client/1.1"
177.234.144.114 - - [20/Jul/2022:09:31:44 -0300] "GET / HTTP/1.1" 301 162 "-" "Go-http-client/1.1"
177.234.144.114 - - [20/Jul/2022:10:01:45 -0300] "GET / HTTP/1.1" 301 162 "-" "Go-http-client/1.1"
177.234.144.114 - - [20/Jul/2022:10:31:50 -0300] "GET / HTTP/1.1" 301 162 "-" "Go-http-client/1.1"
177.234.144.114 - - [20/Jul/2022:11:01:51 -0300] "GET / HTTP/1.1" 301 162 "-" "Go-http-client/1.1"
177.234.144.114 - - [20/Jul/2022:11:31:48 -0300] "GET / HTTP/1.1" 301 162 "-" "Go-http-client/1.1"
177.234.144.114 - - [20/Jul/2022:12:02:26 -0300] "GET / HTTP/1.1" 301 162 "-" "Go-http-client/1.1"
177.234.144.114 - - [20/Jul/2022:12:31:51 -0300] "GET / HTTP/1.1" 301 162 "-" "Go-http-client/1.1"
177.234.144.114 - - [20/Jul/2022:13:01:53 -0300] "GET / HTTP/1.1" 301 162 "-" "Go-http-client/1.1"
177.234.144.114 - - [20/Jul/2022:13:31:58 -0300] "GET / HTTP/1.1" 301 162 "-" "Go-http-client/1.1"
177.234.144.114 - - [20/Jul/2022:14:01:53 -0300] "GET / HTTP/1.1" 301 162 "-" "Go-http-client/1.1"
177.234.144.114 - - [20/Jul/2022:14:31:45 -0300] "GET / HTTP/1.1" 301 162 "-" "Go-http-client/1.1"
177.234.144.114 - - [20/Jul/2022:15:02:07 -0300] "GET / HTTP/1.1" 301 162 "-" "Go-http-client/1.1"
186.202.173.147 - - [20/Jul/2022:15:03:25 -0300] "GET / HTTP/1.1" 301 162 "-" "Mozilla/5.0 (compatible; MSIE 9.0; Windows NT 6.1; WOW64; Trident/5.0)"
177.234.144.114 - - [20/Jul/2022:15:31:47 -0300] "GET / HTTP/1.1" 301 162 "-" "Go-http-client/1.1"
177.234.144.114 - - [20/Jul/2022:16:01:48 -0300] "GET / HTTP/1.1" 301 162 "-" "Go-http-client/1.1"
177.234.144.114 - - [20/Jul/2022:16:31:50 -0300] "GET / HTTP/1.1" 301 162 "-" "Go-http-client/1.1"
177.234.144.114 - - [20/Jul/2022:17:01:46 -0300] "GET / HTTP/1.1" 301 162 "-" "Go-http-client/1.1"
177.234.144.114 - - [20/Jul/2022:17:31:46 -0300] "GET / HTTP/1.1" 301 162 "-" "Go-http-client/1.1"
177.234.144.114 - - [20/Jul/2022:18:01:45 -0300] "GET / HTTP/1.1" 301 162 "-" "Go-http-client/1.1"
186.202.163.106 - - [20/Jul/2022:18:11:44 -0300] "GET / HTTP/1.1" 301 162 "-" "Mozilla/5.0 (X11; Linux x86_64) AppleWebKit/537.36 (KHTML, like Gecko) Chrome/51.0.2704.103 Safari/537.36"
177.234.144.114 - - [20/Jul/2022:18:31:43 -0300] "GET / HTTP/1.1" 301 162 "-" "Go-http-client/1.1"
186.202.163.106 - - [20/Jul/2022:18:42:32 -0300] "GET /admin HTTP/1.1" 301 162 "-" "Mozilla/5.0 (X11; Linux x86_64) AppleWebKit/537.36 (KHTML, like Gecko) Chrome/51.0.2704.103 Safari/537.36"
177.234.144.114 - - [20/Jul/2022:19:01:46 -0300] "GET / HTTP/1.1" 301 162 "-" "Go-http-client/1.1"
177.234.144.114 - - [20/Jul/2022:19:31:47 -0300] "GET / HTTP/1.1" 301 162 "-" "Go-http-client/1.1"
177.234.144.114 - - [20/Jul/2022:20:01:48 -0300] "GET / HTTP/1.1" 301 162 "-" "Go-http-client/1.1"
177.234.144.114 - - [20/Jul/2022:20:31:43 -0300] "GET / HTTP/1.1" 301 162 "-" "Go-http-client/1.1"
177.234.144.114 - - [20/Jul/2022:21:01:49 -0300] "GET / HTTP/1.1" 301 162 "-" "Go-http-client/1.1"
177.234.144.114 - - [20/Jul/2022:21:31:44 -0300] "GET / HTTP/1.1" 301 162 "-" "Go-http-client/1.1"
177.234.144.114 - - [20/Jul/2022:22:01:44 -0300] "GET / HTTP/1.1" 301 162 "-" "Go-http-client/1.1"
177.234.144.114 - - [20/Jul/2022:22:31:37 -0300] "GET / HTTP/1.1" 301 162 "-" "Go-http-client/1.1"
177.234.144.114 - - [20/Jul/2022:23:02:25 -0300] "GET / HTTP/1.1" 301 162 "-" "Go-http-client/1.1"
177.234.144.114 - - [20/Jul/2022:23:31:41 -0300] "GET / HTTP/1.1" 301 162 "-" "Go-http-client/1.1"
177.234.144.114 - - [21/Jul/2022:00:01:46 -0300] "GET / HTTP/1.1" 301 162 "-" "Go-http-client/1.1"
177.234.144.114 - - [21/Jul/2022:00:31:41 -0300] "GET / HTTP/1.1" 301 162 "-" "Go-http-client/1.1"
177.234.144.114 - - [21/Jul/2022:01:01:57 -0300] "GET / HTTP/1.1" 301 162 "-" "Go-http-client/1.1"
177.234.144.114 - - [21/Jul/2022:01:31:40 -0300] "GET / HTTP/1.1" 301 162 "-" "Go-http-client/1.1"
177.234.144.114 - - [21/Jul/2022:02:01:42 -0300] "GET / HTTP/1.1" 301 162 "-" "Go-http-client/1.1"
177.234.144.114 - - [21/Jul/2022:02:31:39 -0300] "GET / HTTP/1.1" 301 162 "-" "Go-http-client/1.1"
177.234.144.114 - - [21/Jul/2022:03:01:42 -0300] "GET / HTTP/1.1" 301 162 "-" "Go-http-client/1.1"
177.234.144.114 - - [21/Jul/2022:03:31:39 -0300] "GET / HTTP/1.1" 301 162 "-" "Go-http-client/1.1"
177.234.144.114 - - [21/Jul/2022:04:01:40 -0300] "GET / HTTP/1.1" 301 162 "-" "Go-http-client/1.1"
177.234.144.114 - - [21/Jul/2022:04:31:49 -0300] "GET / HTTP/1.1" 301 162 "-" "Go-http-client/1.1"
35.91.85.38 - - [21/Jul/2022:04:38:53 -0300] "GET / HTTP/1.1" 301 162 "-" "Mozilla/5.0 (X11; Linux x86_64) AppleWebKit/537.36 (KHTML, like Gecko) Chrome/83.0.4103.97 Safari/537.36"
52.25.226.26 - - [21/Jul/2022:04:39:10 -0300] "GET /favicon.ico HTTP/1.1" 301 162 "-" "Mozilla/5.0 (X11; Linux x86_64) AppleWebKit/537.36 (KHTML, like Gecko) Chrome/83.0.4103.97 Safari/537.36"
52.25.226.26 - - [21/Jul/2022:04:39:14 -0300] "GET / HTTP/1.1" 301 162 "-" "Mozilla/5.0 (X11; Linux x86_64) AppleWebKit/537.36 (KHTML, like Gecko) Chrome/83.0.4103.97 Safari/537.36"
52.25.102.171 - - [21/Jul/2022:04:53:01 -0300] "GET / HTTP/1.1" 301 162 "-" "Mozilla/5.0 (Windows NT 10.0; Win64; x64)AppleWebKit/537.36 (KHTML, like Gecko) Chrome/66.0.3359.181 Safari/537.36"
177.234.144.114 - - [21/Jul/2022:05:01:45 -0300] "GET / HTTP/1.1" 301 162 "-" "Go-http-client/1.1"
177.234.144.114 - - [21/Jul/2022:05:31:42 -0300] "GET / HTTP/1.1" 301 162 "-" "Go-http-client/1.1"
177.234.144.114 - - [21/Jul/2022:06:01:44 -0300] "GET / HTTP/1.1" 301 162 "-" "Go-http-client/1.1"
177.234.144.114 - - [21/Jul/2022:06:31:39 -0300] "GET / HTTP/1.1" 301 162 "-" "Go-http-client/1.1"
177.234.144.114 - - [21/Jul/2022:07:01:43 -0300] "GET / HTTP/1.1" 301 162 "-" "Go-http-client/1.1"
177.234.144.114 - - [21/Jul/2022:07:31:40 -0300] "GET / HTTP/1.1" 301 162 "-" "Go-http-client/1.1"
177.234.144.114 - - [21/Jul/2022:08:01:44 -0300] "GET / HTTP/1.1" 301 162 "-" "Go-http-client/1.1"
177.234.144.114 - - [21/Jul/2022:08:31:50 -0300] "GET / HTTP/1.1" 301 162 "-" "Go-http-client/1.1"
177.234.144.114 - - [21/Jul/2022:09:01:44 -0300] "GET / HTTP/1.1" 301 162 "-" "Go-http-client/1.1"
177.234.144.114 - - [21/Jul/2022:09:31:42 -0300] "GET / HTTP/1.1" 301 162 "-" "Go-http-client/1.1"
177.234.144.114 - - [21/Jul/2022:10:01:48 -0300] "GET / HTTP/1.1" 301 162 "-" "Go-http-client/1.1"
66.249.70.105 - - [21/Jul/2022:10:13:39 -0300] "GET /robots.txt HTTP/1.1" 301 162 "-" "Mozilla/5.0 (compatible; Googlebot/2.1; +http://www.google.com/bot.html)"
66.249.70.105 - - [21/Jul/2022:10:13:40 -0300] "GET / HTTP/1.1" 301 162 "-" "Mozilla/5.0 (Linux; Android 6.0.1; Nexus 5X Build/MMB29P) AppleWebKit/537.36 (KHTML, like Gecko) Chrome/103.0.5060.114 Mobile Safari/537.36 (compatible; Googlebot/2.1; +http://www.google.com/bot.html)"
177.234.144.114 - - [21/Jul/2022:10:31:43 -0300] "GET / HTTP/1.1" 301 162 "-" "Go-http-client/1.1"
177.234.144.114 - - [21/Jul/2022:11:01:47 -0300] "GET / HTTP/1.1" 301 162 "-" "Go-http-client/1.1"
177.234.144.114 - - [21/Jul/2022:11:31:40 -0300] "GET / HTTP/1.1" 301 162 "-" "Go-http-client/1.1"
177.234.144.114 - - [21/Jul/2022:12:01:58 -0300] "GET / HTTP/1.1" 301 162 "-" "Go-http-client/1.1"
177.234.144.114 - - [21/Jul/2022:12:31:43 -0300] "GET / HTTP/1.1" 301 162 "-" "Go-http-client/1.1"
177.234.144.114 - - [21/Jul/2022:13:01:42 -0300] "GET / HTTP/1.1" 301 162 "-" "Go-http-client/1.1"
177.234.144.114 - - [21/Jul/2022:13:31:43 -0300] "GET / HTTP/1.1" 301 162 "-" "Go-http-client/1.1"
177.234.144.114 - - [21/Jul/2022:14:01:44 -0300] "GET / HTTP/1.1" 301 162 "-" "Go-http-client/1.1"
177.234.144.114 - - [21/Jul/2022:14:31:38 -0300] "GET / HTTP/1.1" 301 162 "-" "Go-http-client/1.1"
186.202.173.147 - - [21/Jul/2022:14:53:53 -0300] "GET / HTTP/1.1" 301 162 "-" "Mozilla/5.0 (compatible; MSIE 9.0; Windows NT 6.1; WOW64; Trident/5.0)"
177.234.144.114 - - [21/Jul/2022:15:01:45 -0300] "GET / HTTP/1.1" 301 162 "-" "Go-http-client/1.1"
177.234.144.114 - - [21/Jul/2022:15:35:18 -0300] "GET / HTTP/1.1" 301 162 "-" "Go-http-client/1.1"
177.234.144.114 - - [21/Jul/2022:16:01:46 -0300] "GET / HTTP/1.1" 301 162 "-" "Go-http-client/1.1"
177.234.144.114 - - [21/Jul/2022:16:31:42 -0300] "GET / HTTP/1.1" 301 162 "-" "Go-http-client/1.1"
177.234.144.114 - - [21/Jul/2022:17:01:44 -0300] "GET / HTTP/1.1" 301 162 "-" "Go-http-client/1.1"
177.234.144.114 - - [21/Jul/2022:17:31:40 -0300] "GET / HTTP/1.1" 301 162 "-" "Go-http-client/1.1"
177.234.144.114 - - [21/Jul/2022:18:01:46 -0300] "GET / HTTP/1.1" 301 162 "-" "Go-http-client/1.1"
177.234.144.114 - - [21/Jul/2022:18:31:41 -0300] "GET / HTTP/1.1" 301 162 "-" "Go-http-client/1.1"
177.234.144.114 - - [21/Jul/2022:19:01:39 -0300] "GET / HTTP/1.1" 301 162 "-" "Go-http-client/1.1"
177.234.144.114 - - [21/Jul/2022:19:31:38 -0300] "GET / HTTP/1.1" 301 162 "-" "Go-http-client/1.1"
177.234.144.114 - - [21/Jul/2022:20:01:40 -0300] "GET / HTTP/1.1" 301 162 "-" "Go-http-client/1.1"
177.234.144.114 - - [21/Jul/2022:20:31:38 -0300] "GET / HTTP/1.1" 301 162 "-" "Go-http-client/1.1"
177.234.144.114 - - [21/Jul/2022:21:01:42 -0300] "GET / HTTP/1.1" 301 162 "-" "Go-http-client/1.1"
177.234.144.114 - - [21/Jul/2022:21:31:40 -0300] "GET / HTTP/1.1" 301 162 "-" "Go-http-client/1.1"
177.234.144.114 - - [21/Jul/2022:22:01:42 -0300] "GET / HTTP/1.1" 301 162 "-" "Go-http-client/1.1"
177.234.144.114 - - [21/Jul/2022:22:31:43 -0300] "GET / HTTP/1.1" 301 162 "-" "Go-http-client/1.1"
177.234.144.114 - - [21/Jul/2022:23:02:24 -0300] "GET / HTTP/1.1" 301 162 "-" "Go-http-client/1.1"
177.234.144.114 - - [21/Jul/2022:23:31:43 -0300] "GET / HTTP/1.1" 301 162 "-" "Go-http-client/1.1"
177.234.144.114 - - [22/Jul/2022:00:02:07 -0300] "GET / HTTP/1.1" 301 162 "-" "Go-http-client/1.1"
177.234.144.114 - - [22/Jul/2022:00:31:44 -0300] "GET / HTTP/1.1" 301 162 "-" "Go-http-client/1.1"
177.234.144.114 - - [22/Jul/2022:01:01:56 -0300] "GET / HTTP/1.1" 301 162 "-" "Go-http-client/1.1"
177.234.144.114 - - [22/Jul/2022:01:31:42 -0300] "GET / HTTP/1.1" 301 162 "-" "Go-http-client/1.1"
177.234.144.114 - - [22/Jul/2022:02:01:41 -0300] "GET / HTTP/1.1" 301 162 "-" "Go-http-client/1.1"
177.234.144.114 - - [22/Jul/2022:02:31:40 -0300] "GET / HTTP/1.1" 301 162 "-" "Go-http-client/1.1"
177.234.144.114 - - [22/Jul/2022:03:01:43 -0300] "GET / HTTP/1.1" 301 162 "-" "Go-http-client/1.1"
177.234.144.114 - - [22/Jul/2022:03:31:46 -0300] "GET / HTTP/1.1" 301 162 "-" "Go-http-client/1.1"
177.234.144.114 - - [22/Jul/2022:04:01:41 -0300] "GET / HTTP/1.1" 301 162 "-" "Go-http-client/1.1"
54.190.76.208 - - [22/Jul/2022:04:13:12 -0300] "GET / HTTP/1.1" 301 162 "-" "Mozilla/5.0 (X11; Linux x86_64) AppleWebKit/537.36 (KHTML, like Gecko) Chrome/83.0.4103.97 Safari/537.36"
54.190.17.27 - - [22/Jul/2022:04:14:23 -0300] "GET /favicon.ico HTTP/1.1" 301 162 "-" "Mozilla/5.0 (X11; Linux x86_64) AppleWebKit/537.36 (KHTML, like Gecko) Chrome/83.0.4103.97 Safari/537.36"
54.190.17.27 - - [22/Jul/2022:04:14:25 -0300] "GET / HTTP/1.1" 301 162 "-" "Mozilla/5.0 (X11; Linux x86_64) AppleWebKit/537.36 (KHTML, like Gecko) Chrome/83.0.4103.97 Safari/537.36"
35.165.168.70 - - [22/Jul/2022:04:17:11 -0300] "GET / HTTP/1.1" 301 162 "-" "Mozilla/5.0 (X11; Linux x86_64) AppleWebKit/537.36 (KHTML, like Gecko) Chrome/83.0.4103.97 Safari/537.36"
34.209.137.170 - - [22/Jul/2022:04:17:39 -0300] "GET /favicon.ico HTTP/1.1" 301 162 "-" "Mozilla/5.0 (X11; Linux x86_64) AppleWebKit/537.36 (KHTML, like Gecko) Chrome/83.0.4103.97 Safari/537.36"
34.209.137.170 - - [22/Jul/2022:04:17:43 -0300] "GET / HTTP/1.1" 301 162 "-" "Mozilla/5.0 (X11; Linux x86_64) AppleWebKit/537.36 (KHTML, like Gecko) Chrome/83.0.4103.97 Safari/537.36"
34.219.81.154 - - [22/Jul/2022:04:19:27 -0300] "GET / HTTP/1.1" 301 162 "-" "Mozilla/5.0 (Windows NT 10.0; Win64; x64)AppleWebKit/537.36 (KHTML, like Gecko) Chrome/66.0.3359.181 Safari/537.36"
177.234.144.114 - - [22/Jul/2022:04:31:44 -0300] "GET / HTTP/1.1" 301 162 "-" "Go-http-client/1.1"
177.234.144.114 - - [22/Jul/2022:05:01:45 -0300] "GET / HTTP/1.1" 301 162 "-" "Go-http-client/1.1"
177.234.144.114 - - [22/Jul/2022:05:31:39 -0300] "GET / HTTP/1.1" 301 162 "-" "Go-http-client/1.1"
177.234.144.114 - - [22/Jul/2022:06:01:41 -0300] "GET / HTTP/1.1" 301 162 "-" "Go-http-client/1.1"
177.234.144.114 - - [22/Jul/2022:06:31:44 -0300] "GET / HTTP/1.1" 301 162 "-" "Go-http-client/1.1"
177.234.144.114 - - [22/Jul/2022:07:01:42 -0300] "GET / HTTP/1.1" 301 162 "-" "Go-http-client/1.1"
177.234.144.114 - - [22/Jul/2022:07:31:46 -0300] "GET / HTTP/1.1" 301 162 "-" "Go-http-client/1.1"
177.234.144.114 - - [22/Jul/2022:08:01:36 -0300] "GET / HTTP/1.1" 301 162 "-" "Go-http-client/1.1"
177.234.144.114 - - [22/Jul/2022:08:31:41 -0300] "GET / HTTP/1.1" 301 162 "-" "Go-http-client/1.1"
177.234.144.114 - - [22/Jul/2022:09:01:39 -0300] "GET / HTTP/1.1" 301 162 "-" "Go-http-client/1.1"
177.234.144.114 - - [22/Jul/2022:09:31:40 -0300] "GET / HTTP/1.1" 301 162 "-" "Go-http-client/1.1"
177.234.144.114 - - [22/Jul/2022:10:01:45 -0300] "GET / HTTP/1.1" 301 162 "-" "Go-http-client/1.1"
177.234.144.114 - - [22/Jul/2022:10:31:42 -0300] "GET / HTTP/1.1" 301 162 "-" "Go-http-client/1.1"
185.39.144.147 - - [22/Jul/2022:10:53:11 -0300] "GET / HTTP/1.1" 301 162 "-" "Mozilla/5.0 (Macintosh; Intel Mac OS X 10_9_2)"
177.234.144.114 - - [22/Jul/2022:11:01:50 -0300] "GET / HTTP/1.1" 301 162 "-" "Go-http-client/1.1"
177.234.144.114 - - [22/Jul/2022:11:31:43 -0300] "GET / HTTP/1.1" 301 162 "-" "Go-http-client/1.1"
177.234.144.114 - - [22/Jul/2022:12:01:44 -0300] "GET / HTTP/1.1" 301 162 "-" "Go-http-client/1.1"
177.234.144.114 - - [22/Jul/2022:12:31:40 -0300] "GET / HTTP/1.1" 301 162 "-" "Go-http-client/1.1"
177.234.144.114 - - [22/Jul/2022:13:01:44 -0300] "GET / HTTP/1.1" 301 162 "-" "Go-http-client/1.1"
177.234.144.114 - - [22/Jul/2022:13:31:43 -0300] "GET / HTTP/1.1" 301 162 "-" "Go-http-client/1.1"
177.234.144.114 - - [22/Jul/2022:14:01:49 -0300] "GET / HTTP/1.1" 301 162 "-" "Go-http-client/1.1"
177.234.144.114 - - [22/Jul/2022:14:31:41 -0300] "GET / HTTP/1.1" 301 162 "-" "Go-http-client/1.1"
177.234.144.114 - - [22/Jul/2022:15:01:47 -0300] "GET / HTTP/1.1" 301 162 "-" "Go-http-client/1.1"
177.234.144.114 - - [22/Jul/2022:15:31:42 -0300] "GET / HTTP/1.1" 301 162 "-" "Go-http-client/1.1"
177.234.144.114 - - [22/Jul/2022:16:01:48 -0300] "GET / HTTP/1.1" 301 162 "-" "Go-http-client/1.1"
186.202.173.147 - - [22/Jul/2022:16:07:28 -0300] "GET / HTTP/1.1" 301 162 "-" "Mozilla/5.0 (compatible; MSIE 9.0; Windows NT 6.1; WOW64; Trident/5.0)"
177.234.144.114 - - [22/Jul/2022:16:31:41 -0300] "GET / HTTP/1.1" 301 162 "-" "Go-http-client/1.1"
177.234.144.114 - - [22/Jul/2022:17:01:48 -0300] "GET / HTTP/1.1" 301 162 "-" "Go-http-client/1.1"
177.234.144.114 - - [22/Jul/2022:17:31:40 -0300] "GET / HTTP/1.1" 301 162 "-" "Go-http-client/1.1"
177.234.144.114 - - [22/Jul/2022:18:01:48 -0300] "GET / HTTP/1.1" 301 162 "-" "Go-http-client/1.1"
177.234.144.114 - - [22/Jul/2022:18:31:39 -0300] "GET / HTTP/1.1" 301 162 "-" "Go-http-client/1.1"
177.234.144.114 - - [22/Jul/2022:19:01:40 -0300] "GET / HTTP/1.1" 301 162 "-" "Go-http-client/1.1"
177.234.144.114 - - [22/Jul/2022:19:31:41 -0300] "GET / HTTP/1.1" 301 162 "-" "Go-http-client/1.1"
177.234.144.114 - - [22/Jul/2022:20:01:42 -0300] "GET / HTTP/1.1" 301 162 "-" "Go-http-client/1.1"
177.234.144.114 - - [22/Jul/2022:20:31:40 -0300] "GET / HTTP/1.1" 301 162 "-" "Go-http-client/1.1"
177.234.144.114 - - [22/Jul/2022:21:01:39 -0300] "GET / HTTP/1.1" 301 162 "-" "Go-http-client/1.1"
177.234.144.114 - - [22/Jul/2022:21:31:42 -0300] "GET / HTTP/1.1" 301 162 "-" "Go-http-client/1.1"
177.234.144.114 - - [22/Jul/2022:22:01:41 -0300] "GET / HTTP/1.1" 301 162 "-" "Go-http-client/1.1"
177.234.144.114 - - [22/Jul/2022:22:31:40 -0300] "GET / HTTP/1.1" 301 162 "-" "Go-http-client/1.1"
177.234.144.114 - - [22/Jul/2022:23:02:15 -0300] "GET / HTTP/1.1" 301 162 "-" "Go-http-client/1.1"
177.234.144.114 - - [22/Jul/2022:23:31:44 -0300] "GET / HTTP/1.1" 301 162 "-" "Go-http-client/1.1"
177.234.144.114 - - [23/Jul/2022:00:01:48 -0300] "GET / HTTP/1.1" 301 162 "-" "Go-http-client/1.1"
177.234.144.114 - - [23/Jul/2022:00:31:50 -0300] "GET / HTTP/1.1" 301 162 "-" "Go-http-client/1.1"
177.234.144.114 - - [23/Jul/2022:01:01:52 -0300] "GET / HTTP/1.1" 301 162 "-" "Go-http-client/1.1"
177.234.144.114 - - [23/Jul/2022:01:31:53 -0300] "GET / HTTP/1.1" 301 162 "-" "Go-http-client/1.1"
177.234.144.114 - - [23/Jul/2022:02:01:44 -0300] "GET / HTTP/1.1" 301 162 "-" "Go-http-client/1.1"
192.71.44.44 - - [23/Jul/2022:02:21:32 -0300] "GET /robots.txt HTTP/1.1" 301 162 "-" "Mozilla/5.0 (Macintosh; Intel Mac OS X 10_13_6) AppleWebKit/537.36 (KHTML, like Gecko) Chrome/91.0.4472.114 Safari/537.36"
192.71.30.89 - - [23/Jul/2022:02:21:34 -0300] "GET /humans.txt HTTP/1.1" 301 162 "-" "Mozilla/5.0 (Macintosh; Intel Mac OS X 10_13_6) AppleWebKit/537.36 (KHTML, like Gecko) Chrome/91.0.4472.114 Safari/537.36"
192.71.2.171 - - [23/Jul/2022:02:21:35 -0300] "GET /ads.txt HTTP/1.1" 301 162 "-" "Mozilla/5.0 (Macintosh; Intel Mac OS X 10_13_6) AppleWebKit/537.36 (KHTML, like Gecko) Chrome/91.0.4472.114 Safari/537.36"
192.71.12.140 - - [23/Jul/2022:02:21:37 -0300] "GET / HTTP/1.1" 301 162 "-" "Mozilla/5.0 (Macintosh; Intel Mac OS X 10_13_6) AppleWebKit/537.36 (KHTML, like Gecko) Chrome/91.0.4472.114 Safari/537.36"
177.234.144.114 - - [23/Jul/2022:02:31:40 -0300] "GET / HTTP/1.1" 301 162 "-" "Go-http-client/1.1"
177.234.144.114 - - [23/Jul/2022:03:01:43 -0300] "GET / HTTP/1.1" 301 162 "-" "Go-http-client/1.1"
177.234.144.114 - - [23/Jul/2022:03:31:42 -0300] "GET / HTTP/1.1" 301 162 "-" "Go-http-client/1.1"
177.234.144.114 - - [23/Jul/2022:04:01:47 -0300] "GET / HTTP/1.1" 301 162 "-" "Go-http-client/1.1"
177.234.144.114 - - [23/Jul/2022:04:31:41 -0300] "GET / HTTP/1.1" 301 162 "-" "Go-http-client/1.1"
35.91.197.29 - - [23/Jul/2022:04:36:01 -0300] "GET / HTTP/1.1" 301 162 "-" "Mozilla/5.0 (X11; Linux x86_64) AppleWebKit/537.36 (KHTML, like Gecko) Chrome/83.0.4103.97 Safari/537.36"
18.236.86.241 - - [23/Jul/2022:04:36:20 -0300] "GET /favicon.ico HTTP/1.1" 301 162 "-" "Mozilla/5.0 (X11; Linux x86_64) AppleWebKit/537.36 (KHTML, like Gecko) Chrome/83.0.4103.97 Safari/537.36"
18.236.86.241 - - [23/Jul/2022:04:36:23 -0300] "GET / HTTP/1.1" 301 162 "-" "Mozilla/5.0 (X11; Linux x86_64) AppleWebKit/537.36 (KHTML, like Gecko) Chrome/83.0.4103.97 Safari/537.36"
35.90.232.78 - - [23/Jul/2022:04:51:13 -0300] "GET / HTTP/1.1" 301 162 "-" "Mozilla/5.0 (Windows NT 10.0; Win64; x64)AppleWebKit/537.36 (KHTML, like Gecko) Chrome/66.0.3359.181 Safari/537.36"
177.234.144.114 - - [23/Jul/2022:05:01:47 -0300] "GET / HTTP/1.1" 301 162 "-" "Go-http-client/1.1"
177.234.144.114 - - [23/Jul/2022:05:31:43 -0300] "GET / HTTP/1.1" 301 162 "-" "Go-http-client/1.1"
177.234.144.114 - - [23/Jul/2022:06:01:46 -0300] "GET / HTTP/1.1" 301 162 "-" "Go-http-client/1.1"
177.234.144.114 - - [23/Jul/2022:06:31:46 -0300] "GET / HTTP/1.1" 301 162 "-" "Go-http-client/1.1"
177.234.144.114 - - [23/Jul/2022:07:01:44 -0300] "GET / HTTP/1.1" 301 162 "-" "Go-http-client/1.1"
177.234.144.114 - - [23/Jul/2022:07:31:45 -0300] "GET / HTTP/1.1" 301 162 "-" "Go-http-client/1.1"
177.234.144.114 - - [23/Jul/2022:08:01:43 -0300] "GET / HTTP/1.1" 301 162 "-" "Go-http-client/1.1"
177.234.144.114 - - [23/Jul/2022:08:31:44 -0300] "GET / HTTP/1.1" 301 162 "-" "Go-http-client/1.1"
177.234.144.114 - - [23/Jul/2022:09:01:47 -0300] "GET / HTTP/1.1" 301 162 "-" "Go-http-client/1.1"
177.234.144.114 - - [23/Jul/2022:09:31:40 -0300] "GET / HTTP/1.1" 301 162 "-" "Go-http-client/1.1"
177.234.144.114 - - [23/Jul/2022:10:01:44 -0300] "GET / HTTP/1.1" 301 162 "-" "Go-http-client/1.1"
177.234.144.114 - - [23/Jul/2022:10:31:40 -0300] "GET / HTTP/1.1" 301 162 "-" "Go-http-client/1.1"
177.234.144.114 - - [23/Jul/2022:11:01:46 -0300] "GET / HTTP/1.1" 301 162 "-" "Go-http-client/1.1"
177.234.144.114 - - [23/Jul/2022:11:31:41 -0300] "GET / HTTP/1.1" 301 162 "-" "Go-http-client/1.1"
177.234.144.114 - - [23/Jul/2022:12:31:40 -0300] "GET / HTTP/1.1" 301 162 "-" "Go-http-client/1.1"
177.234.144.114 - - [23/Jul/2022:13:01:42 -0300] "GET / HTTP/1.1" 301 162 "-" "Go-http-client/1.1"
177.234.144.114 - - [23/Jul/2022:13:31:41 -0300] "GET / HTTP/1.1" 301 162 "-" "Go-http-client/1.1"
177.234.144.114 - - [23/Jul/2022:14:01:42 -0300] "GET / HTTP/1.1" 301 162 "-" "Go-http-client/1.1"
177.234.144.114 - - [23/Jul/2022:14:31:39 -0300] "GET / HTTP/1.1" 301 162 "-" "Go-http-client/1.1"
186.202.173.147 - - [23/Jul/2022:14:40:40 -0300] "GET / HTTP/1.1" 301 162 "-" "Mozilla/5.0 (compatible; MSIE 9.0; Windows NT 6.1; WOW64; Trident/5.0)"
177.234.144.114 - - [23/Jul/2022:15:01:50 -0300] "GET / HTTP/1.1" 301 162 "-" "Go-http-client/1.1"
177.234.144.114 - - [23/Jul/2022:15:31:41 -0300] "GET / HTTP/1.1" 301 162 "-" "Go-http-client/1.1"
177.234.144.114 - - [23/Jul/2022:16:01:43 -0300] "GET / HTTP/1.1" 301 162 "-" "Go-http-client/1.1"
177.234.144.114 - - [23/Jul/2022:16:31:42 -0300] "GET / HTTP/1.1" 301 162 "-" "Go-http-client/1.1"
177.234.144.114 - - [23/Jul/2022:17:01:42 -0300] "GET / HTTP/1.1" 301 162 "-" "Go-http-client/1.1"
177.234.144.114 - - [23/Jul/2022:17:31:38 -0300] "GET / HTTP/1.1" 301 162 "-" "Go-http-client/1.1"
177.234.144.114 - - [23/Jul/2022:18:01:41 -0300] "GET / HTTP/1.1" 301 162 "-" "Go-http-client/1.1"
177.234.144.114 - - [23/Jul/2022:18:31:39 -0300] "GET / HTTP/1.1" 301 162 "-" "Go-http-client/1.1"
177.234.144.114 - - [23/Jul/2022:19:01:41 -0300] "GET / HTTP/1.1" 301 162 "-" "Go-http-client/1.1"
177.234.144.114 - - [23/Jul/2022:19:31:40 -0300] "GET / HTTP/1.1" 301 162 "-" "Go-http-client/1.1"
177.234.144.114 - - [23/Jul/2022:20:01:42 -0300] "GET / HTTP/1.1" 301 162 "-" "Go-http-client/1.1"
177.234.144.114 - - [23/Jul/2022:20:31:40 -0300] "GET / HTTP/1.1" 301 162 "-" "Go-http-client/1.1"
177.234.144.114 - - [23/Jul/2022:21:01:44 -0300] "GET / HTTP/1.1" 301 162 "-" "Go-http-client/1.1"
177.234.144.114 - - [23/Jul/2022:21:31:40 -0300] "GET / HTTP/1.1" 301 162 "-" "Go-http-client/1.1"
177.234.144.114 - - [23/Jul/2022:22:01:39 -0300] "GET / HTTP/1.1" 301 162 "-" "Go-http-client/1.1"
177.234.144.114 - - [23/Jul/2022:22:31:40 -0300] "GET / HTTP/1.1" 301 162 "-" "Go-http-client/1.1"
177.234.144.114 - - [23/Jul/2022:23:01:48 -0300] "GET / HTTP/1.1" 301 162 "-" "Go-http-client/1.1"
177.234.144.114 - - [23/Jul/2022:23:31:40 -0300] "GET / HTTP/1.1" 301 162 "-" "Go-http-client/1.1"
177.234.144.114 - - [24/Jul/2022:00:01:49 -0300] "GET / HTTP/1.1" 301 162 "-" "Go-http-client/1.1"
177.234.144.114 - - [24/Jul/2022:00:31:45 -0300] "GET / HTTP/1.1" 301 162 "-" "Go-http-client/1.1"
177.234.144.114 - - [24/Jul/2022:01:01:43 -0300] "GET / HTTP/1.1" 301 162 "-" "Go-http-client/1.1"
177.234.144.114 - - [24/Jul/2022:01:31:38 -0300] "GET / HTTP/1.1" 301 162 "-" "Go-http-client/1.1"
177.234.144.114 - - [24/Jul/2022:02:01:42 -0300] "GET / HTTP/1.1" 301 162 "-" "Go-http-client/1.1"
177.234.144.114 - - [24/Jul/2022:02:31:38 -0300] "GET / HTTP/1.1" 301 162 "-" "Go-http-client/1.1"
177.234.144.114 - - [24/Jul/2022:03:01:44 -0300] "GET / HTTP/1.1" 301 162 "-" "Go-http-client/1.1"
177.234.144.114 - - [24/Jul/2022:03:31:43 -0300] "GET / HTTP/1.1" 301 162 "-" "Go-http-client/1.1"
177.234.144.114 - - [24/Jul/2022:04:01:45 -0300] "GET / HTTP/1.1" 301 162 "-" "Go-http-client/1.1"
35.90.141.88 - - [24/Jul/2022:04:30:22 -0300] "GET / HTTP/1.1" 301 162 "-" "Mozilla/5.0 (Windows NT 10.0; Win64; x64)AppleWebKit/537.36 (KHTML, like Gecko) Chrome/66.0.3359.181 Safari/537.36"
177.234.144.114 - - [24/Jul/2022:04:31:46 -0300] "GET / HTTP/1.1" 301 162 "-" "Go-http-client/1.1"
52.26.174.109 - - [24/Jul/2022:04:53:51 -0300] "GET / HTTP/1.1" 301 162 "-" "Mozilla/5.0 (X11; Linux x86_64) AppleWebKit/537.36 (KHTML, like Gecko) Chrome/83.0.4103.97 Safari/537.36"
34.209.76.50 - - [24/Jul/2022:04:54:55 -0300] "GET / HTTP/1.1" 301 162 "-" "Mozilla/5.0 (X11; Linux x86_64) AppleWebKit/537.36 (KHTML, like Gecko) Chrome/83.0.4103.97 Safari/537.36"
18.237.194.24 - - [24/Jul/2022:04:55:29 -0300] "GET /favicon.ico HTTP/1.1" 301 162 "-" "Mozilla/5.0 (X11; Linux x86_64) AppleWebKit/537.36 (KHTML, like Gecko) Chrome/83.0.4103.97 Safari/537.36"
18.237.194.24 - - [24/Jul/2022:04:55:32 -0300] "GET / HTTP/1.1" 301 162 "-" "Mozilla/5.0 (X11; Linux x86_64) AppleWebKit/537.36 (KHTML, like Gecko) Chrome/83.0.4103.97 Safari/537.36"
18.237.194.24 - - [24/Jul/2022:04:56:03 -0300] "GET /favicon.ico HTTP/1.1" 301 162 "-" "Mozilla/5.0 (X11; Linux x86_64) AppleWebKit/537.36 (KHTML, like Gecko) Chrome/83.0.4103.97 Safari/537.36"
18.237.194.24 - - [24/Jul/2022:04:56:07 -0300] "GET / HTTP/1.1" 301 162 "-" "Mozilla/5.0 (X11; Linux x86_64) AppleWebKit/537.36 (KHTML, like Gecko) Chrome/83.0.4103.97 Safari/537.36"
177.234.144.114 - - [24/Jul/2022:05:01:44 -0300] "GET / HTTP/1.1" 301 162 "-" "Go-http-client/1.1"
177.234.144.114 - - [24/Jul/2022:05:31:38 -0300] "GET / HTTP/1.1" 301 162 "-" "Go-http-client/1.1"
35.80.30.54 - - [24/Jul/2022:05:59:36 -0300] "GET / HTTP/1.1" 301 162 "-" "Mozilla/5.0 (Macintosh; Intel Mac OS X 10_8_3) AppleWebKit/537.31 (KHTML, like Gecko) Chrome/26.0.1410.65 Safari/537.31"
177.234.144.114 - - [24/Jul/2022:06:01:41 -0300] "GET / HTTP/1.1" 301 162 "-" "Go-http-client/1.1"
177.234.144.114 - - [24/Jul/2022:06:31:41 -0300] "GET / HTTP/1.1" 301 162 "-" "Go-http-client/1.1"
177.234.144.114 - - [24/Jul/2022:07:01:42 -0300] "GET / HTTP/1.1" 301 162 "-" "Go-http-client/1.1"
177.234.144.114 - - [24/Jul/2022:07:31:41 -0300] "GET / HTTP/1.1" 301 162 "-" "Go-http-client/1.1"
177.234.144.114 - - [24/Jul/2022:08:01:39 -0300] "GET / HTTP/1.1" 301 162 "-" "Go-http-client/1.1"
177.234.144.114 - - [24/Jul/2022:08:31:43 -0300] "GET / HTTP/1.1" 301 162 "-" "Go-http-client/1.1"
177.234.144.114 - - [24/Jul/2022:09:01:44 -0300] "GET / HTTP/1.1" 301 162 "-" "Go-http-client/1.1"
177.234.144.114 - - [24/Jul/2022:09:31:40 -0300] "GET / HTTP/1.1" 301 162 "-" "Go-http-client/1.1"
177.234.144.114 - - [24/Jul/2022:10:01:46 -0300] "GET / HTTP/1.1" 301 162 "-" "Go-http-client/1.1"
177.234.144.114 - - [24/Jul/2022:10:32:03 -0300] "GET / HTTP/1.1" 301 162 "-" "Go-http-client/1.1"
177.234.144.114 - - [24/Jul/2022:11:02:03 -0300] "GET / HTTP/1.1" 301 162 "-" "Go-http-client/1.1"
177.234.144.114 - - [24/Jul/2022:11:31:46 -0300] "GET / HTTP/1.1" 301 162 "-" "Go-http-client/1.1"
177.234.144.114 - - [24/Jul/2022:12:01:41 -0300] "GET / HTTP/1.1" 301 162 "-" "Go-http-client/1.1"
177.234.144.114 - - [24/Jul/2022:12:31:39 -0300] "GET / HTTP/1.1" 301 162 "-" "Go-http-client/1.1"
177.234.144.114 - - [24/Jul/2022:13:01:44 -0300] "GET / HTTP/1.1" 301 162 "-" "Go-http-client/1.1"
177.234.144.114 - - [24/Jul/2022:13:31:39 -0300] "GET / HTTP/1.1" 301 162 "-" "Go-http-client/1.1"
177.234.144.114 - - [24/Jul/2022:14:01:44 -0300] "GET / HTTP/1.1" 301 162 "-" "Go-http-client/1.1"
177.234.144.114 - - [24/Jul/2022:14:32:06 -0300] "GET / HTTP/1.1" 301 162 "-" "Go-http-client/1.1"
186.202.173.147 - - [24/Jul/2022:14:48:38 -0300] "GET / HTTP/1.1" 301 162 "-" "Mozilla/5.0 (compatible; MSIE 9.0; Windows NT 6.1; WOW64; Trident/5.0)"
177.234.144.114 - - [24/Jul/2022:15:01:41 -0300] "GET / HTTP/1.1" 301 162 "-" "Go-http-client/1.1"
177.234.144.114 - - [24/Jul/2022:15:31:41 -0300] "GET / HTTP/1.1" 301 162 "-" "Go-http-client/1.1"
177.234.144.114 - - [24/Jul/2022:16:01:44 -0300] "GET / HTTP/1.1" 301 162 "-" "Go-http-client/1.1"
177.234.144.114 - - [24/Jul/2022:16:31:42 -0300] "GET / HTTP/1.1" 301 162 "-" "Go-http-client/1.1"
177.234.144.114 - - [24/Jul/2022:17:01:49 -0300] "GET / HTTP/1.1" 301 162 "-" "Go-http-client/1.1"
177.234.144.114 - - [24/Jul/2022:17:31:39 -0300] "GET / HTTP/1.1" 301 162 "-" "Go-http-client/1.1"
177.234.144.114 - - [24/Jul/2022:18:01:42 -0300] "GET / HTTP/1.1" 301 162 "-" "Go-http-client/1.1"
177.234.144.114 - - [24/Jul/2022:18:31:40 -0300] "GET / HTTP/1.1" 301 162 "-" "Go-http-client/1.1"
177.234.144.114 - - [24/Jul/2022:19:01:48 -0300] "GET / HTTP/1.1" 301 162 "-" "Go-http-client/1.1"
177.234.144.114 - - [24/Jul/2022:19:31:45 -0300] "GET / HTTP/1.1" 301 162 "-" "Go-http-client/1.1"
177.234.144.114 - - [24/Jul/2022:20:01:42 -0300] "GET / HTTP/1.1" 301 162 "-" "Go-http-client/1.1"
177.234.144.114 - - [24/Jul/2022:20:31:42 -0300] "GET / HTTP/1.1" 301 162 "-" "Go-http-client/1.1"
177.234.144.114 - - [24/Jul/2022:21:01:45 -0300] "GET / HTTP/1.1" 301 162 "-" "Go-http-client/1.1"
177.234.144.114 - - [24/Jul/2022:21:31:41 -0300] "GET / HTTP/1.1" 301 162 "-" "Go-http-client/1.1"
177.234.144.114 - - [24/Jul/2022:22:01:40 -0300] "GET / HTTP/1.1" 301 162 "-" "Go-http-client/1.1"
177.234.144.114 - - [24/Jul/2022:22:31:38 -0300] "GET / HTTP/1.1" 301 162 "-" "Go-http-client/1.1"
177.234.144.114 - - [24/Jul/2022:23:01:45 -0300] "GET / HTTP/1.1" 301 162 "-" "Go-http-client/1.1"
177.234.144.114 - - [24/Jul/2022:23:31:48 -0300] "GET / HTTP/1.1" 301 162 "-" "Go-http-client/1.1"
177.234.144.114 - - [25/Jul/2022:00:02:26 -0300] "GET / HTTP/1.1" 301 162 "-" "Go-http-client/1.1"
177.234.144.114 - - [25/Jul/2022:00:32:19 -0300] "GET / HTTP/1.1" 301 162 "-" "Go-http-client/1.1"
177.234.144.114 - - [25/Jul/2022:01:02:21 -0300] "GET / HTTP/1.1" 301 162 "-" "Go-http-client/1.1"
177.234.144.114 - - [25/Jul/2022:01:32:14 -0300] "GET / HTTP/1.1" 301 162 "-" "Go-http-client/1.1"
177.234.144.114 - - [25/Jul/2022:02:02:01 -0300] "GET / HTTP/1.1" 301 162 "-" "Go-http-client/1.1"
177.234.144.114 - - [25/Jul/2022:02:32:09 -0300] "GET / HTTP/1.1" 301 162 "-" "Go-http-client/1.1"
177.234.144.114 - - [25/Jul/2022:03:02:10 -0300] "GET / HTTP/1.1" 301 162 "-" "Go-http-client/1.1"
177.234.144.114 - - [25/Jul/2022:03:31:59 -0300] "GET / HTTP/1.1" 301 162 "-" "Go-http-client/1.1"
177.234.144.114 - - [25/Jul/2022:04:02:04 -0300] "GET / HTTP/1.1" 301 162 "-" "Go-http-client/1.1"
52.39.23.24 - - [25/Jul/2022:04:07:04 -0300] "GET / HTTP/1.1" 301 162 "-" "Mozilla/5.0 (X11; Linux x86_64) AppleWebKit/537.36 (KHTML, like Gecko) Chrome/83.0.4103.97 Safari/537.36"
54.185.37.232 - - [25/Jul/2022:04:08:24 -0300] "GET /favicon.ico HTTP/1.1" 301 162 "-" "Mozilla/5.0 (X11; Linux x86_64) AppleWebKit/537.36 (KHTML, like Gecko) Chrome/83.0.4103.97 Safari/537.36"
54.185.37.232 - - [25/Jul/2022:04:08:26 -0300] "GET / HTTP/1.1" 301 162 "-" "Mozilla/5.0 (X11; Linux x86_64) AppleWebKit/537.36 (KHTML, like Gecko) Chrome/83.0.4103.97 Safari/537.36"
54.185.255.118 - - [25/Jul/2022:04:10:15 -0300] "GET / HTTP/1.1" 301 162 "-" "Mozilla/5.0 (Windows NT 10.0; Win64; x64)AppleWebKit/537.36 (KHTML, like Gecko) Chrome/66.0.3359.181 Safari/537.36"
177.234.144.114 - - [25/Jul/2022:04:31:50 -0300] "GET / HTTP/1.1" 301 162 "-" "Go-http-client/1.1"
3.70.22.41 - - [25/Jul/2022:04:51:26 -0300] "GET /.well-known/acme-challenge/v0YOwVhXiItnRFURpk-TuGvRKZcoXuC-Fz7RZq8BJqw HTTP/1.1" 301 162 "-" "Mozilla/5.0 (compatible; Let's Encrypt validation server; +https://www.letsencrypt.org)"
64.78.149.164 - - [25/Jul/2022:04:51:26 -0300] "GET /.well-known/acme-challenge/v0YOwVhXiItnRFURpk-TuGvRKZcoXuC-Fz7RZq8BJqw HTTP/1.1" 301 162 "-" "Mozilla/5.0 (compatible; Let's Encrypt validation server; +https://www.letsencrypt.org)"
18.119.116.37 - - [25/Jul/2022:04:51:27 -0300] "GET /.well-known/acme-challenge/v0YOwVhXiItnRFURpk-TuGvRKZcoXuC-Fz7RZq8BJqw HTTP/1.1" 301 162 "-" "Mozilla/5.0 (compatible; Let's Encrypt validation server; +https://www.letsencrypt.org)"
54.212.169.137 - - [25/Jul/2022:04:51:28 -0300] "GET /.well-known/acme-challenge/v0YOwVhXiItnRFURpk-TuGvRKZcoXuC-Fz7RZq8BJqw HTTP/1.1" 301 162 "-" "Mozilla/5.0 (compatible; Let's Encrypt validation server; +https://www.letsencrypt.org)"
177.234.144.114 - - [25/Jul/2022:05:02:04 -0300] "GET / HTTP/1.1" 301 162 "-" "Go-http-client/1.1"
