177.234.144.114 - - [09/Aug/2022:11:31:46 -0300] "GET / HTTP/1.1" 301 162 "-" "Go-http-client/1.1"
177.234.144.114 - - [09/Aug/2022:12:01:52 -0300] "GET / HTTP/1.1" 301 162 "-" "Go-http-client/1.1"
177.234.144.114 - - [09/Aug/2022:12:31:46 -0300] "GET / HTTP/1.1" 301 162 "-" "Go-http-client/1.1"
177.234.144.114 - - [09/Aug/2022:13:01:52 -0300] "GET / HTTP/1.1" 301 162 "-" "Go-http-client/1.1"
177.234.144.114 - - [09/Aug/2022:13:31:44 -0300] "GET / HTTP/1.1" 301 162 "-" "Go-http-client/1.1"
177.234.144.114 - - [09/Aug/2022:14:01:49 -0300] "GET / HTTP/1.1" 301 162 "-" "Go-http-client/1.1"
177.234.144.114 - - [09/Aug/2022:14:31:44 -0300] "GET / HTTP/1.1" 301 162 "-" "Go-http-client/1.1"
186.202.173.147 - - [09/Aug/2022:14:57:56 -0300] "GET / HTTP/1.1" 301 162 "-" "Mozilla/5.0 (compatible; MSIE 9.0; Windows NT 6.1; WOW64; Trident/5.0)"
177.234.144.114 - - [09/Aug/2022:15:01:48 -0300] "GET / HTTP/1.1" 301 162 "-" "Go-http-client/1.1"
177.234.144.114 - - [09/Aug/2022:15:31:44 -0300] "GET / HTTP/1.1" 301 162 "-" "Go-http-client/1.1"
177.234.144.114 - - [09/Aug/2022:16:01:50 -0300] "GET / HTTP/1.1" 301 162 "-" "Go-http-client/1.1"
177.234.144.114 - - [09/Aug/2022:16:31:45 -0300] "GET / HTTP/1.1" 301 162 "-" "Go-http-client/1.1"
177.234.144.114 - - [09/Aug/2022:17:02:15 -0300] "GET / HTTP/1.1" 301 162 "-" "Go-http-client/1.1"
177.234.144.114 - - [09/Aug/2022:17:31:50 -0300] "GET / HTTP/1.1" 301 162 "-" "Go-http-client/1.1"
177.234.144.114 - - [09/Aug/2022:18:01:49 -0300] "GET / HTTP/1.1" 301 162 "-" "Go-http-client/1.1"
177.234.144.114 - - [09/Aug/2022:18:31:47 -0300] "GET / HTTP/1.1" 301 162 "-" "Go-http-client/1.1"
177.234.144.114 - - [09/Aug/2022:19:01:48 -0300] "GET / HTTP/1.1" 301 162 "-" "Go-http-client/1.1"
177.234.144.114 - - [09/Aug/2022:19:31:42 -0300] "GET / HTTP/1.1" 301 162 "-" "Go-http-client/1.1"
177.234.144.114 - - [09/Aug/2022:20:01:46 -0300] "GET / HTTP/1.1" 301 162 "-" "Go-http-client/1.1"
177.234.144.114 - - [09/Aug/2022:20:31:49 -0300] "GET / HTTP/1.1" 301 162 "-" "Go-http-client/1.1"
177.234.144.114 - - [09/Aug/2022:21:01:48 -0300] "GET / HTTP/1.1" 301 162 "-" "Go-http-client/1.1"
177.234.144.114 - - [09/Aug/2022:21:31:44 -0300] "GET / HTTP/1.1" 301 162 "-" "Go-http-client/1.1"
177.234.144.114 - - [09/Aug/2022:22:01:47 -0300] "GET / HTTP/1.1" 301 162 "-" "Go-http-client/1.1"
177.234.144.114 - - [09/Aug/2022:22:31:45 -0300] "GET / HTTP/1.1" 301 162 "-" "Go-http-client/1.1"
177.234.144.114 - - [09/Aug/2022:23:02:01 -0300] "GET / HTTP/1.1" 301 162 "-" "Go-http-client/1.1"
209.141.49.169 - - [09/Aug/2022:23:27:01 -0300] "GET / HTTP/1.1" 301 162 "-" "Mozilla/5.0 (Macintosh; Intel Mac OS X 10_15_7) AppleWebKit/537.36 (KHTML, like Gecko) Chrome/96.0.4664.110 Safari/537.36"
209.141.49.169 - - [09/Aug/2022:23:27:03 -0300] "GET /favicon.ico HTTP/1.1" 301 162 "-" "Mozilla/5.0 (Macintosh; Intel Mac OS X 10_15_7) AppleWebKit/537.36 (KHTML, like Gecko) Chrome/96.0.4664.110 Safari/537.36"
177.234.144.114 - - [09/Aug/2022:23:31:44 -0300] "GET / HTTP/1.1" 301 162 "-" "Go-http-client/1.1"
209.141.41.193 - - [09/Aug/2022:23:53:39 -0300] "GET / HTTP/1.1" 301 162 "-" "Mozilla/5.0 (Macintosh; Intel Mac OS X 10_15_7) AppleWebKit/537.36 (KHTML, like Gecko) Chrome/96.0.4664.110 Safari/537.36"
209.141.41.193 - - [09/Aug/2022:23:53:41 -0300] "GET /favicon.ico HTTP/1.1" 301 162 "-" "Mozilla/5.0 (Macintosh; Intel Mac OS X 10_15_7) AppleWebKit/537.36 (KHTML, like Gecko) Chrome/96.0.4664.110 Safari/537.36"
177.234.144.114 - - [10/Aug/2022:00:02:11 -0300] "GET / HTTP/1.1" 301 162 "-" "Go-http-client/1.1"
177.234.144.114 - - [10/Aug/2022:00:31:46 -0300] "GET / HTTP/1.1" 301 162 "-" "Go-http-client/1.1"
177.234.144.114 - - [10/Aug/2022:01:01:46 -0300] "GET / HTTP/1.1" 301 162 "-" "Go-http-client/1.1"
199.244.88.230 - - [10/Aug/2022:01:05:28 -0300] "HEAD / HTTP/1.1" 301 0 "-" "Mozilla/5.0 (Macintosh; Intel Mac OS X 10_9_3) AppleWebKit/537.36 (KHTML, like Gecko) Chrome/35.0.1916.47 Safari/537.36"
199.244.88.228 - - [10/Aug/2022:01:05:29 -0300] "HEAD / HTTP/1.1" 301 0 "-" "Mozilla/5.0 (Macintosh; Intel Mac OS X 10_9_3) AppleWebKit/537.36 (KHTML, like Gecko) Chrome/35.0.1916.47 Safari/537.36"
177.234.144.114 - - [10/Aug/2022:01:32:04 -0300] "GET / HTTP/1.1" 301 162 "-" "Go-http-client/1.1"
205.185.121.69 - - [10/Aug/2022:01:51:28 -0300] "GET / HTTP/1.1" 301 162 "-" "Mozilla/5.0 (Macintosh; Intel Mac OS X 10_15_7) AppleWebKit/537.36 (KHTML, like Gecko) Chrome/96.0.4664.110 Safari/537.36"
205.185.121.69 - - [10/Aug/2022:01:51:32 -0300] "GET /favicon.ico HTTP/1.1" 301 162 "-" "Mozilla/5.0 (Macintosh; Intel Mac OS X 10_15_7) AppleWebKit/537.36 (KHTML, like Gecko) Chrome/96.0.4664.110 Safari/537.36"
209.141.36.231 - - [10/Aug/2022:01:59:16 -0300] "GET /favicon.ico HTTP/1.1" 301 162 "-" "Mozilla/5.0 (Macintosh; Intel Mac OS X 10_15_7) AppleWebKit/537.36 (KHTML, like Gecko) Chrome/96.0.4664.110 Safari/537.36"
177.234.144.114 - - [10/Aug/2022:02:01:44 -0300] "GET / HTTP/1.1" 301 162 "-" "Go-http-client/1.1"
177.234.144.114 - - [10/Aug/2022:02:31:50 -0300] "GET / HTTP/1.1" 301 162 "-" "Go-http-client/1.1"
205.185.122.184 - - [10/Aug/2022:02:38:48 -0300] "GET / HTTP/1.1" 301 162 "-" "Mozilla/5.0 (Macintosh; Intel Mac OS X 10_15_7) AppleWebKit/537.36 (KHTML, like Gecko) Chrome/96.0.4664.110 Safari/537.36"
205.185.122.184 - - [10/Aug/2022:02:38:51 -0300] "GET /favicon.ico HTTP/1.1" 301 162 "-" "Mozilla/5.0 (Macintosh; Intel Mac OS X 10_15_7) AppleWebKit/537.36 (KHTML, like Gecko) Chrome/96.0.4664.110 Safari/537.36"
177.234.144.114 - - [10/Aug/2022:03:01:47 -0300] "GET / HTTP/1.1" 301 162 "-" "Go-http-client/1.1"
177.234.144.114 - - [10/Aug/2022:03:31:48 -0300] "GET / HTTP/1.1" 301 162 "-" "Go-http-client/1.1"
177.234.144.114 - - [10/Aug/2022:04:01:46 -0300] "GET / HTTP/1.1" 301 162 "-" "Go-http-client/1.1"
54.200.246.72 - - [10/Aug/2022:04:18:00 -0300] "GET / HTTP/1.1" 301 162 "-" "Mozilla/5.0 (X11; Linux x86_64) AppleWebKit/537.36 (KHTML, like Gecko) Chrome/83.0.4103.97 Safari/537.36"
54.212.247.137 - - [10/Aug/2022:04:20:30 -0300] "GET /favicon.ico HTTP/1.1" 301 162 "-" "Mozilla/5.0 (X11; Linux x86_64) AppleWebKit/537.36 (KHTML, like Gecko) Chrome/83.0.4103.97 Safari/537.36"
54.212.247.137 - - [10/Aug/2022:04:20:31 -0300] "GET / HTTP/1.1" 301 162 "-" "Mozilla/5.0 (X11; Linux x86_64) AppleWebKit/537.36 (KHTML, like Gecko) Chrome/83.0.4103.97 Safari/537.36"
52.43.10.195 - - [10/Aug/2022:04:20:46 -0300] "GET /favicon.ico HTTP/1.1" 301 162 "-" "Mozilla/5.0 (X11; Linux x86_64) AppleWebKit/537.36 (KHTML, like Gecko) Chrome/83.0.4103.97 Safari/537.36"
52.43.10.195 - - [10/Aug/2022:04:20:48 -0300] "GET / HTTP/1.1" 301 162 "-" "Mozilla/5.0 (X11; Linux x86_64) AppleWebKit/537.36 (KHTML, like Gecko) Chrome/83.0.4103.97 Safari/537.36"
209.141.36.112 - - [10/Aug/2022:04:22:20 -0300] "GET / HTTP/1.1" 301 162 "-" "Mozilla/5.0 (Macintosh; Intel Mac OS X 10_15_7) AppleWebKit/537.36 (KHTML, like Gecko) Chrome/96.0.4664.110 Safari/537.36"
209.141.36.112 - - [10/Aug/2022:04:22:23 -0300] "GET /favicon.ico HTTP/1.1" 301 162 "-" "Mozilla/5.0 (Macintosh; Intel Mac OS X 10_15_7) AppleWebKit/537.36 (KHTML, like Gecko) Chrome/96.0.4664.110 Safari/537.36"
35.92.16.208 - - [10/Aug/2022:04:29:12 -0300] "GET / HTTP/1.1" 301 162 "-" "Mozilla/5.0 (Windows NT 10.0; Win64; x64)AppleWebKit/537.36 (KHTML, like Gecko) Chrome/66.0.3359.181 Safari/537.36"
54.188.108.242 - - [10/Aug/2022:04:29:29 -0300] "GET / HTTP/1.1" 301 162 "-" "Mozilla/5.0 (X11; Linux x86_64) AppleWebKit/537.36 (KHTML, like Gecko) HeadlessChrome/68.0.3440.106 Safari/537.36"
177.234.144.114 - - [10/Aug/2022:04:31:43 -0300] "GET / HTTP/1.1" 301 162 "-" "Go-http-client/1.1"
205.185.122.184 - - [10/Aug/2022:04:41:26 -0300] "GET / HTTP/1.1" 301 162 "-" "Mozilla/5.0 (Macintosh; Intel Mac OS X 10_15_7) AppleWebKit/537.36 (KHTML, like Gecko) Chrome/96.0.4664.110 Safari/537.36"
205.185.122.184 - - [10/Aug/2022:04:41:28 -0300] "GET /favicon.ico HTTP/1.1" 301 162 "-" "Mozilla/5.0 (Macintosh; Intel Mac OS X 10_15_7) AppleWebKit/537.36 (KHTML, like Gecko) Chrome/96.0.4664.110 Safari/537.36"
177.234.144.114 - - [10/Aug/2022:05:01:51 -0300] "GET / HTTP/1.1" 301 162 "-" "Go-http-client/1.1"
177.234.144.114 - - [10/Aug/2022:05:31:44 -0300] "GET / HTTP/1.1" 301 162 "-" "Go-http-client/1.1"
177.234.144.114 - - [10/Aug/2022:06:01:46 -0300] "GET / HTTP/1.1" 301 162 "-" "Go-http-client/1.1"
177.234.144.114 - - [10/Aug/2022:06:31:51 -0300] "GET / HTTP/1.1" 301 162 "-" "Go-http-client/1.1"
18.212.74.40 - - [10/Aug/2022:07:00:48 -0300] "GET / HTTP/1.1" 301 162 "-" "Mozilla/5.0 (Macintosh; Intel Mac OS X 10_10_1) AppleWebKit/537.36 (KHTML, like Gecko) Chrome/39.0.2171.95 Safari/537.36"
18.212.74.40 - - [10/Aug/2022:07:00:50 -0300] "GET /wordpress/ HTTP/1.1" 301 162 "-" "Mozilla/5.0 (Macintosh; Intel Mac OS X 10_10_1) AppleWebKit/537.36 (KHTML, like Gecko) Chrome/39.0.2171.95 Safari/537.36"
18.212.74.40 - - [10/Aug/2022:07:00:53 -0300] "GET /wp/ HTTP/1.1" 301 162 "-" "Mozilla/5.0 (Macintosh; Intel Mac OS X 10_10_1) AppleWebKit/537.36 (KHTML, like Gecko) Chrome/39.0.2171.95 Safari/537.36"
18.212.74.40 - - [10/Aug/2022:07:00:56 -0300] "GET /blog/ HTTP/1.1" 301 162 "-" "Mozilla/5.0 (Macintosh; Intel Mac OS X 10_10_1) AppleWebKit/537.36 (KHTML, like Gecko) Chrome/39.0.2171.95 Safari/537.36"
18.212.74.40 - - [10/Aug/2022:07:00:58 -0300] "GET /new/ HTTP/1.1" 301 162 "-" "Mozilla/5.0 (Macintosh; Intel Mac OS X 10_10_1) AppleWebKit/537.36 (KHTML, like Gecko) Chrome/39.0.2171.95 Safari/537.36"
18.212.74.40 - - [10/Aug/2022:07:01:00 -0300] "GET /old/ HTTP/1.1" 301 162 "-" "Mozilla/5.0 (Macintosh; Intel Mac OS X 10_10_1) AppleWebKit/537.36 (KHTML, like Gecko) Chrome/39.0.2171.95 Safari/537.36"
18.212.74.40 - - [10/Aug/2022:07:01:10 -0300] "GET /backup/ HTTP/1.1" 301 162 "-" "Mozilla/5.0 (Macintosh; Intel Mac OS X 10_10_1) AppleWebKit/537.36 (KHTML, like Gecko) Chrome/39.0.2171.95 Safari/537.36"
18.212.74.40 - - [10/Aug/2022:07:01:15 -0300] "GET /oldsite/ HTTP/1.1" 301 162 "-" "Mozilla/5.0 (Macintosh; Intel Mac OS X 10_10_1) AppleWebKit/537.36 (KHTML, like Gecko) Chrome/39.0.2171.95 Safari/537.36"
18.212.74.40 - - [10/Aug/2022:07:01:17 -0300] "GET /back/ HTTP/1.1" 301 162 "-" "Mozilla/5.0 (Macintosh; Intel Mac OS X 10_10_1) AppleWebKit/537.36 (KHTML, like Gecko) Chrome/39.0.2171.95 Safari/537.36"
177.234.144.114 - - [10/Aug/2022:07:01:46 -0300] "GET / HTTP/1.1" 301 162 "-" "Go-http-client/1.1"
177.234.144.114 - - [10/Aug/2022:07:31:46 -0300] "GET / HTTP/1.1" 301 162 "-" "Go-http-client/1.1"
35.159.25.46 - - [10/Aug/2022:07:53:55 -0300] "GET /robots.txt HTTP/1.1" 301 162 "-" "-"
177.234.144.114 - - [10/Aug/2022:08:01:48 -0300] "GET / HTTP/1.1" 301 162 "-" "Go-http-client/1.1"
177.234.144.114 - - [10/Aug/2022:08:31:47 -0300] "GET / HTTP/1.1" 301 162 "-" "Go-http-client/1.1"
205.185.122.184 - - [10/Aug/2022:08:36:23 -0300] "GET / HTTP/1.1" 301 162 "-" "Mozilla/5.0 (Macintosh; Intel Mac OS X 10_15_7) AppleWebKit/537.36 (KHTML, like Gecko) Chrome/96.0.4664.110 Safari/537.36"
205.185.122.184 - - [10/Aug/2022:08:36:24 -0300] "GET /favicon.ico HTTP/1.1" 301 162 "-" "Mozilla/5.0 (Macintosh; Intel Mac OS X 10_15_7) AppleWebKit/537.36 (KHTML, like Gecko) Chrome/96.0.4664.110 Safari/537.36"
209.141.34.187 - - [10/Aug/2022:08:56:54 -0300] "GET /favicon.ico HTTP/1.1" 301 162 "-" "Mozilla/5.0 (Macintosh; Intel Mac OS X 10_15_7) AppleWebKit/537.36 (KHTML, like Gecko) Chrome/96.0.4664.110 Safari/537.36"
177.234.144.114 - - [10/Aug/2022:09:01:53 -0300] "GET / HTTP/1.1" 301 162 "-" "Go-http-client/1.1"
177.234.144.114 - - [10/Aug/2022:09:31:51 -0300] "GET / HTTP/1.1" 301 162 "-" "Go-http-client/1.1"
177.234.144.114 - - [10/Aug/2022:10:01:49 -0300] "GET / HTTP/1.1" 301 162 "-" "Go-http-client/1.1"
177.234.144.114 - - [10/Aug/2022:10:31:50 -0300] "GET / HTTP/1.1" 301 162 "-" "Go-http-client/1.1"
209.141.51.222 - - [10/Aug/2022:10:48:03 -0300] "GET / HTTP/1.1" 301 162 "-" "Mozilla/5.0 (Macintosh; Intel Mac OS X 10_15_7) AppleWebKit/537.36 (KHTML, like Gecko) Chrome/96.0.4664.110 Safari/537.36"
209.141.51.222 - - [10/Aug/2022:10:48:05 -0300] "GET /favicon.ico HTTP/1.1" 301 162 "-" "Mozilla/5.0 (Macintosh; Intel Mac OS X 10_15_7) AppleWebKit/537.36 (KHTML, like Gecko) Chrome/96.0.4664.110 Safari/537.36"
198.244.142.178 - - [10/Aug/2022:10:51:41 -0300] "GET / HTTP/1.1" 301 162 "-" "Mozilla/5.0 (Windows NT 10.0; Win64; x64; rv:89.0) Gecko/20100101 Firefox/89.0"
198.244.142.178 - - [10/Aug/2022:10:51:42 -0300] "GET /ads.txt HTTP/1.1" 301 162 "-" "Mozilla/5.0 (Windows NT 10.0; Win64; x64; rv:89.0) Gecko/20100101 Firefox/89.0"
177.234.144.114 - - [10/Aug/2022:11:01:54 -0300] "GET / HTTP/1.1" 301 162 "-" "Go-http-client/1.1"
177.234.144.114 - - [10/Aug/2022:11:31:45 -0300] "GET / HTTP/1.1" 301 162 "-" "Go-http-client/1.1"
177.234.144.114 - - [10/Aug/2022:12:01:46 -0300] "GET / HTTP/1.1" 301 162 "-" "Go-http-client/1.1"
177.234.144.114 - - [10/Aug/2022:12:31:48 -0300] "GET / HTTP/1.1" 301 162 "-" "Go-http-client/1.1"
177.234.144.114 - - [10/Aug/2022:13:01:45 -0300] "GET / HTTP/1.1" 301 162 "-" "Go-http-client/1.1"
177.234.144.114 - - [10/Aug/2022:13:31:42 -0300] "GET / HTTP/1.1" 301 162 "-" "Go-http-client/1.1"
209.141.51.222 - - [10/Aug/2022:13:48:05 -0300] "GET /favicon.ico HTTP/1.1" 301 162 "-" "Mozilla/5.0 (Macintosh; Intel Mac OS X 10_15_7) AppleWebKit/537.36 (KHTML, like Gecko) Chrome/96.0.4664.110 Safari/537.36"
177.234.144.114 - - [10/Aug/2022:14:01:50 -0300] "GET / HTTP/1.1" 301 162 "-" "Go-http-client/1.1"
177.234.144.114 - - [10/Aug/2022:14:32:30 -0300] "GET / HTTP/1.1" 301 162 "-" "Go-http-client/1.1"
186.202.173.147 - - [10/Aug/2022:14:57:51 -0300] "GET / HTTP/1.1" 301 162 "-" "Mozilla/5.0 (compatible; MSIE 9.0; Windows NT 6.1; WOW64; Trident/5.0)"
177.234.144.114 - - [10/Aug/2022:15:01:46 -0300] "GET / HTTP/1.1" 301 162 "-" "Go-http-client/1.1"
209.141.36.231 - - [10/Aug/2022:15:09:48 -0300] "GET / HTTP/1.1" 301 162 "-" "Mozilla/5.0 (Macintosh; Intel Mac OS X 10_15_7) AppleWebKit/537.36 (KHTML, like Gecko) Chrome/96.0.4664.110 Safari/537.36"
209.141.36.231 - - [10/Aug/2022:15:09:50 -0300] "GET /favicon.ico HTTP/1.1" 301 162 "-" "Mozilla/5.0 (Macintosh; Intel Mac OS X 10_15_7) AppleWebKit/537.36 (KHTML, like Gecko) Chrome/96.0.4664.110 Safari/537.36"
209.141.55.120 - - [10/Aug/2022:15:25:34 -0300] "GET /favicon.ico HTTP/1.1" 301 162 "-" "Mozilla/5.0 (Macintosh; Intel Mac OS X 10_15_7) AppleWebKit/537.36 (KHTML, like Gecko) Chrome/96.0.4664.110 Safari/537.36"
177.234.144.114 - - [10/Aug/2022:15:31:44 -0300] "GET / HTTP/1.1" 301 162 "-" "Go-http-client/1.1"
177.234.144.114 - - [10/Aug/2022:16:01:47 -0300] "GET / HTTP/1.1" 301 162 "-" "Go-http-client/1.1"
209.141.55.120 - - [10/Aug/2022:16:31:42 -0300] "GET / HTTP/1.1" 301 162 "-" "Mozilla/5.0 (Macintosh; Intel Mac OS X 10_15_7) AppleWebKit/537.36 (KHTML, like Gecko) Chrome/96.0.4664.110 Safari/537.36"
209.141.55.120 - - [10/Aug/2022:16:31:45 -0300] "GET /favicon.ico HTTP/1.1" 301 162 "-" "Mozilla/5.0 (Macintosh; Intel Mac OS X 10_15_7) AppleWebKit/537.36 (KHTML, like Gecko) Chrome/96.0.4664.110 Safari/537.36"
177.234.144.114 - - [10/Aug/2022:16:31:47 -0300] "GET / HTTP/1.1" 301 162 "-" "Go-http-client/1.1"
177.234.144.114 - - [10/Aug/2022:17:01:58 -0300] "GET / HTTP/1.1" 301 162 "-" "Go-http-client/1.1"
205.185.121.69 - - [10/Aug/2022:17:11:46 -0300] "GET /favicon.ico HTTP/1.1" 301 162 "-" "Mozilla/5.0 (Macintosh; Intel Mac OS X 10_15_7) AppleWebKit/537.36 (KHTML, like Gecko) Chrome/96.0.4664.110 Safari/537.36"
177.234.144.114 - - [10/Aug/2022:17:31:46 -0300] "GET / HTTP/1.1" 301 162 "-" "Go-http-client/1.1"
177.234.144.114 - - [10/Aug/2022:18:01:48 -0300] "GET / HTTP/1.1" 301 162 "-" "Go-http-client/1.1"
177.234.144.114 - - [10/Aug/2022:18:31:45 -0300] "GET / HTTP/1.1" 301 162 "-" "Go-http-client/1.1"
177.234.144.114 - - [10/Aug/2022:19:01:45 -0300] "GET / HTTP/1.1" 301 162 "-" "Go-http-client/1.1"
177.234.144.114 - - [10/Aug/2022:19:31:41 -0300] "GET / HTTP/1.1" 301 162 "-" "Go-http-client/1.1"
209.141.55.120 - - [10/Aug/2022:19:42:55 -0300] "GET / HTTP/1.1" 301 162 "-" "Mozilla/5.0 (Macintosh; Intel Mac OS X 10_15_7) AppleWebKit/537.36 (KHTML, like Gecko) Chrome/96.0.4664.110 Safari/537.36"
177.234.144.114 - - [10/Aug/2022:20:01:43 -0300] "GET / HTTP/1.1" 301 162 "-" "Go-http-client/1.1"
177.234.144.114 - - [10/Aug/2022:20:31:43 -0300] "GET / HTTP/1.1" 301 162 "-" "Go-http-client/1.1"
177.234.144.114 - - [10/Aug/2022:21:01:46 -0300] "GET / HTTP/1.1" 301 162 "-" "Go-http-client/1.1"
66.249.64.100 - - [10/Aug/2022:21:17:19 -0300] "GET /robots.txt HTTP/1.1" 301 162 "-" "Mozilla/5.0 (compatible; Googlebot/2.1; +http://www.google.com/bot.html)"
66.249.64.105 - - [10/Aug/2022:21:17:20 -0300] "GET / HTTP/1.1" 301 162 "-" "Mozilla/5.0 (Linux; Android 6.0.1; Nexus 5X Build/MMB29P) AppleWebKit/537.36 (KHTML, like Gecko) Chrome/104.0.5112.79 Mobile Safari/537.36 (compatible; Googlebot/2.1; +http://www.google.com/bot.html)"
177.234.144.114 - - [10/Aug/2022:21:31:40 -0300] "GET / HTTP/1.1" 301 162 "-" "Go-http-client/1.1"
177.234.144.114 - - [10/Aug/2022:22:01:46 -0300] "GET / HTTP/1.1" 301 162 "-" "Go-http-client/1.1"
177.234.144.114 - - [10/Aug/2022:22:31:41 -0300] "GET / HTTP/1.1" 301 162 "-" "Go-http-client/1.1"
177.234.144.114 - - [10/Aug/2022:23:02:28 -0300] "GET / HTTP/1.1" 301 162 "-" "Go-http-client/1.1"
177.234.144.114 - - [10/Aug/2022:23:31:49 -0300] "GET / HTTP/1.1" 301 162 "-" "Go-http-client/1.1"
177.234.144.114 - - [11/Aug/2022:00:02:10 -0300] "GET / HTTP/1.1" 301 162 "-" "Go-http-client/1.1"
177.234.144.114 - - [11/Aug/2022:00:31:45 -0300] "GET / HTTP/1.1" 301 162 "-" "Go-http-client/1.1"
177.234.144.114 - - [11/Aug/2022:01:01:50 -0300] "GET / HTTP/1.1" 301 162 "-" "Go-http-client/1.1"
177.234.144.114 - - [11/Aug/2022:01:31:48 -0300] "GET / HTTP/1.1" 301 162 "-" "Go-http-client/1.1"
177.234.144.114 - - [11/Aug/2022:02:01:45 -0300] "GET / HTTP/1.1" 301 162 "-" "Go-http-client/1.1"
66.249.64.103 - - [11/Aug/2022:02:03:44 -0300] "GET / HTTP/1.1" 301 162 "-" "Mozilla/5.0 (compatible; Googlebot/2.1; +http://www.google.com/bot.html)"
177.234.144.114 - - [11/Aug/2022:02:31:47 -0300] "GET / HTTP/1.1" 301 162 "-" "Go-http-client/1.1"
177.234.144.114 - - [11/Aug/2022:03:01:45 -0300] "GET / HTTP/1.1" 301 162 "-" "Go-http-client/1.1"
177.234.144.114 - - [11/Aug/2022:03:31:45 -0300] "GET / HTTP/1.1" 301 162 "-" "Go-http-client/1.1"
177.234.144.114 - - [11/Aug/2022:04:01:46 -0300] "GET / HTTP/1.1" 301 162 "-" "Go-http-client/1.1"
34.217.206.18 - - [11/Aug/2022:04:18:38 -0300] "GET / HTTP/1.1" 301 162 "-" "Mozilla/5.0 (X11; Linux x86_64) AppleWebKit/537.36 (KHTML, like Gecko) Chrome/83.0.4103.97 Safari/537.36"
34.213.42.238 - - [11/Aug/2022:04:20:54 -0300] "GET /favicon.ico HTTP/1.1" 301 162 "-" "Mozilla/5.0 (X11; Linux x86_64) AppleWebKit/537.36 (KHTML, like Gecko) Chrome/83.0.4103.97 Safari/537.36"
34.213.42.238 - - [11/Aug/2022:04:20:56 -0300] "GET / HTTP/1.1" 301 162 "-" "Mozilla/5.0 (X11; Linux x86_64) AppleWebKit/537.36 (KHTML, like Gecko) Chrome/83.0.4103.97 Safari/537.36"
34.219.213.231 - - [11/Aug/2022:04:24:11 -0300] "GET /favicon.ico HTTP/1.1" 301 162 "-" "Mozilla/5.0 (X11; Linux x86_64) AppleWebKit/537.36 (KHTML, like Gecko) Chrome/83.0.4103.97 Safari/537.36"
34.219.213.231 - - [11/Aug/2022:04:24:13 -0300] "GET / HTTP/1.1" 301 162 "-" "Mozilla/5.0 (X11; Linux x86_64) AppleWebKit/537.36 (KHTML, like Gecko) Chrome/83.0.4103.97 Safari/537.36"
34.217.77.147 - - [11/Aug/2022:04:30:41 -0300] "GET / HTTP/1.1" 301 162 "-" "Mozilla/5.0 (Windows NT 10.0; Win64; x64)AppleWebKit/537.36 (KHTML, like Gecko) Chrome/66.0.3359.181 Safari/537.36"
177.234.144.114 - - [11/Aug/2022:04:31:45 -0300] "GET / HTTP/1.1" 301 162 "-" "Go-http-client/1.1"
209.141.41.193 - - [11/Aug/2022:04:47:12 -0300] "GET / HTTP/1.1" 301 162 "-" "Mozilla/5.0 (Macintosh; Intel Mac OS X 10_15_7) AppleWebKit/537.36 (KHTML, like Gecko) Chrome/96.0.4664.110 Safari/537.36"
209.141.41.193 - - [11/Aug/2022:04:47:14 -0300] "GET /favicon.ico HTTP/1.1" 301 162 "-" "Mozilla/5.0 (Macintosh; Intel Mac OS X 10_15_7) AppleWebKit/537.36 (KHTML, like Gecko) Chrome/96.0.4664.110 Safari/537.36"
209.141.41.193 - - [11/Aug/2022:05:01:10 -0300] "GET / HTTP/1.1" 301 162 "-" "Mozilla/5.0 (Macintosh; Intel Mac OS X 10_15_7) AppleWebKit/537.36 (KHTML, like Gecko) Chrome/96.0.4664.110 Safari/537.36"
209.141.41.193 - - [11/Aug/2022:05:01:12 -0300] "GET /favicon.ico HTTP/1.1" 301 162 "-" "Mozilla/5.0 (Macintosh; Intel Mac OS X 10_15_7) AppleWebKit/537.36 (KHTML, like Gecko) Chrome/96.0.4664.110 Safari/537.36"
177.234.144.114 - - [11/Aug/2022:05:01:45 -0300] "GET / HTTP/1.1" 301 162 "-" "Go-http-client/1.1"
177.234.144.114 - - [11/Aug/2022:05:31:45 -0300] "GET / HTTP/1.1" 301 162 "-" "Go-http-client/1.1"
177.234.144.114 - - [11/Aug/2022:06:01:48 -0300] "GET / HTTP/1.1" 301 162 "-" "Go-http-client/1.1"
177.234.144.114 - - [11/Aug/2022:06:31:44 -0300] "GET / HTTP/1.1" 301 162 "-" "Go-http-client/1.1"
177.234.144.114 - - [11/Aug/2022:07:01:47 -0300] "GET / HTTP/1.1" 301 162 "-" "Go-http-client/1.1"
177.234.144.114 - - [11/Aug/2022:07:31:45 -0300] "GET / HTTP/1.1" 301 162 "-" "Go-http-client/1.1"
209.141.34.187 - - [11/Aug/2022:07:53:00 -0300] "GET / HTTP/1.1" 301 162 "-" "Mozilla/5.0 (Macintosh; Intel Mac OS X 10_15_7) AppleWebKit/537.36 (KHTML, like Gecko) Chrome/96.0.4664.110 Safari/537.36"
209.141.34.187 - - [11/Aug/2022:07:53:02 -0300] "GET /favicon.ico HTTP/1.1" 301 162 "-" "Mozilla/5.0 (Macintosh; Intel Mac OS X 10_15_7) AppleWebKit/537.36 (KHTML, like Gecko) Chrome/96.0.4664.110 Safari/537.36"
177.234.144.114 - - [11/Aug/2022:08:01:48 -0300] "GET / HTTP/1.1" 301 162 "-" "Go-http-client/1.1"
177.234.144.114 - - [11/Aug/2022:08:31:46 -0300] "GET / HTTP/1.1" 301 162 "-" "Go-http-client/1.1"
209.141.35.128 - - [11/Aug/2022:08:33:34 -0300] "GET /favicon.ico HTTP/1.1" 301 162 "-" "Mozilla/5.0 (Macintosh; Intel Mac OS X 10_15_7) AppleWebKit/537.36 (KHTML, like Gecko) Chrome/96.0.4664.110 Safari/537.36"
177.234.144.114 - - [11/Aug/2022:09:01:49 -0300] "GET / HTTP/1.1" 301 162 "-" "Go-http-client/1.1"
177.234.144.114 - - [11/Aug/2022:09:31:47 -0300] "GET / HTTP/1.1" 301 162 "-" "Go-http-client/1.1"
127.0.0.1 - - [11/Aug/2022:09:39:06 -0300] "GET / HTTP/1.1" 301 162 "http://dealix.com.br:8880/" "Mozilla/5.0 (Macintosh; Intel Mac OS X 11_0_0) AppleWebKit/537.36 (KHTML, like Gecko) Chrome/87.0.4280.88 Safari/537.36"
143.255.160.66 - - [11/Aug/2022:09:39:16 -0300] "GET / HTTP/1.1" 301 162 "-" "Mozilla/5.0 (Windows NT 10.0; Win64; x64) AppleWebKit/537.36 (KHTML, like Gecko) Chrome/104.0.0.0 Safari/537.36"
177.234.144.114 - - [11/Aug/2022:10:01:48 -0300] "GET / HTTP/1.1" 301 162 "-" "Go-http-client/1.1"
177.234.144.114 - - [11/Aug/2022:10:31:46 -0300] "GET / HTTP/1.1" 301 162 "-" "Go-http-client/1.1"
177.234.144.114 - - [11/Aug/2022:11:01:50 -0300] "GET / HTTP/1.1" 301 162 "-" "Go-http-client/1.1"
177.234.144.114 - - [11/Aug/2022:11:31:44 -0300] "GET / HTTP/1.1" 301 162 "-" "Go-http-client/1.1"
205.185.121.69 - - [11/Aug/2022:11:52:36 -0300] "GET / HTTP/1.1" 301 162 "-" "Mozilla/5.0 (Macintosh; Intel Mac OS X 10_15_7) AppleWebKit/537.36 (KHTML, like Gecko) Chrome/96.0.4664.110 Safari/537.36"
205.185.121.69 - - [11/Aug/2022:11:52:38 -0300] "GET /favicon.ico HTTP/1.1" 301 162 "-" "Mozilla/5.0 (Macintosh; Intel Mac OS X 10_15_7) AppleWebKit/537.36 (KHTML, like Gecko) Chrome/96.0.4664.110 Safari/537.36"
177.234.144.114 - - [11/Aug/2022:12:01:47 -0300] "GET / HTTP/1.1" 301 162 "-" "Go-http-client/1.1"
177.234.144.114 - - [11/Aug/2022:12:31:43 -0300] "GET / HTTP/1.1" 301 162 "-" "Go-http-client/1.1"
209.141.36.231 - - [11/Aug/2022:12:47:20 -0300] "GET / HTTP/1.1" 301 162 "-" "Mozilla/5.0 (Macintosh; Intel Mac OS X 10_15_7) AppleWebKit/537.36 (KHTML, like Gecko) Chrome/96.0.4664.110 Safari/537.36"
209.141.36.231 - - [11/Aug/2022:12:47:24 -0300] "GET /favicon.ico HTTP/1.1" 301 162 "-" "Mozilla/5.0 (Macintosh; Intel Mac OS X 10_15_7) AppleWebKit/537.36 (KHTML, like Gecko) Chrome/96.0.4664.110 Safari/537.36"
177.234.144.114 - - [11/Aug/2022:13:01:46 -0300] "GET / HTTP/1.1" 301 162 "-" "Go-http-client/1.1"
177.234.144.114 - - [11/Aug/2022:13:31:47 -0300] "GET / HTTP/1.1" 301 162 "-" "Go-http-client/1.1"
177.234.144.114 - - [11/Aug/2022:14:01:48 -0300] "GET / HTTP/1.1" 301 162 "-" "Go-http-client/1.1"
177.234.144.114 - - [11/Aug/2022:14:31:44 -0300] "GET / HTTP/1.1" 301 162 "-" "Go-http-client/1.1"
209.141.55.120 - - [11/Aug/2022:14:59:39 -0300] "GET / HTTP/1.1" 301 162 "-" "Mozilla/5.0 (Macintosh; Intel Mac OS X 10_15_7) AppleWebKit/537.36 (KHTML, like Gecko) Chrome/96.0.4664.110 Safari/537.36"
209.141.55.120 - - [11/Aug/2022:14:59:42 -0300] "GET /favicon.ico HTTP/1.1" 301 162 "-" "Mozilla/5.0 (Macintosh; Intel Mac OS X 10_15_7) AppleWebKit/537.36 (KHTML, like Gecko) Chrome/96.0.4664.110 Safari/537.36"
177.234.144.114 - - [11/Aug/2022:15:01:46 -0300] "GET / HTTP/1.1" 301 162 "-" "Go-http-client/1.1"
209.141.41.193 - - [11/Aug/2022:15:07:30 -0300] "GET / HTTP/1.1" 301 162 "-" "Mozilla/5.0 (Macintosh; Intel Mac OS X 10_15_7) AppleWebKit/537.36 (KHTML, like Gecko) Chrome/96.0.4664.110 Safari/537.36"
209.141.41.193 - - [11/Aug/2022:15:07:34 -0300] "GET /favicon.ico HTTP/1.1" 301 162 "-" "Mozilla/5.0 (Macintosh; Intel Mac OS X 10_15_7) AppleWebKit/537.36 (KHTML, like Gecko) Chrome/96.0.4664.110 Safari/537.36"
205.185.121.69 - - [11/Aug/2022:15:20:37 -0300] "GET /favicon.ico HTTP/1.1" 301 162 "-" "Mozilla/5.0 (Macintosh; Intel Mac OS X 10_15_7) AppleWebKit/537.36 (KHTML, like Gecko) Chrome/96.0.4664.110 Safari/537.36"
177.234.144.114 - - [11/Aug/2022:15:31:48 -0300] "GET / HTTP/1.1" 301 162 "-" "Go-http-client/1.1"
177.234.144.114 - - [11/Aug/2022:16:01:49 -0300] "GET / HTTP/1.1" 301 162 "-" "Go-http-client/1.1"
186.202.173.147 - - [11/Aug/2022:16:03:15 -0300] "GET / HTTP/1.1" 301 162 "-" "Mozilla/5.0 (compatible; MSIE 9.0; Windows NT 6.1; WOW64; Trident/5.0)"
177.234.144.114 - - [11/Aug/2022:16:31:47 -0300] "GET / HTTP/1.1" 301 162 "-" "Go-http-client/1.1"
177.234.144.114 - - [11/Aug/2022:17:01:48 -0300] "GET / HTTP/1.1" 301 162 "-" "Go-http-client/1.1"
187.53.76.92 - - [11/Aug/2022:17:11:07 -0300] "GET / HTTP/1.1" 301 162 "-" "Mozilla/5.0 (Windows NT 10.0; Win64; x64) AppleWebKit/537.36 (KHTML, like Gecko) Chrome/103.0.5060.134 Safari/537.36 OPR/89.0.4447.83"
34.251.151.84 - - [11/Aug/2022:17:14:18 -0300] "GET / HTTP/1.1" 301 162 "-" "Mozilla/5.0 (X11; Linux x86_64) AppleWebKit/537.36 (KHTML, like Gecko) HeadlessChrome/78.0.3882.0 Safari/537.36"
143.255.160.66 - - [11/Aug/2022:17:31:38 -0300] "GET / HTTP/1.1" 301 162 "-" "Mozilla/5.0 (Windows NT 10.0; Win64; x64) AppleWebKit/537.36 (KHTML, like Gecko) Chrome/104.0.0.0 Safari/537.36"
177.234.144.114 - - [11/Aug/2022:17:31:43 -0300] "GET / HTTP/1.1" 301 162 "-" "Go-http-client/1.1"
177.234.144.114 - - [11/Aug/2022:18:01:46 -0300] "GET / HTTP/1.1" 301 162 "-" "Go-http-client/1.1"
177.234.144.114 - - [11/Aug/2022:18:31:42 -0300] "GET / HTTP/1.1" 301 162 "-" "Go-http-client/1.1"
177.234.144.114 - - [11/Aug/2022:19:01:45 -0300] "GET / HTTP/1.1" 301 162 "-" "Go-http-client/1.1"
177.234.144.114 - - [11/Aug/2022:19:31:45 -0300] "GET / HTTP/1.1" 301 162 "-" "Go-http-client/1.1"
177.234.144.114 - - [11/Aug/2022:20:01:46 -0300] "GET / HTTP/1.1" 301 162 "-" "Go-http-client/1.1"
177.234.144.114 - - [11/Aug/2022:20:31:45 -0300] "GET / HTTP/1.1" 301 162 "-" "Go-http-client/1.1"
177.234.144.114 - - [11/Aug/2022:21:01:46 -0300] "GET / HTTP/1.1" 301 162 "-" "Go-http-client/1.1"
177.234.144.114 - - [11/Aug/2022:21:31:43 -0300] "GET / HTTP/1.1" 301 162 "-" "Go-http-client/1.1"
205.185.122.184 - - [11/Aug/2022:21:55:37 -0300] "GET / HTTP/1.1" 301 162 "-" "Mozilla/5.0 (Macintosh; Intel Mac OS X 10_15_7) AppleWebKit/537.36 (KHTML, like Gecko) Chrome/96.0.4664.110 Safari/537.36"
205.185.122.184 - - [11/Aug/2022:21:55:40 -0300] "GET /favicon.ico HTTP/1.1" 301 162 "-" "Mozilla/5.0 (Macintosh; Intel Mac OS X 10_15_7) AppleWebKit/537.36 (KHTML, like Gecko) Chrome/96.0.4664.110 Safari/537.36"
177.234.144.114 - - [11/Aug/2022:22:01:46 -0300] "GET / HTTP/1.1" 301 162 "-" "Go-http-client/1.1"
209.141.55.120 - - [11/Aug/2022:22:03:09 -0300] "GET / HTTP/1.1" 301 162 "-" "Mozilla/5.0 (Macintosh; Intel Mac OS X 10_15_7) AppleWebKit/537.36 (KHTML, like Gecko) Chrome/96.0.4664.110 Safari/537.36"
209.141.55.120 - - [11/Aug/2022:22:03:11 -0300] "GET /favicon.ico HTTP/1.1" 301 162 "-" "Mozilla/5.0 (Macintosh; Intel Mac OS X 10_15_7) AppleWebKit/537.36 (KHTML, like Gecko) Chrome/96.0.4664.110 Safari/537.36"
177.234.144.114 - - [11/Aug/2022:22:31:44 -0300] "GET / HTTP/1.1" 301 162 "-" "Go-http-client/1.1"
177.234.144.114 - - [11/Aug/2022:23:02:45 -0300] "GET / HTTP/1.1" 301 162 "-" "Go-http-client/1.1"
177.234.144.114 - - [11/Aug/2022:23:31:46 -0300] "GET / HTTP/1.1" 301 162 "-" "Go-http-client/1.1"
177.234.144.114 - - [12/Aug/2022:00:02:23 -0300] "GET / HTTP/1.1" 301 162 "-" "Go-http-client/1.1"
177.234.144.114 - - [12/Aug/2022:00:32:09 -0300] "GET / HTTP/1.1" 301 162 "-" "Go-http-client/1.1"
177.234.144.114 - - [12/Aug/2022:01:01:58 -0300] "GET / HTTP/1.1" 301 162 "-" "Go-http-client/1.1"
177.234.144.114 - - [12/Aug/2022:01:31:46 -0300] "GET / HTTP/1.1" 301 162 "-" "Go-http-client/1.1"
177.234.144.114 - - [12/Aug/2022:02:01:56 -0300] "GET / HTTP/1.1" 301 162 "-" "Go-http-client/1.1"
177.234.144.114 - - [12/Aug/2022:02:31:43 -0300] "GET / HTTP/1.1" 301 162 "-" "Go-http-client/1.1"
177.234.144.114 - - [12/Aug/2022:03:01:49 -0300] "GET / HTTP/1.1" 301 162 "-" "Go-http-client/1.1"
177.234.144.114 - - [12/Aug/2022:03:31:46 -0300] "GET / HTTP/1.1" 301 162 "-" "Go-http-client/1.1"
177.234.144.114 - - [12/Aug/2022:04:01:48 -0300] "GET / HTTP/1.1" 301 162 "-" "Go-http-client/1.1"
34.217.149.136 - - [12/Aug/2022:04:21:03 -0300] "GET / HTTP/1.1" 301 162 "-" "Mozilla/5.0 (X11; Linux x86_64) AppleWebKit/537.36 (KHTML, like Gecko) Chrome/83.0.4103.97 Safari/537.36"
54.213.55.145 - - [12/Aug/2022:04:21:35 -0300] "GET /favicon.ico HTTP/1.1" 301 162 "-" "Mozilla/5.0 (X11; Linux x86_64) AppleWebKit/537.36 (KHTML, like Gecko) Chrome/83.0.4103.97 Safari/537.36"
54.213.55.145 - - [12/Aug/2022:04:21:39 -0300] "GET / HTTP/1.1" 301 162 "-" "Mozilla/5.0 (X11; Linux x86_64) AppleWebKit/537.36 (KHTML, like Gecko) Chrome/83.0.4103.97 Safari/537.36"
177.234.144.114 - - [12/Aug/2022:04:31:47 -0300] "GET / HTTP/1.1" 301 162 "-" "Go-http-client/1.1"
18.237.244.154 - - [12/Aug/2022:04:33:05 -0300] "GET / HTTP/1.1" 301 162 "-" "Mozilla/5.0 (Windows NT 10.0; Win64; x64)AppleWebKit/537.36 (KHTML, like Gecko) Chrome/66.0.3359.181 Safari/537.36"
177.234.144.114 - - [12/Aug/2022:05:01:47 -0300] "GET / HTTP/1.1" 301 162 "-" "Go-http-client/1.1"
177.234.144.114 - - [12/Aug/2022:05:31:43 -0300] "GET / HTTP/1.1" 301 162 "-" "Go-http-client/1.1"
177.234.144.114 - - [12/Aug/2022:06:01:49 -0300] "GET / HTTP/1.1" 301 162 "-" "Go-http-client/1.1"
177.234.144.114 - - [12/Aug/2022:06:31:44 -0300] "GET / HTTP/1.1" 301 162 "-" "Go-http-client/1.1"
177.234.144.114 - - [12/Aug/2022:07:01:46 -0300] "GET / HTTP/1.1" 301 162 "-" "Go-http-client/1.1"
177.234.144.114 - - [12/Aug/2022:07:31:44 -0300] "GET / HTTP/1.1" 301 162 "-" "Go-http-client/1.1"
177.234.144.114 - - [12/Aug/2022:08:01:50 -0300] "GET / HTTP/1.1" 301 162 "-" "Go-http-client/1.1"
209.141.35.128 - - [12/Aug/2022:08:28:33 -0300] "GET / HTTP/1.1" 301 162 "-" "Mozilla/5.0 (Macintosh; Intel Mac OS X 10_15_7) AppleWebKit/537.36 (KHTML, like Gecko) Chrome/96.0.4664.110 Safari/537.36"
209.141.35.128 - - [12/Aug/2022:08:28:37 -0300] "GET /favicon.ico HTTP/1.1" 301 162 "-" "Mozilla/5.0 (Macintosh; Intel Mac OS X 10_15_7) AppleWebKit/537.36 (KHTML, like Gecko) Chrome/96.0.4664.110 Safari/537.36"
177.234.144.114 - - [12/Aug/2022:08:31:46 -0300] "GET / HTTP/1.1" 301 162 "-" "Go-http-client/1.1"
177.234.144.114 - - [12/Aug/2022:09:01:50 -0300] "GET / HTTP/1.1" 301 162 "-" "Go-http-client/1.1"
177.234.144.114 - - [12/Aug/2022:09:31:45 -0300] "GET / HTTP/1.1" 301 162 "-" "Go-http-client/1.1"
209.141.34.187 - - [12/Aug/2022:09:53:19 -0300] "GET / HTTP/1.1" 301 162 "-" "Mozilla/5.0 (Macintosh; Intel Mac OS X 10_15_7) AppleWebKit/537.36 (KHTML, like Gecko) Chrome/96.0.4664.110 Safari/537.36"
209.141.34.187 - - [12/Aug/2022:09:53:21 -0300] "GET /favicon.ico HTTP/1.1" 301 162 "-" "Mozilla/5.0 (Macintosh; Intel Mac OS X 10_15_7) AppleWebKit/537.36 (KHTML, like Gecko) Chrome/96.0.4664.110 Safari/537.36"
177.234.144.114 - - [12/Aug/2022:10:01:48 -0300] "GET / HTTP/1.1" 301 162 "-" "Go-http-client/1.1"
8.45.47.67 - - [12/Aug/2022:10:25:32 -0300] "GET / HTTP/1.1" 301 162 "-" "Mozilla/5.0 (Macintosh; Intel Mac OS X 10_15_7) AppleWebKit/537.36 (KHTML, like Gecko) Chrome/96.0.4664.110 Safari/537.36"
8.45.47.67 - - [12/Aug/2022:10:25:34 -0300] "GET /favicon.ico HTTP/1.1" 301 162 "-" "Mozilla/5.0 (Macintosh; Intel Mac OS X 10_15_7) AppleWebKit/537.36 (KHTML, like Gecko) Chrome/96.0.4664.110 Safari/537.36"
177.234.144.114 - - [12/Aug/2022:10:32:00 -0300] "GET / HTTP/1.1" 301 162 "-" "Go-http-client/1.1"
18.212.74.40 - - [12/Aug/2022:10:40:45 -0300] "GET / HTTP/1.1" 301 162 "-" "Mozilla/5.0 (Macintosh; Intel Mac OS X 10_10_1) AppleWebKit/537.36 (KHTML, like Gecko) Chrome/39.0.2171.95 Safari/537.36"
18.212.74.40 - - [12/Aug/2022:10:40:47 -0300] "GET /wordpress/ HTTP/1.1" 301 162 "-" "Mozilla/5.0 (Macintosh; Intel Mac OS X 10_10_1) AppleWebKit/537.36 (KHTML, like Gecko) Chrome/39.0.2171.95 Safari/537.36"
18.212.74.40 - - [12/Aug/2022:10:40:51 -0300] "GET /wp/ HTTP/1.1" 301 162 "-" "Mozilla/5.0 (Macintosh; Intel Mac OS X 10_10_1) AppleWebKit/537.36 (KHTML, like Gecko) Chrome/39.0.2171.95 Safari/537.36"
18.212.74.40 - - [12/Aug/2022:10:40:54 -0300] "GET /blog/ HTTP/1.1" 301 162 "-" "Mozilla/5.0 (Macintosh; Intel Mac OS X 10_10_1) AppleWebKit/537.36 (KHTML, like Gecko) Chrome/39.0.2171.95 Safari/537.36"
18.212.74.40 - - [12/Aug/2022:10:40:56 -0300] "GET /new/ HTTP/1.1" 301 162 "-" "Mozilla/5.0 (Macintosh; Intel Mac OS X 10_10_1) AppleWebKit/537.36 (KHTML, like Gecko) Chrome/39.0.2171.95 Safari/537.36"
18.212.74.40 - - [12/Aug/2022:10:41:00 -0300] "GET /old/ HTTP/1.1" 301 162 "-" "Mozilla/5.0 (Macintosh; Intel Mac OS X 10_10_1) AppleWebKit/537.36 (KHTML, like Gecko) Chrome/39.0.2171.95 Safari/537.36"
18.212.74.40 - - [12/Aug/2022:10:41:10 -0300] "GET /backup/ HTTP/1.1" 301 162 "-" "Mozilla/5.0 (Macintosh; Intel Mac OS X 10_10_1) AppleWebKit/537.36 (KHTML, like Gecko) Chrome/39.0.2171.95 Safari/537.36"
18.212.74.40 - - [12/Aug/2022:10:41:21 -0300] "GET /oldsite/ HTTP/1.1" 301 162 "-" "Mozilla/5.0 (Macintosh; Intel Mac OS X 10_10_1) AppleWebKit/537.36 (KHTML, like Gecko) Chrome/39.0.2171.95 Safari/537.36"
18.212.74.40 - - [12/Aug/2022:10:41:28 -0300] "GET /back/ HTTP/1.1" 301 162 "-" "Mozilla/5.0 (Macintosh; Intel Mac OS X 10_10_1) AppleWebKit/537.36 (KHTML, like Gecko) Chrome/39.0.2171.95 Safari/537.36"
177.234.144.114 - - [12/Aug/2022:11:01:49 -0300] "GET / HTTP/1.1" 301 162 "-" "Go-http-client/1.1"
177.234.144.114 - - [12/Aug/2022:11:31:46 -0300] "GET / HTTP/1.1" 301 162 "-" "Go-http-client/1.1"
177.234.144.114 - - [12/Aug/2022:12:01:45 -0300] "GET / HTTP/1.1" 301 162 "-" "Go-http-client/1.1"
177.234.144.114 - - [12/Aug/2022:12:31:46 -0300] "GET / HTTP/1.1" 301 162 "-" "Go-http-client/1.1"
209.141.36.231 - - [12/Aug/2022:12:59:16 -0300] "GET / HTTP/1.1" 301 162 "-" "Mozilla/5.0 (Macintosh; Intel Mac OS X 10_15_7) AppleWebKit/537.36 (KHTML, like Gecko) Chrome/96.0.4664.110 Safari/537.36"
209.141.36.231 - - [12/Aug/2022:12:59:23 -0300] "GET /favicon.ico HTTP/1.1" 301 162 "-" "Mozilla/5.0 (Macintosh; Intel Mac OS X 10_15_7) AppleWebKit/537.36 (KHTML, like Gecko) Chrome/96.0.4664.110 Safari/537.36"
177.234.144.114 - - [12/Aug/2022:13:01:44 -0300] "GET / HTTP/1.1" 301 162 "-" "Go-http-client/1.1"
177.234.144.114 - - [12/Aug/2022:13:31:47 -0300] "GET / HTTP/1.1" 301 162 "-" "Go-http-client/1.1"
177.234.144.114 - - [12/Aug/2022:14:01:47 -0300] "GET / HTTP/1.1" 301 162 "-" "Go-http-client/1.1"
177.234.144.114 - - [12/Aug/2022:14:31:45 -0300] "GET / HTTP/1.1" 301 162 "-" "Go-http-client/1.1"
177.234.144.114 - - [12/Aug/2022:15:01:48 -0300] "GET / HTTP/1.1" 301 162 "-" "Go-http-client/1.1"
186.202.173.147 - - [12/Aug/2022:15:03:22 -0300] "GET / HTTP/1.1" 301 162 "-" "Mozilla/5.0 (compatible; MSIE 9.0; Windows NT 6.1; WOW64; Trident/5.0)"
177.234.144.114 - - [12/Aug/2022:15:31:42 -0300] "GET / HTTP/1.1" 301 162 "-" "Go-http-client/1.1"
205.185.121.69 - - [12/Aug/2022:15:54:47 -0300] "GET / HTTP/1.1" 301 162 "-" "Mozilla/5.0 (Macintosh; Intel Mac OS X 10_15_7) AppleWebKit/537.36 (KHTML, like Gecko) Chrome/96.0.4664.110 Safari/537.36"
205.185.121.69 - - [12/Aug/2022:15:54:49 -0300] "GET /favicon.ico HTTP/1.1" 301 162 "-" "Mozilla/5.0 (Macintosh; Intel Mac OS X 10_15_7) AppleWebKit/537.36 (KHTML, like Gecko) Chrome/96.0.4664.110 Safari/537.36"
177.234.144.114 - - [12/Aug/2022:16:01:48 -0300] "GET / HTTP/1.1" 301 162 "-" "Go-http-client/1.1"
205.185.116.89 - - [12/Aug/2022:16:28:45 -0300] "GET / HTTP/1.1" 301 162 "-" "Mozilla/5.0 (Macintosh; Intel Mac OS X 10_15_7) AppleWebKit/537.36 (KHTML, like Gecko) Chrome/96.0.4664.110 Safari/537.36"
205.185.116.89 - - [12/Aug/2022:16:28:48 -0300] "GET /favicon.ico HTTP/1.1" 301 162 "-" "Mozilla/5.0 (Macintosh; Intel Mac OS X 10_15_7) AppleWebKit/537.36 (KHTML, like Gecko) Chrome/96.0.4664.110 Safari/537.36"
177.234.144.114 - - [12/Aug/2022:16:31:45 -0300] "GET / HTTP/1.1" 301 162 "-" "Go-http-client/1.1"
209.141.41.193 - - [12/Aug/2022:16:36:02 -0300] "GET / HTTP/1.1" 301 162 "-" "Mozilla/5.0 (Macintosh; Intel Mac OS X 10_15_7) AppleWebKit/537.36 (KHTML, like Gecko) Chrome/96.0.4664.110 Safari/537.36"
209.141.41.193 - - [12/Aug/2022:16:36:03 -0300] "GET /favicon.ico HTTP/1.1" 301 162 "-" "Mozilla/5.0 (Macintosh; Intel Mac OS X 10_15_7) AppleWebKit/537.36 (KHTML, like Gecko) Chrome/96.0.4664.110 Safari/537.36"
137.184.205.134 - - [12/Aug/2022:16:55:55 -0300] "GET / HTTP/1.1" 301 162 "-" "Mozilla/5.0 (Windows NT 10.0; Win64; x64) AppleWebKit/537.36 (KHTML, like Gecko) Chrome/64.0.3406.125 Safari/537.36"
137.184.205.134 - - [12/Aug/2022:16:55:55 -0300] "GET /wordpress/ HTTP/1.1" 301 162 "-" "Mozilla/5.0 (Windows NT 10.0; Win64; x64) AppleWebKit/537.36 (KHTML, like Gecko) Chrome/64.0.3406.125 Safari/537.36"
137.184.205.134 - - [12/Aug/2022:16:55:55 -0300] "GET /wp/ HTTP/1.1" 301 162 "-" "Mozilla/5.0 (Windows NT 10.0; Win64; x64) AppleWebKit/537.36 (KHTML, like Gecko) Chrome/64.0.3406.125 Safari/537.36"
137.184.205.134 - - [12/Aug/2022:16:55:56 -0300] "GET /blog/ HTTP/1.1" 301 162 "-" "Mozilla/5.0 (Windows NT 10.0; Win64; x64) AppleWebKit/537.36 (KHTML, like Gecko) Chrome/64.0.3406.125 Safari/537.36"
137.184.205.134 - - [12/Aug/2022:16:55:56 -0300] "GET /new/ HTTP/1.1" 301 162 "-" "Mozilla/5.0 (Windows NT 10.0; Win64; x64) AppleWebKit/537.36 (KHTML, like Gecko) Chrome/64.0.3406.125 Safari/537.36"
137.184.205.134 - - [12/Aug/2022:16:55:56 -0300] "GET /old/ HTTP/1.1" 301 162 "-" "Mozilla/5.0 (Windows NT 10.0; Win64; x64) AppleWebKit/537.36 (KHTML, like Gecko) Chrome/64.0.3406.125 Safari/537.36"
137.184.205.134 - - [12/Aug/2022:16:55:57 -0300] "GET /test/ HTTP/1.1" 301 162 "-" "Mozilla/5.0 (Windows NT 10.0; Win64; x64) AppleWebKit/537.36 (KHTML, like Gecko) Chrome/64.0.3406.125 Safari/537.36"
137.184.205.134 - - [12/Aug/2022:16:55:57 -0300] "GET /main/ HTTP/1.1" 301 162 "-" "Mozilla/5.0 (Windows NT 10.0; Win64; x64) AppleWebKit/537.36 (KHTML, like Gecko) Chrome/64.0.3406.125 Safari/537.36"
137.184.205.134 - - [12/Aug/2022:16:55:57 -0300] "GET /site/ HTTP/1.1" 301 162 "-" "Mozilla/5.0 (Windows NT 10.0; Win64; x64) AppleWebKit/537.36 (KHTML, like Gecko) Chrome/64.0.3406.125 Safari/537.36"
137.184.205.134 - - [12/Aug/2022:16:55:58 -0300] "GET /backup/ HTTP/1.1" 301 162 "-" "Mozilla/5.0 (Windows NT 10.0; Win64; x64) AppleWebKit/537.36 (KHTML, like Gecko) Chrome/64.0.3406.125 Safari/537.36"
137.184.205.134 - - [12/Aug/2022:16:55:58 -0300] "GET /demo/ HTTP/1.1" 301 162 "-" "Mozilla/5.0 (Windows NT 10.0; Win64; x64) AppleWebKit/537.36 (KHTML, like Gecko) Chrome/64.0.3406.125 Safari/537.36"
137.184.205.134 - - [12/Aug/2022:16:55:58 -0300] "GET /home/ HTTP/1.1" 301 162 "-" "Mozilla/5.0 (Windows NT 10.0; Win64; x64) AppleWebKit/537.36 (KHTML, like Gecko) Chrome/64.0.3406.125 Safari/537.36"
137.184.205.134 - - [12/Aug/2022:16:55:59 -0300] "GET /tmp/ HTTP/1.1" 301 162 "-" "Mozilla/5.0 (Windows NT 10.0; Win64; x64) AppleWebKit/537.36 (KHTML, like Gecko) Chrome/64.0.3406.125 Safari/537.36"
137.184.205.134 - - [12/Aug/2022:16:55:59 -0300] "GET /cms/ HTTP/1.1" 301 162 "-" "Mozilla/5.0 (Windows NT 10.0; Win64; x64) AppleWebKit/537.36 (KHTML, like Gecko) Chrome/64.0.3406.125 Safari/537.36"
137.184.205.134 - - [12/Aug/2022:16:55:59 -0300] "GET /dev/ HTTP/1.1" 301 162 "-" "Mozilla/5.0 (Windows NT 10.0; Win64; x64) AppleWebKit/537.36 (KHTML, like Gecko) Chrome/64.0.3406.125 Safari/537.36"
137.184.205.134 - - [12/Aug/2022:16:56:00 -0300] "GET /portal/ HTTP/1.1" 301 162 "-" "Mozilla/5.0 (Windows NT 10.0; Win64; x64) AppleWebKit/537.36 (KHTML, like Gecko) Chrome/64.0.3406.125 Safari/537.36"
137.184.205.134 - - [12/Aug/2022:16:56:00 -0300] "GET /web/ HTTP/1.1" 301 162 "-" "Mozilla/5.0 (Windows NT 10.0; Win64; x64) AppleWebKit/537.36 (KHTML, like Gecko) Chrome/64.0.3406.125 Safari/537.36"
177.234.144.114 - - [12/Aug/2022:17:01:51 -0300] "GET / HTTP/1.1" 301 162 "-" "Go-http-client/1.1"
191.6.209.214 - - [12/Aug/2022:17:10:03 -0300] "GET / HTTP/1.1" 301 162 "https://king.host/?utm_source=superdominios&utm_medium=acessos-auto" "Mozilla/5.0 (Linux; Android 6.0; 5085J) AppleWebKit/537.36 (KHTML, like Gecko) Chrome/71.0.3578.99 Mobile Safari/537.36"
177.234.144.114 - - [12/Aug/2022:17:31:45 -0300] "GET / HTTP/1.1" 301 162 "-" "Go-http-client/1.1"
177.234.144.114 - - [12/Aug/2022:18:01:46 -0300] "GET / HTTP/1.1" 301 162 "-" "Go-http-client/1.1"
209.141.36.231 - - [12/Aug/2022:18:23:35 -0300] "GET / HTTP/1.1" 301 162 "-" "Mozilla/5.0 (Macintosh; Intel Mac OS X 10_15_7) AppleWebKit/537.36 (KHTML, like Gecko) Chrome/96.0.4664.110 Safari/537.36"
209.141.36.231 - - [12/Aug/2022:18:23:37 -0300] "GET /favicon.ico HTTP/1.1" 301 162 "-" "Mozilla/5.0 (Macintosh; Intel Mac OS X 10_15_7) AppleWebKit/537.36 (KHTML, like Gecko) Chrome/96.0.4664.110 Safari/537.36"
177.234.144.114 - - [12/Aug/2022:18:31:44 -0300] "GET / HTTP/1.1" 301 162 "-" "Go-http-client/1.1"
177.234.144.114 - - [12/Aug/2022:19:01:50 -0300] "GET / HTTP/1.1" 301 162 "-" "Go-http-client/1.1"
177.234.144.114 - - [12/Aug/2022:19:31:46 -0300] "GET / HTTP/1.1" 301 162 "-" "Go-http-client/1.1"
177.234.144.114 - - [12/Aug/2022:20:01:55 -0300] "GET / HTTP/1.1" 301 162 "-" "Go-http-client/1.1"
177.234.144.114 - - [12/Aug/2022:20:31:43 -0300] "GET / HTTP/1.1" 301 162 "-" "Go-http-client/1.1"
177.234.144.114 - - [12/Aug/2022:21:01:44 -0300] "GET / HTTP/1.1" 301 162 "-" "Go-http-client/1.1"
209.141.55.120 - - [12/Aug/2022:21:28:58 -0300] "GET / HTTP/1.1" 301 162 "-" "Mozilla/5.0 (Macintosh; Intel Mac OS X 10_15_7) AppleWebKit/537.36 (KHTML, like Gecko) Chrome/96.0.4664.110 Safari/537.36"
209.141.55.120 - - [12/Aug/2022:21:29:00 -0300] "GET /favicon.ico HTTP/1.1" 301 162 "-" "Mozilla/5.0 (Macintosh; Intel Mac OS X 10_15_7) AppleWebKit/537.36 (KHTML, like Gecko) Chrome/96.0.4664.110 Safari/537.36"
177.234.144.114 - - [12/Aug/2022:21:31:43 -0300] "GET / HTTP/1.1" 301 162 "-" "Go-http-client/1.1"
177.234.144.114 - - [12/Aug/2022:22:01:44 -0300] "GET / HTTP/1.1" 301 162 "-" "Go-http-client/1.1"
177.234.144.114 - - [12/Aug/2022:22:31:41 -0300] "GET / HTTP/1.1" 301 162 "-" "Go-http-client/1.1"
177.234.144.114 - - [12/Aug/2022:23:02:31 -0300] "GET / HTTP/1.1" 301 162 "-" "Go-http-client/1.1"
177.234.144.114 - - [12/Aug/2022:23:31:44 -0300] "GET / HTTP/1.1" 301 162 "-" "Go-http-client/1.1"
177.234.144.114 - - [13/Aug/2022:00:01:47 -0300] "GET / HTTP/1.1" 301 162 "-" "Go-http-client/1.1"
177.234.144.114 - - [13/Aug/2022:00:31:45 -0300] "GET / HTTP/1.1" 301 162 "-" "Go-http-client/1.1"
177.234.144.114 - - [13/Aug/2022:01:03:26 -0300] "GET / HTTP/1.1" 301 162 "-" "Go-http-client/1.1"
177.234.144.114 - - [13/Aug/2022:01:31:46 -0300] "GET / HTTP/1.1" 301 162 "-" "Go-http-client/1.1"
177.234.144.114 - - [13/Aug/2022:02:01:47 -0300] "GET / HTTP/1.1" 301 162 "-" "Go-http-client/1.1"
177.234.144.114 - - [13/Aug/2022:02:31:41 -0300] "GET / HTTP/1.1" 301 162 "-" "Go-http-client/1.1"
177.234.144.114 - - [13/Aug/2022:03:01:53 -0300] "GET / HTTP/1.1" 301 162 "-" "Go-http-client/1.1"
177.234.144.114 - - [13/Aug/2022:03:31:42 -0300] "GET / HTTP/1.1" 301 162 "-" "Go-http-client/1.1"
177.234.144.114 - - [13/Aug/2022:04:01:42 -0300] "GET / HTTP/1.1" 301 162 "-" "Go-http-client/1.1"
177.234.144.114 - - [13/Aug/2022:04:31:48 -0300] "GET / HTTP/1.1" 301 162 "-" "Go-http-client/1.1"
54.185.43.163 - - [13/Aug/2022:04:35:35 -0300] "GET / HTTP/1.1" 301 162 "-" "Mozilla/5.0 (Windows NT 10.0; Win64; x64)AppleWebKit/537.36 (KHTML, like Gecko) Chrome/66.0.3359.181 Safari/537.36"
34.211.253.92 - - [13/Aug/2022:04:46:17 -0300] "GET / HTTP/1.1" 301 162 "-" "Mozilla/5.0 (X11; Linux x86_64) AppleWebKit/537.36 (KHTML, like Gecko) Chrome/83.0.4103.97 Safari/537.36"
54.149.251.111 - - [13/Aug/2022:04:46:34 -0300] "GET /favicon.ico HTTP/1.1" 301 162 "-" "Mozilla/5.0 (X11; Linux x86_64) AppleWebKit/537.36 (KHTML, like Gecko) Chrome/83.0.4103.97 Safari/537.36"
54.149.251.111 - - [13/Aug/2022:04:46:38 -0300] "GET / HTTP/1.1" 301 162 "-" "Mozilla/5.0 (X11; Linux x86_64) AppleWebKit/537.36 (KHTML, like Gecko) Chrome/83.0.4103.97 Safari/537.36"
177.234.144.114 - - [13/Aug/2022:05:01:47 -0300] "GET / HTTP/1.1" 301 162 "-" "Go-http-client/1.1"
177.234.144.114 - - [13/Aug/2022:05:31:43 -0300] "GET / HTTP/1.1" 301 162 "-" "Go-http-client/1.1"
177.234.144.114 - - [13/Aug/2022:06:01:46 -0300] "GET / HTTP/1.1" 301 162 "-" "Go-http-client/1.1"
177.234.144.114 - - [13/Aug/2022:06:31:46 -0300] "GET / HTTP/1.1" 301 162 "-" "Go-http-client/1.1"
177.234.144.114 - - [13/Aug/2022:07:01:47 -0300] "GET / HTTP/1.1" 301 162 "-" "Go-http-client/1.1"
177.234.144.114 - - [13/Aug/2022:07:31:45 -0300] "GET / HTTP/1.1" 301 162 "-" "Go-http-client/1.1"
177.234.144.114 - - [13/Aug/2022:08:01:48 -0300] "GET / HTTP/1.1" 301 162 "-" "Go-http-client/1.1"
177.234.144.114 - - [13/Aug/2022:08:31:47 -0300] "GET / HTTP/1.1" 301 162 "-" "Go-http-client/1.1"
177.234.144.114 - - [13/Aug/2022:09:01:51 -0300] "GET / HTTP/1.1" 301 162 "-" "Go-http-client/1.1"
177.234.144.114 - - [13/Aug/2022:09:31:43 -0300] "GET / HTTP/1.1" 301 162 "-" "Go-http-client/1.1"
177.234.144.114 - - [13/Aug/2022:10:01:47 -0300] "GET / HTTP/1.1" 301 162 "-" "Go-http-client/1.1"
177.234.144.114 - - [13/Aug/2022:10:31:44 -0300] "GET / HTTP/1.1" 301 162 "-" "Go-http-client/1.1"
177.234.144.114 - - [13/Aug/2022:11:01:47 -0300] "GET / HTTP/1.1" 301 162 "-" "Go-http-client/1.1"
177.234.144.114 - - [13/Aug/2022:11:31:45 -0300] "GET / HTTP/1.1" 301 162 "-" "Go-http-client/1.1"
209.141.49.169 - - [13/Aug/2022:11:55:00 -0300] "GET / HTTP/1.1" 301 162 "-" "Mozilla/5.0 (Macintosh; Intel Mac OS X 10_15_7) AppleWebKit/537.36 (KHTML, like Gecko) Chrome/96.0.4664.110 Safari/537.36"
209.141.49.169 - - [13/Aug/2022:11:55:02 -0300] "GET /favicon.ico HTTP/1.1" 301 162 "-" "Mozilla/5.0 (Macintosh; Intel Mac OS X 10_15_7) AppleWebKit/537.36 (KHTML, like Gecko) Chrome/96.0.4664.110 Safari/537.36"
177.234.144.114 - - [13/Aug/2022:12:01:45 -0300] "GET / HTTP/1.1" 301 162 "-" "Go-http-client/1.1"
177.234.144.114 - - [13/Aug/2022:12:31:44 -0300] "GET / HTTP/1.1" 301 162 "-" "Go-http-client/1.1"
177.234.144.114 - - [13/Aug/2022:13:01:45 -0300] "GET / HTTP/1.1" 301 162 "-" "Go-http-client/1.1"
177.234.144.114 - - [13/Aug/2022:13:31:43 -0300] "GET / HTTP/1.1" 301 162 "-" "Go-http-client/1.1"
177.234.144.114 - - [13/Aug/2022:14:01:47 -0300] "GET / HTTP/1.1" 301 162 "-" "Go-http-client/1.1"
177.234.144.114 - - [13/Aug/2022:14:31:43 -0300] "GET / HTTP/1.1" 301 162 "-" "Go-http-client/1.1"
186.202.173.147 - - [13/Aug/2022:14:55:07 -0300] "GET / HTTP/1.1" 301 162 "-" "Mozilla/5.0 (compatible; MSIE 9.0; Windows NT 6.1; WOW64; Trident/5.0)"
205.185.122.184 - - [13/Aug/2022:14:56:31 -0300] "GET / HTTP/1.1" 301 162 "-" "Mozilla/5.0 (Macintosh; Intel Mac OS X 10_15_7) AppleWebKit/537.36 (KHTML, like Gecko) Chrome/96.0.4664.110 Safari/537.36"
205.185.122.184 - - [13/Aug/2022:14:56:33 -0300] "GET /favicon.ico HTTP/1.1" 301 162 "-" "Mozilla/5.0 (Macintosh; Intel Mac OS X 10_15_7) AppleWebKit/537.36 (KHTML, like Gecko) Chrome/96.0.4664.110 Safari/537.36"
177.234.144.114 - - [13/Aug/2022:15:01:50 -0300] "GET / HTTP/1.1" 301 162 "-" "Go-http-client/1.1"
177.234.144.114 - - [13/Aug/2022:15:31:41 -0300] "GET / HTTP/1.1" 301 162 "-" "Go-http-client/1.1"
209.141.36.231 - - [13/Aug/2022:15:58:49 -0300] "GET / HTTP/1.1" 301 162 "-" "Mozilla/5.0 (Macintosh; Intel Mac OS X 10_15_7) AppleWebKit/537.36 (KHTML, like Gecko) Chrome/96.0.4664.110 Safari/537.36"
209.141.36.231 - - [13/Aug/2022:15:58:52 -0300] "GET /favicon.ico HTTP/1.1" 301 162 "-" "Mozilla/5.0 (Macintosh; Intel Mac OS X 10_15_7) AppleWebKit/537.36 (KHTML, like Gecko) Chrome/96.0.4664.110 Safari/537.36"
177.234.144.114 - - [13/Aug/2022:16:01:47 -0300] "GET / HTTP/1.1" 301 162 "-" "Go-http-client/1.1"
177.234.144.114 - - [13/Aug/2022:16:31:42 -0300] "GET / HTTP/1.1" 301 162 "-" "Go-http-client/1.1"
177.234.144.114 - - [13/Aug/2022:17:01:44 -0300] "GET / HTTP/1.1" 301 162 "-" "Go-http-client/1.1"
177.234.144.114 - - [13/Aug/2022:17:31:42 -0300] "GET / HTTP/1.1" 301 162 "-" "Go-http-client/1.1"
177.234.144.114 - - [13/Aug/2022:18:01:46 -0300] "GET / HTTP/1.1" 301 162 "-" "Go-http-client/1.1"
177.234.144.114 - - [13/Aug/2022:18:31:42 -0300] "GET / HTTP/1.1" 301 162 "-" "Go-http-client/1.1"
177.234.144.114 - - [13/Aug/2022:19:01:43 -0300] "GET / HTTP/1.1" 301 162 "-" "Go-http-client/1.1"
177.234.144.114 - - [13/Aug/2022:19:31:45 -0300] "GET / HTTP/1.1" 301 162 "-" "Go-http-client/1.1"
177.234.144.114 - - [13/Aug/2022:20:01:46 -0300] "GET / HTTP/1.1" 301 162 "-" "Go-http-client/1.1"
177.234.144.114 - - [13/Aug/2022:20:31:44 -0300] "GET / HTTP/1.1" 301 162 "-" "Go-http-client/1.1"
177.234.144.114 - - [13/Aug/2022:21:01:46 -0300] "GET / HTTP/1.1" 301 162 "-" "Go-http-client/1.1"
