177.234.144.114 - - [09/Jun/2022:19:31:49 -0300] "GET / HTTP/1.1" 301 162 "-" "Go-http-client/1.1"
177.234.144.114 - - [09/Jun/2022:20:01:50 -0300] "GET / HTTP/1.1" 301 162 "-" "Go-http-client/1.1"
177.234.144.114 - - [09/Jun/2022:20:31:50 -0300] "GET / HTTP/1.1" 301 162 "-" "Go-http-client/1.1"
177.234.144.114 - - [09/Jun/2022:21:01:49 -0300] "GET / HTTP/1.1" 301 162 "-" "Go-http-client/1.1"
177.234.144.114 - - [09/Jun/2022:21:31:46 -0300] "GET / HTTP/1.1" 301 162 "-" "Go-http-client/1.1"
177.234.144.114 - - [09/Jun/2022:22:01:47 -0300] "GET / HTTP/1.1" 301 162 "-" "Go-http-client/1.1"
177.234.144.114 - - [09/Jun/2022:22:31:47 -0300] "GET / HTTP/1.1" 301 162 "-" "Go-http-client/1.1"
177.234.144.114 - - [09/Jun/2022:23:02:28 -0300] "GET / HTTP/1.1" 301 162 "-" "Go-http-client/1.1"
54.154.148.34 - - [09/Jun/2022:23:08:56 -0300] "GET / HTTP/1.1" 301 162 "-" "Mozilla/5.0 (X11; Linux x86_64) AppleWebKit/537.36 (KHTML, like Gecko) HeadlessChrome/78.0.3882.0 Safari/537.36"
177.234.144.114 - - [09/Jun/2022:23:31:53 -0300] "GET / HTTP/1.1" 301 162 "-" "Go-http-client/1.1"
177.234.144.114 - - [10/Jun/2022:00:01:53 -0300] "GET / HTTP/1.1" 301 162 "-" "Go-http-client/1.1"
177.234.144.114 - - [10/Jun/2022:00:31:55 -0300] "GET / HTTP/1.1" 301 162 "-" "Go-http-client/1.1"
177.234.144.114 - - [10/Jun/2022:01:01:51 -0300] "GET / HTTP/1.1" 301 162 "-" "Go-http-client/1.1"
177.234.144.114 - - [10/Jun/2022:01:31:44 -0300] "GET / HTTP/1.1" 301 162 "-" "Go-http-client/1.1"
177.234.144.114 - - [10/Jun/2022:02:01:48 -0300] "GET / HTTP/1.1" 301 162 "-" "Go-http-client/1.1"
177.234.144.114 - - [10/Jun/2022:02:31:47 -0300] "GET / HTTP/1.1" 301 162 "-" "Go-http-client/1.1"
177.234.144.114 - - [10/Jun/2022:03:01:48 -0300] "GET / HTTP/1.1" 301 162 "-" "Go-http-client/1.1"
177.234.144.114 - - [10/Jun/2022:03:31:44 -0300] "GET / HTTP/1.1" 301 162 "-" "Go-http-client/1.1"
177.234.144.114 - - [10/Jun/2022:04:01:44 -0300] "GET / HTTP/1.1" 301 162 "-" "Go-http-client/1.1"
177.234.144.114 - - [10/Jun/2022:04:31:49 -0300] "GET / HTTP/1.1" 301 162 "-" "Go-http-client/1.1"
54.186.192.65 - - [10/Jun/2022:04:36:49 -0300] "GET / HTTP/1.1" 301 162 "-" "Mozilla/5.0 (X11; Linux x86_64) AppleWebKit/537.36 (KHTML, like Gecko) Chrome/83.0.4103.97 Safari/537.36"
35.89.51.172 - - [10/Jun/2022:04:37:00 -0300] "GET /favicon.ico HTTP/1.1" 301 162 "-" "Mozilla/5.0 (X11; Linux x86_64) AppleWebKit/537.36 (KHTML, like Gecko) Chrome/83.0.4103.97 Safari/537.36"
35.89.51.172 - - [10/Jun/2022:04:37:04 -0300] "GET / HTTP/1.1" 301 162 "-" "Mozilla/5.0 (X11; Linux x86_64) AppleWebKit/537.36 (KHTML, like Gecko) Chrome/83.0.4103.97 Safari/537.36"
18.237.227.87 - - [10/Jun/2022:04:46:50 -0300] "GET / HTTP/1.1" 301 162 "-" "Mozilla/5.0 (Windows NT 10.0; Win64; x64)AppleWebKit/537.36 (KHTML, like Gecko) Chrome/66.0.3359.181 Safari/537.36"
177.234.144.114 - - [10/Jun/2022:05:01:48 -0300] "GET / HTTP/1.1" 301 162 "-" "Go-http-client/1.1"
177.234.144.114 - - [10/Jun/2022:05:31:49 -0300] "GET / HTTP/1.1" 301 162 "-" "Go-http-client/1.1"
177.234.144.114 - - [10/Jun/2022:06:01:47 -0300] "GET / HTTP/1.1" 301 162 "-" "Go-http-client/1.1"
177.234.144.114 - - [10/Jun/2022:06:31:48 -0300] "GET / HTTP/1.1" 301 162 "-" "Go-http-client/1.1"
177.234.144.114 - - [10/Jun/2022:07:01:49 -0300] "GET / HTTP/1.1" 301 162 "-" "Go-http-client/1.1"
177.234.144.114 - - [10/Jun/2022:07:31:43 -0300] "GET / HTTP/1.1" 301 162 "-" "Go-http-client/1.1"
177.234.144.114 - - [10/Jun/2022:08:01:46 -0300] "GET / HTTP/1.1" 301 162 "-" "Go-http-client/1.1"
177.234.144.114 - - [10/Jun/2022:08:31:48 -0300] "GET / HTTP/1.1" 301 162 "-" "Go-http-client/1.1"
177.234.144.114 - - [10/Jun/2022:09:01:56 -0300] "GET / HTTP/1.1" 301 162 "-" "Go-http-client/1.1"
177.234.144.114 - - [10/Jun/2022:09:32:00 -0300] "GET / HTTP/1.1" 301 162 "-" "Go-http-client/1.1"
177.234.144.114 - - [10/Jun/2022:10:01:51 -0300] "GET / HTTP/1.1" 301 162 "-" "Go-http-client/1.1"
177.234.144.114 - - [10/Jun/2022:10:31:51 -0300] "GET / HTTP/1.1" 301 162 "-" "Go-http-client/1.1"
177.234.144.114 - - [10/Jun/2022:11:02:00 -0300] "GET / HTTP/1.1" 301 162 "-" "Go-http-client/1.1"
177.234.144.114 - - [10/Jun/2022:11:31:48 -0300] "GET / HTTP/1.1" 301 162 "-" "Go-http-client/1.1"
177.234.144.114 - - [10/Jun/2022:12:01:47 -0300] "GET / HTTP/1.1" 301 162 "-" "Go-http-client/1.1"
177.234.144.114 - - [10/Jun/2022:12:31:48 -0300] "GET / HTTP/1.1" 301 162 "-" "Go-http-client/1.1"
177.234.144.114 - - [10/Jun/2022:13:01:45 -0300] "GET / HTTP/1.1" 301 162 "-" "Go-http-client/1.1"
177.234.144.114 - - [10/Jun/2022:13:31:55 -0300] "GET / HTTP/1.1" 301 162 "-" "Go-http-client/1.1"
177.234.144.114 - - [10/Jun/2022:14:01:44 -0300] "GET / HTTP/1.1" 301 162 "-" "Go-http-client/1.1"
177.234.144.114 - - [10/Jun/2022:14:31:45 -0300] "GET / HTTP/1.1" 301 162 "-" "Go-http-client/1.1"
186.202.173.147 - - [10/Jun/2022:14:51:25 -0300] "GET / HTTP/1.1" 301 162 "-" "Mozilla/5.0 (compatible; MSIE 9.0; Windows NT 6.1; WOW64; Trident/5.0)"
177.234.144.114 - - [10/Jun/2022:15:01:44 -0300] "GET / HTTP/1.1" 301 162 "-" "Go-http-client/1.1"
177.234.144.114 - - [10/Jun/2022:15:31:48 -0300] "GET / HTTP/1.1" 301 162 "-" "Go-http-client/1.1"
177.234.144.114 - - [10/Jun/2022:16:01:45 -0300] "GET / HTTP/1.1" 301 162 "-" "Go-http-client/1.1"
66.249.70.39 - - [10/Jun/2022:16:12:23 -0300] "GET /robots.txt HTTP/1.1" 301 162 "-" "Mozilla/5.0 (compatible; Googlebot/2.1; +http://www.google.com/bot.html)"
66.249.70.39 - - [10/Jun/2022:16:12:27 -0300] "GET / HTTP/1.1" 301 162 "-" "Mozilla/5.0 (compatible; Googlebot/2.1; +http://www.google.com/bot.html)"
177.234.144.114 - - [10/Jun/2022:16:31:42 -0300] "GET / HTTP/1.1" 301 162 "-" "Go-http-client/1.1"
177.234.144.114 - - [10/Jun/2022:17:01:51 -0300] "GET / HTTP/1.1" 301 162 "-" "Go-http-client/1.1"
177.234.144.114 - - [10/Jun/2022:17:31:50 -0300] "GET / HTTP/1.1" 301 162 "-" "Go-http-client/1.1"
177.234.144.114 - - [10/Jun/2022:18:01:45 -0300] "GET / HTTP/1.1" 301 162 "-" "Go-http-client/1.1"
177.234.144.114 - - [10/Jun/2022:18:31:46 -0300] "GET / HTTP/1.1" 301 162 "-" "Go-http-client/1.1"
177.234.144.114 - - [10/Jun/2022:19:01:43 -0300] "GET / HTTP/1.1" 301 162 "-" "Go-http-client/1.1"
177.234.144.114 - - [10/Jun/2022:19:31:45 -0300] "GET / HTTP/1.1" 301 162 "-" "Go-http-client/1.1"
177.234.144.114 - - [10/Jun/2022:20:01:48 -0300] "GET / HTTP/1.1" 301 162 "-" "Go-http-client/1.1"
177.234.144.114 - - [10/Jun/2022:20:31:47 -0300] "GET / HTTP/1.1" 301 162 "-" "Go-http-client/1.1"
177.234.144.114 - - [10/Jun/2022:21:01:46 -0300] "GET / HTTP/1.1" 301 162 "-" "Go-http-client/1.1"
177.234.144.114 - - [10/Jun/2022:21:31:42 -0300] "GET / HTTP/1.1" 301 162 "-" "Go-http-client/1.1"
13.236.44.0 - - [10/Jun/2022:21:38:32 -0300] "GET / HTTP/1.1" 301 162 "-" "Mozilla/5.0 (Windows NT 10.0; Win64; x64; rv:89.0) Gecko/20100101 Firefox/89.0"
177.234.144.114 - - [10/Jun/2022:22:01:44 -0300] "GET / HTTP/1.1" 301 162 "-" "Go-http-client/1.1"
177.234.144.114 - - [10/Jun/2022:22:31:43 -0300] "GET / HTTP/1.1" 301 162 "-" "Go-http-client/1.1"
177.234.144.114 - - [10/Jun/2022:23:02:36 -0300] "GET / HTTP/1.1" 301 162 "-" "Go-http-client/1.1"
177.234.144.114 - - [10/Jun/2022:23:31:50 -0300] "GET / HTTP/1.1" 301 162 "-" "Go-http-client/1.1"
177.234.144.114 - - [11/Jun/2022:00:01:48 -0300] "GET / HTTP/1.1" 301 162 "-" "Go-http-client/1.1"
177.234.144.114 - - [11/Jun/2022:00:32:55 -0300] "GET / HTTP/1.1" 301 162 "-" "Go-http-client/1.1"
177.234.144.114 - - [11/Jun/2022:01:01:47 -0300] "GET / HTTP/1.1" 301 162 "-" "Go-http-client/1.1"
177.234.144.114 - - [11/Jun/2022:01:31:44 -0300] "GET / HTTP/1.1" 301 162 "-" "Go-http-client/1.1"
177.234.144.114 - - [11/Jun/2022:02:01:44 -0300] "GET / HTTP/1.1" 301 162 "-" "Go-http-client/1.1"
177.234.144.114 - - [11/Jun/2022:02:31:43 -0300] "GET / HTTP/1.1" 301 162 "-" "Go-http-client/1.1"
177.234.144.114 - - [11/Jun/2022:03:01:44 -0300] "GET / HTTP/1.1" 301 162 "-" "Go-http-client/1.1"
177.234.144.114 - - [11/Jun/2022:03:31:38 -0300] "GET / HTTP/1.1" 301 162 "-" "Go-http-client/1.1"
177.234.144.114 - - [11/Jun/2022:04:01:48 -0300] "GET / HTTP/1.1" 301 162 "-" "Go-http-client/1.1"
34.209.18.8 - - [11/Jun/2022:04:23:37 -0300] "GET / HTTP/1.1" 301 162 "-" "Mozilla/5.0 (X11; Linux x86_64) AppleWebKit/537.36 (KHTML, like Gecko) Chrome/83.0.4103.97 Safari/537.36"
177.234.144.114 - - [11/Jun/2022:04:31:43 -0300] "GET / HTTP/1.1" 301 162 "-" "Go-http-client/1.1"
35.90.57.141 - - [11/Jun/2022:04:38:05 -0300] "GET / HTTP/1.1" 301 162 "-" "Mozilla/5.0 (Windows NT 10.0; Win64; x64)AppleWebKit/537.36 (KHTML, like Gecko) Chrome/66.0.3359.181 Safari/537.36"
34.217.62.62 - - [11/Jun/2022:04:41:29 -0300] "GET /favicon.ico HTTP/1.1" 301 162 "-" "Mozilla/5.0 (X11; Linux x86_64) AppleWebKit/537.36 (KHTML, like Gecko) Chrome/83.0.4103.97 Safari/537.36"
34.217.62.62 - - [11/Jun/2022:04:41:34 -0300] "GET / HTTP/1.1" 301 162 "-" "Mozilla/5.0 (X11; Linux x86_64) AppleWebKit/537.36 (KHTML, like Gecko) Chrome/83.0.4103.97 Safari/537.36"
34.217.62.62 - - [11/Jun/2022:04:42:09 -0300] "GET /favicon.ico HTTP/1.1" 301 162 "-" "Mozilla/5.0 (X11; Linux x86_64) AppleWebKit/537.36 (KHTML, like Gecko) Chrome/83.0.4103.97 Safari/537.36"
34.217.62.62 - - [11/Jun/2022:04:42:13 -0300] "GET / HTTP/1.1" 301 162 "-" "Mozilla/5.0 (X11; Linux x86_64) AppleWebKit/537.36 (KHTML, like Gecko) Chrome/83.0.4103.97 Safari/537.36"
35.86.79.128 - - [11/Jun/2022:04:52:44 -0300] "GET /favicon.ico HTTP/1.1" 301 162 "-" "Mozilla/5.0 (X11; Linux x86_64) AppleWebKit/537.36 (KHTML, like Gecko) Chrome/83.0.4103.97 Safari/537.36"
35.86.79.128 - - [11/Jun/2022:04:52:50 -0300] "GET / HTTP/1.1" 301 162 "-" "Mozilla/5.0 (X11; Linux x86_64) AppleWebKit/537.36 (KHTML, like Gecko) Chrome/83.0.4103.97 Safari/537.36"
177.234.144.114 - - [11/Jun/2022:05:01:46 -0300] "GET / HTTP/1.1" 301 162 "-" "Go-http-client/1.1"
177.234.144.114 - - [11/Jun/2022:05:31:45 -0300] "GET / HTTP/1.1" 301 162 "-" "Go-http-client/1.1"
177.234.144.114 - - [11/Jun/2022:06:01:43 -0300] "GET / HTTP/1.1" 301 162 "-" "Go-http-client/1.1"
66.249.70.41 - - [11/Jun/2022:06:21:15 -0300] "GET /robots.txt HTTP/1.1" 301 162 "-" "Mozilla/5.0 (compatible; Googlebot/2.1; +http://www.google.com/bot.html)"
66.249.70.41 - - [11/Jun/2022:06:21:17 -0300] "GET / HTTP/1.1" 301 162 "-" "Mozilla/5.0 (Linux; Android 6.0.1; Nexus 5X Build/MMB29P) AppleWebKit/537.36 (KHTML, like Gecko) Chrome/102.0.5005.61 Mobile Safari/537.36 (compatible; Googlebot/2.1; +http://www.google.com/bot.html)"
177.234.144.114 - - [11/Jun/2022:06:31:44 -0300] "GET / HTTP/1.1" 301 162 "-" "Go-http-client/1.1"
177.234.144.114 - - [11/Jun/2022:07:01:45 -0300] "GET / HTTP/1.1" 301 162 "-" "Go-http-client/1.1"
177.234.144.114 - - [11/Jun/2022:07:31:44 -0300] "GET / HTTP/1.1" 301 162 "-" "Go-http-client/1.1"
177.234.144.114 - - [11/Jun/2022:08:01:45 -0300] "GET / HTTP/1.1" 301 162 "-" "Go-http-client/1.1"
177.234.144.114 - - [11/Jun/2022:08:31:48 -0300] "GET / HTTP/1.1" 301 162 "-" "Go-http-client/1.1"
177.234.144.114 - - [11/Jun/2022:09:01:48 -0300] "GET / HTTP/1.1" 301 162 "-" "Go-http-client/1.1"
177.234.144.114 - - [11/Jun/2022:09:31:43 -0300] "GET / HTTP/1.1" 301 162 "-" "Go-http-client/1.1"
177.234.144.114 - - [11/Jun/2022:10:01:45 -0300] "GET / HTTP/1.1" 301 162 "-" "Go-http-client/1.1"
177.234.144.114 - - [11/Jun/2022:10:31:44 -0300] "GET / HTTP/1.1" 301 162 "-" "Go-http-client/1.1"
191.6.213.107 - - [11/Jun/2022:10:54:46 -0300] "GET / HTTP/1.1" 301 162 "https://king.host/?utm_source=superdominios&utm_medium=acessos-auto" "Mozilla/5.0 (Linux; Android 6.0; 5085J) AppleWebKit/537.36 (KHTML, like Gecko) Chrome/71.0.3578.99 Mobile Safari/537.36"
177.234.144.114 - - [11/Jun/2022:11:01:50 -0300] "GET / HTTP/1.1" 301 162 "-" "Go-http-client/1.1"
177.234.144.114 - - [11/Jun/2022:11:31:46 -0300] "GET / HTTP/1.1" 301 162 "-" "Go-http-client/1.1"
177.234.144.114 - - [11/Jun/2022:12:01:45 -0300] "GET / HTTP/1.1" 301 162 "-" "Go-http-client/1.1"
177.234.144.114 - - [11/Jun/2022:12:31:42 -0300] "GET / HTTP/1.1" 301 162 "-" "Go-http-client/1.1"
177.234.144.114 - - [11/Jun/2022:13:01:54 -0300] "GET / HTTP/1.1" 301 162 "-" "Go-http-client/1.1"
177.234.144.114 - - [11/Jun/2022:13:31:41 -0300] "GET / HTTP/1.1" 301 162 "-" "Go-http-client/1.1"
177.234.144.114 - - [11/Jun/2022:14:01:43 -0300] "GET / HTTP/1.1" 301 162 "-" "Go-http-client/1.1"
177.234.144.114 - - [11/Jun/2022:14:31:44 -0300] "GET / HTTP/1.1" 301 162 "-" "Go-http-client/1.1"
186.202.173.147 - - [11/Jun/2022:14:40:11 -0300] "GET / HTTP/1.1" 301 162 "-" "Mozilla/5.0 (compatible; MSIE 9.0; Windows NT 6.1; WOW64; Trident/5.0)"
177.234.144.114 - - [11/Jun/2022:15:01:46 -0300] "GET / HTTP/1.1" 301 162 "-" "Go-http-client/1.1"
177.234.144.114 - - [11/Jun/2022:15:31:46 -0300] "GET / HTTP/1.1" 301 162 "-" "Go-http-client/1.1"
177.234.144.114 - - [11/Jun/2022:16:01:44 -0300] "GET / HTTP/1.1" 301 162 "-" "Go-http-client/1.1"
177.234.144.114 - - [11/Jun/2022:16:31:46 -0300] "GET / HTTP/1.1" 301 162 "-" "Go-http-client/1.1"
40.122.202.183 - - [11/Jun/2022:16:57:32 -0300] "GET /dup-installer/main.installer.php HTTP/1.1" 301 162 "-" "-"
177.234.144.114 - - [11/Jun/2022:17:01:52 -0300] "GET / HTTP/1.1" 301 162 "-" "Go-http-client/1.1"
177.234.144.114 - - [11/Jun/2022:17:31:44 -0300] "GET / HTTP/1.1" 301 162 "-" "Go-http-client/1.1"
177.234.144.114 - - [11/Jun/2022:18:01:46 -0300] "GET / HTTP/1.1" 301 162 "-" "Go-http-client/1.1"
177.234.144.114 - - [11/Jun/2022:18:31:43 -0300] "GET / HTTP/1.1" 301 162 "-" "Go-http-client/1.1"
177.234.144.114 - - [11/Jun/2022:19:01:44 -0300] "GET / HTTP/1.1" 301 162 "-" "Go-http-client/1.1"
177.234.144.114 - - [11/Jun/2022:19:31:46 -0300] "GET / HTTP/1.1" 301 162 "-" "Go-http-client/1.1"
176.74.192.85 - - [11/Jun/2022:20:01:13 -0300] "GET /robots.txt HTTP/1.1" 301 162 "-" "Mozilla/5.0 (Macintosh; Intel Mac OS X 10_13_6) AppleWebKit/537.36 (KHTML, like Gecko) Chrome/91.0.4472.114 Safari/537.36"
176.74.192.85 - - [11/Jun/2022:20:01:15 -0300] "GET /humans.txt HTTP/1.1" 301 162 "-" "Mozilla/5.0 (Macintosh; Intel Mac OS X 10_13_6) AppleWebKit/537.36 (KHTML, like Gecko) Chrome/91.0.4472.114 Safari/537.36"
176.74.192.85 - - [11/Jun/2022:20:01:16 -0300] "GET /ads.txt HTTP/1.1" 301 162 "-" "Mozilla/5.0 (Macintosh; Intel Mac OS X 10_13_6) AppleWebKit/537.36 (KHTML, like Gecko) Chrome/91.0.4472.114 Safari/537.36"
176.74.192.85 - - [11/Jun/2022:20:01:18 -0300] "GET / HTTP/1.1" 301 162 "-" "Mozilla/5.0 (Macintosh; Intel Mac OS X 10_13_6) AppleWebKit/537.36 (KHTML, like Gecko) Chrome/91.0.4472.114 Safari/537.36"
177.234.144.114 - - [11/Jun/2022:20:01:46 -0300] "GET / HTTP/1.1" 301 162 "-" "Go-http-client/1.1"
177.234.144.114 - - [11/Jun/2022:20:31:49 -0300] "GET / HTTP/1.1" 301 162 "-" "Go-http-client/1.1"
177.234.144.114 - - [11/Jun/2022:21:01:43 -0300] "GET / HTTP/1.1" 301 162 "-" "Go-http-client/1.1"
177.234.144.114 - - [11/Jun/2022:21:31:44 -0300] "GET / HTTP/1.1" 301 162 "-" "Go-http-client/1.1"
177.234.144.114 - - [11/Jun/2022:22:01:49 -0300] "GET / HTTP/1.1" 301 162 "-" "Go-http-client/1.1"
177.234.144.114 - - [11/Jun/2022:22:31:45 -0300] "GET / HTTP/1.1" 301 162 "-" "Go-http-client/1.1"
177.234.144.114 - - [11/Jun/2022:23:01:53 -0300] "GET / HTTP/1.1" 301 162 "-" "Go-http-client/1.1"
177.234.144.114 - - [11/Jun/2022:23:31:45 -0300] "GET / HTTP/1.1" 301 162 "-" "Go-http-client/1.1"
177.234.144.114 - - [12/Jun/2022:00:01:53 -0300] "GET / HTTP/1.1" 301 162 "-" "Go-http-client/1.1"
177.234.144.114 - - [12/Jun/2022:00:31:51 -0300] "GET / HTTP/1.1" 301 162 "-" "Go-http-client/1.1"
177.234.144.114 - - [12/Jun/2022:01:01:43 -0300] "GET / HTTP/1.1" 301 162 "-" "Go-http-client/1.1"
177.234.144.114 - - [12/Jun/2022:01:31:42 -0300] "GET / HTTP/1.1" 301 162 "-" "Go-http-client/1.1"
177.234.144.114 - - [12/Jun/2022:02:01:43 -0300] "GET / HTTP/1.1" 301 162 "-" "Go-http-client/1.1"
177.234.144.114 - - [12/Jun/2022:02:31:43 -0300] "GET / HTTP/1.1" 301 162 "-" "Go-http-client/1.1"
177.234.144.114 - - [12/Jun/2022:03:01:42 -0300] "GET / HTTP/1.1" 301 162 "-" "Go-http-client/1.1"
177.234.144.114 - - [12/Jun/2022:03:31:41 -0300] "GET / HTTP/1.1" 301 162 "-" "Go-http-client/1.1"
177.234.144.114 - - [12/Jun/2022:04:01:45 -0300] "GET / HTTP/1.1" 301 162 "-" "Go-http-client/1.1"
52.43.17.0 - - [12/Jun/2022:04:10:28 -0300] "GET / HTTP/1.1" 301 162 "-" "Mozilla/5.0 (Windows NT 10.0; Win64; x64)AppleWebKit/537.36 (KHTML, like Gecko) Chrome/66.0.3359.181 Safari/537.36"
35.90.27.110 - - [12/Jun/2022:04:11:08 -0300] "GET / HTTP/1.1" 301 162 "-" "Mozilla/5.0 (X11; Linux x86_64) AppleWebKit/537.36 (KHTML, like Gecko) Chrome/83.0.4103.97 Safari/537.36"
54.218.50.80 - - [12/Jun/2022:04:12:48 -0300] "GET /favicon.ico HTTP/1.1" 301 162 "-" "Mozilla/5.0 (X11; Linux x86_64) AppleWebKit/537.36 (KHTML, like Gecko) Chrome/83.0.4103.97 Safari/537.36"
54.218.50.80 - - [12/Jun/2022:04:12:50 -0300] "GET / HTTP/1.1" 301 162 "-" "Mozilla/5.0 (X11; Linux x86_64) AppleWebKit/537.36 (KHTML, like Gecko) Chrome/83.0.4103.97 Safari/537.36"
177.234.144.114 - - [12/Jun/2022:04:31:42 -0300] "GET / HTTP/1.1" 301 162 "-" "Go-http-client/1.1"
177.234.144.114 - - [12/Jun/2022:05:01:58 -0300] "GET / HTTP/1.1" 301 162 "-" "Go-http-client/1.1"
177.234.144.114 - - [12/Jun/2022:05:31:44 -0300] "GET / HTTP/1.1" 301 162 "-" "Go-http-client/1.1"
177.234.144.114 - - [12/Jun/2022:06:01:45 -0300] "GET / HTTP/1.1" 301 162 "-" "Go-http-client/1.1"
177.234.144.114 - - [12/Jun/2022:06:31:41 -0300] "GET / HTTP/1.1" 301 162 "-" "Go-http-client/1.1"
177.234.144.114 - - [12/Jun/2022:07:01:47 -0300] "GET / HTTP/1.1" 301 162 "-" "Go-http-client/1.1"
177.234.144.114 - - [12/Jun/2022:07:31:43 -0300] "GET / HTTP/1.1" 301 162 "-" "Go-http-client/1.1"
177.234.144.114 - - [12/Jun/2022:08:01:45 -0300] "GET / HTTP/1.1" 301 162 "-" "Go-http-client/1.1"
177.234.144.114 - - [12/Jun/2022:08:31:43 -0300] "GET / HTTP/1.1" 301 162 "-" "Go-http-client/1.1"
177.234.144.114 - - [12/Jun/2022:09:01:52 -0300] "GET / HTTP/1.1" 301 162 "-" "Go-http-client/1.1"
177.234.144.114 - - [12/Jun/2022:09:31:45 -0300] "GET / HTTP/1.1" 301 162 "-" "Go-http-client/1.1"
177.234.144.114 - - [12/Jun/2022:10:01:45 -0300] "GET / HTTP/1.1" 301 162 "-" "Go-http-client/1.1"
177.234.144.114 - - [12/Jun/2022:10:31:42 -0300] "GET / HTTP/1.1" 301 162 "-" "Go-http-client/1.1"
177.234.144.114 - - [12/Jun/2022:11:01:48 -0300] "GET / HTTP/1.1" 301 162 "-" "Go-http-client/1.1"
177.234.144.114 - - [12/Jun/2022:11:31:43 -0300] "GET / HTTP/1.1" 301 162 "-" "Go-http-client/1.1"
177.234.144.114 - - [12/Jun/2022:12:01:47 -0300] "GET / HTTP/1.1" 301 162 "-" "Go-http-client/1.1"
177.234.144.114 - - [12/Jun/2022:12:31:43 -0300] "GET / HTTP/1.1" 301 162 "-" "Go-http-client/1.1"
177.234.144.114 - - [12/Jun/2022:13:01:48 -0300] "GET / HTTP/1.1" 301 162 "-" "Go-http-client/1.1"
40.122.173.72 - - [12/Jun/2022:13:23:43 -0300] "GET / HTTP/1.1" 301 162 "-" "Mozilla/5.0 (Windows NT 10.0; Win64; x64) AppleWebKit/537.36 (KHTML, like Gecko) Chrome/80.0.3987.149 Safari/537.36"
177.234.144.114 - - [12/Jun/2022:13:31:43 -0300] "GET / HTTP/1.1" 301 162 "-" "Go-http-client/1.1"
177.234.144.114 - - [12/Jun/2022:14:01:43 -0300] "GET / HTTP/1.1" 301 162 "-" "Go-http-client/1.1"
177.234.144.114 - - [12/Jun/2022:14:31:47 -0300] "GET / HTTP/1.1" 301 162 "-" "Go-http-client/1.1"
186.202.173.147 - - [12/Jun/2022:14:45:14 -0300] "GET / HTTP/1.1" 301 162 "-" "Mozilla/5.0 (compatible; MSIE 9.0; Windows NT 6.1; WOW64; Trident/5.0)"
177.234.144.114 - - [12/Jun/2022:15:01:46 -0300] "GET / HTTP/1.1" 301 162 "-" "Go-http-client/1.1"
177.234.144.114 - - [12/Jun/2022:15:31:43 -0300] "GET / HTTP/1.1" 301 162 "-" "Go-http-client/1.1"
177.234.144.114 - - [12/Jun/2022:16:01:44 -0300] "GET / HTTP/1.1" 301 162 "-" "Go-http-client/1.1"
177.234.144.114 - - [12/Jun/2022:17:01:46 -0300] "GET / HTTP/1.1" 301 162 "-" "Go-http-client/1.1"
177.234.144.114 - - [12/Jun/2022:17:31:49 -0300] "GET / HTTP/1.1" 301 162 "-" "Go-http-client/1.1"
186.202.163.106 - - [12/Jun/2022:17:51:56 -0300] "GET / HTTP/1.1" 301 162 "-" "Mozilla/5.0 (X11; Linux x86_64) AppleWebKit/537.36 (KHTML, like Gecko) Chrome/51.0.2704.103 Safari/537.36"
177.234.144.114 - - [12/Jun/2022:18:01:45 -0300] "GET / HTTP/1.1" 301 162 "-" "Go-http-client/1.1"
186.202.163.106 - - [12/Jun/2022:18:14:48 -0300] "GET /admin HTTP/1.1" 301 162 "-" "Mozilla/5.0 (X11; Linux x86_64) AppleWebKit/537.36 (KHTML, like Gecko) Chrome/51.0.2704.103 Safari/537.36"
177.234.144.114 - - [12/Jun/2022:18:31:44 -0300] "GET / HTTP/1.1" 301 162 "-" "Go-http-client/1.1"
177.234.144.114 - - [12/Jun/2022:19:01:44 -0300] "GET / HTTP/1.1" 301 162 "-" "Go-http-client/1.1"
177.234.144.114 - - [12/Jun/2022:19:31:43 -0300] "GET / HTTP/1.1" 301 162 "-" "Go-http-client/1.1"
177.234.144.114 - - [12/Jun/2022:20:01:44 -0300] "GET / HTTP/1.1" 301 162 "-" "Go-http-client/1.1"
177.234.144.114 - - [12/Jun/2022:20:31:41 -0300] "GET / HTTP/1.1" 301 162 "-" "Go-http-client/1.1"
177.234.144.114 - - [12/Jun/2022:21:01:44 -0300] "GET / HTTP/1.1" 301 162 "-" "Go-http-client/1.1"
177.234.144.114 - - [12/Jun/2022:21:31:41 -0300] "GET / HTTP/1.1" 301 162 "-" "Go-http-client/1.1"
177.234.144.114 - - [12/Jun/2022:22:01:43 -0300] "GET / HTTP/1.1" 301 162 "-" "Go-http-client/1.1"
177.234.144.114 - - [12/Jun/2022:22:31:40 -0300] "GET / HTTP/1.1" 301 162 "-" "Go-http-client/1.1"
177.234.144.114 - - [12/Jun/2022:23:01:56 -0300] "GET / HTTP/1.1" 301 162 "-" "Go-http-client/1.1"
94.158.36.183 - - [12/Jun/2022:23:09:38 -0300] "GET / HTTP/1.0" 301 162 "-" "Mozilla/5.0 (Windows NT 10.0; Win64; x64) AppleWebKit/537.36 (KHTML, like Gecko) Chrome/71.0.3578.98 Safari/537.36"
94.158.36.183 - - [12/Jun/2022:23:09:39 -0300] "GET / HTTP/1.0" 301 162 "-" "Mozilla/5.0 (Windows NT 10.0; Win64; x64) AppleWebKit/537.36 (KHTML, like Gecko) Chrome/71.0.3578.98 Safari/537.36"
177.234.144.114 - - [12/Jun/2022:23:31:44 -0300] "GET / HTTP/1.1" 301 162 "-" "Go-http-client/1.1"
177.234.144.114 - - [13/Jun/2022:00:01:51 -0300] "GET / HTTP/1.1" 301 162 "-" "Go-http-client/1.1"
177.234.144.114 - - [13/Jun/2022:00:31:55 -0300] "GET / HTTP/1.1" 301 162 "-" "Go-http-client/1.1"
3.234.244.15 - - [13/Jun/2022:00:59:21 -0300] "GET / HTTP/1.1" 301 162 "-" "Mozilla/5.0 (Windows NT 6.2; rv:22.0) Gecko/20130405 Firefox/23.0"
177.234.144.114 - - [13/Jun/2022:01:01:46 -0300] "GET / HTTP/1.1" 301 162 "-" "Go-http-client/1.1"
177.234.144.114 - - [13/Jun/2022:01:31:43 -0300] "GET / HTTP/1.1" 301 162 "-" "Go-http-client/1.1"
177.234.144.114 - - [13/Jun/2022:02:01:42 -0300] "GET / HTTP/1.1" 301 162 "-" "Go-http-client/1.1"
177.234.144.114 - - [13/Jun/2022:02:31:43 -0300] "GET / HTTP/1.1" 301 162 "-" "Go-http-client/1.1"
177.234.144.114 - - [13/Jun/2022:03:01:41 -0300] "GET / HTTP/1.1" 301 162 "-" "Go-http-client/1.1"
177.234.144.114 - - [13/Jun/2022:03:31:42 -0300] "GET / HTTP/1.1" 301 162 "-" "Go-http-client/1.1"
177.234.144.114 - - [13/Jun/2022:04:01:36 -0300] "GET / HTTP/1.1" 301 162 "-" "Go-http-client/1.1"
35.89.110.78 - - [13/Jun/2022:04:09:56 -0300] "GET / HTTP/1.1" 301 162 "-" "Mozilla/5.0 (Windows NT 10.0; Win64; x64)AppleWebKit/537.36 (KHTML, like Gecko) Chrome/66.0.3359.181 Safari/537.36"
34.221.145.193 - - [13/Jun/2022:04:19:20 -0300] "GET / HTTP/1.1" 301 162 "-" "Mozilla/5.0 (X11; Linux x86_64) AppleWebKit/537.36 (KHTML, like Gecko) Chrome/83.0.4103.97 Safari/537.36"
54.149.99.233 - - [13/Jun/2022:04:20:10 -0300] "GET / HTTP/1.1" 301 162 "-" "Mozilla/5.0 (X11; Linux x86_64) AppleWebKit/537.36 (KHTML, like Gecko) Chrome/83.0.4103.97 Safari/537.36"
34.221.15.4 - - [13/Jun/2022:04:20:59 -0300] "GET /favicon.ico HTTP/1.1" 301 162 "-" "Mozilla/5.0 (X11; Linux x86_64) AppleWebKit/537.36 (KHTML, like Gecko) Chrome/83.0.4103.97 Safari/537.36"
34.221.15.4 - - [13/Jun/2022:04:21:04 -0300] "GET / HTTP/1.1" 301 162 "-" "Mozilla/5.0 (X11; Linux x86_64) AppleWebKit/537.36 (KHTML, like Gecko) Chrome/83.0.4103.97 Safari/537.36"
35.89.99.137 - - [13/Jun/2022:04:23:10 -0300] "GET /favicon.ico HTTP/1.1" 301 162 "-" "Mozilla/5.0 (X11; Linux x86_64) AppleWebKit/537.36 (KHTML, like Gecko) Chrome/83.0.4103.97 Safari/537.36"
35.89.99.137 - - [13/Jun/2022:04:23:11 -0300] "GET / HTTP/1.1" 301 162 "-" "Mozilla/5.0 (X11; Linux x86_64) AppleWebKit/537.36 (KHTML, like Gecko) Chrome/83.0.4103.97 Safari/537.36"
34.219.74.120 - - [13/Jun/2022:04:25:15 -0300] "GET /favicon.ico HTTP/1.1" 301 162 "-" "Mozilla/5.0 (X11; Linux x86_64) AppleWebKit/537.36 (KHTML, like Gecko) Chrome/83.0.4103.97 Safari/537.36"
34.219.74.120 - - [13/Jun/2022:04:25:16 -0300] "GET / HTTP/1.1" 301 162 "-" "Mozilla/5.0 (X11; Linux x86_64) AppleWebKit/537.36 (KHTML, like Gecko) Chrome/83.0.4103.97 Safari/537.36"
177.234.144.114 - - [13/Jun/2022:04:31:41 -0300] "GET / HTTP/1.1" 301 162 "-" "Go-http-client/1.1"
177.234.144.114 - - [13/Jun/2022:05:01:43 -0300] "GET / HTTP/1.1" 301 162 "-" "Go-http-client/1.1"
177.234.144.114 - - [13/Jun/2022:05:31:43 -0300] "GET / HTTP/1.1" 301 162 "-" "Go-http-client/1.1"
177.234.144.114 - - [13/Jun/2022:06:01:44 -0300] "GET / HTTP/1.1" 301 162 "-" "Go-http-client/1.1"
177.234.144.114 - - [13/Jun/2022:06:31:47 -0300] "GET / HTTP/1.1" 301 162 "-" "Go-http-client/1.1"
177.234.144.114 - - [13/Jun/2022:07:01:40 -0300] "GET / HTTP/1.1" 301 162 "-" "Go-http-client/1.1"
177.234.144.114 - - [13/Jun/2022:07:31:42 -0300] "GET / HTTP/1.1" 301 162 "-" "Go-http-client/1.1"
177.234.144.114 - - [13/Jun/2022:08:01:44 -0300] "GET / HTTP/1.1" 301 162 "-" "Go-http-client/1.1"
177.234.144.114 - - [13/Jun/2022:08:31:45 -0300] "GET / HTTP/1.1" 301 162 "-" "Go-http-client/1.1"
177.234.144.114 - - [13/Jun/2022:09:01:48 -0300] "GET / HTTP/1.1" 301 162 "-" "Go-http-client/1.1"
177.234.144.114 - - [13/Jun/2022:09:31:44 -0300] "GET / HTTP/1.1" 301 162 "-" "Go-http-client/1.1"
177.234.144.114 - - [13/Jun/2022:10:01:46 -0300] "GET / HTTP/1.1" 301 162 "-" "Go-http-client/1.1"
177.234.144.114 - - [13/Jun/2022:10:31:47 -0300] "GET / HTTP/1.1" 301 162 "-" "Go-http-client/1.1"
177.234.144.114 - - [13/Jun/2022:11:01:45 -0300] "GET / HTTP/1.1" 301 162 "-" "Go-http-client/1.1"
177.234.144.114 - - [13/Jun/2022:11:31:41 -0300] "GET / HTTP/1.1" 301 162 "-" "Go-http-client/1.1"
177.234.144.114 - - [13/Jun/2022:12:01:58 -0300] "GET / HTTP/1.1" 301 162 "-" "Go-http-client/1.1"
177.234.144.114 - - [13/Jun/2022:12:31:37 -0300] "GET / HTTP/1.1" 301 162 "-" "Go-http-client/1.1"
177.234.144.114 - - [13/Jun/2022:13:01:47 -0300] "GET / HTTP/1.1" 301 162 "-" "Go-http-client/1.1"
177.234.144.114 - - [13/Jun/2022:13:31:43 -0300] "GET / HTTP/1.1" 301 162 "-" "Go-http-client/1.1"
177.234.144.114 - - [13/Jun/2022:14:01:44 -0300] "GET / HTTP/1.1" 301 162 "-" "Go-http-client/1.1"
177.234.144.114 - - [13/Jun/2022:14:31:46 -0300] "GET / HTTP/1.1" 301 162 "-" "Go-http-client/1.1"
186.202.173.147 - - [13/Jun/2022:14:52:23 -0300] "GET / HTTP/1.1" 301 162 "-" "Mozilla/5.0 (compatible; MSIE 9.0; Windows NT 6.1; WOW64; Trident/5.0)"
177.234.144.114 - - [13/Jun/2022:15:01:48 -0300] "GET / HTTP/1.1" 301 162 "-" "Go-http-client/1.1"
177.234.144.114 - - [13/Jun/2022:15:31:45 -0300] "GET / HTTP/1.1" 301 162 "-" "Go-http-client/1.1"
177.234.144.114 - - [13/Jun/2022:16:01:59 -0300] "GET / HTTP/1.1" 301 162 "-" "Go-http-client/1.1"
177.234.144.114 - - [13/Jun/2022:16:31:47 -0300] "GET / HTTP/1.1" 301 162 "-" "Go-http-client/1.1"
177.234.144.114 - - [13/Jun/2022:17:01:48 -0300] "GET / HTTP/1.1" 301 162 "-" "Go-http-client/1.1"
185.181.60.12 - - [13/Jun/2022:17:05:13 -0300] "GET / HTTP/1.1" 301 162 "-" "Mozilla/5.0 (Windows NT 10.0; Win64; x64) AppleWebKit/537.36 (KHTML, like Gecko) Chrome/91.0.4472.114 Safari/537.36 Edg/91.0.864.54"
177.234.144.114 - - [13/Jun/2022:17:31:44 -0300] "GET / HTTP/1.1" 301 162 "-" "Go-http-client/1.1"
177.234.144.114 - - [13/Jun/2022:18:01:45 -0300] "GET / HTTP/1.1" 301 162 "-" "Go-http-client/1.1"
177.234.144.114 - - [13/Jun/2022:18:31:41 -0300] "GET / HTTP/1.1" 301 162 "-" "Go-http-client/1.1"
177.234.144.114 - - [13/Jun/2022:19:01:48 -0300] "GET / HTTP/1.1" 301 162 "-" "Go-http-client/1.1"
177.234.144.114 - - [13/Jun/2022:19:31:45 -0300] "GET / HTTP/1.1" 301 162 "-" "Go-http-client/1.1"
177.234.144.114 - - [13/Jun/2022:20:01:45 -0300] "GET / HTTP/1.1" 301 162 "-" "Go-http-client/1.1"
177.234.144.114 - - [13/Jun/2022:20:31:42 -0300] "GET / HTTP/1.1" 301 162 "-" "Go-http-client/1.1"
177.234.144.114 - - [13/Jun/2022:21:01:44 -0300] "GET / HTTP/1.1" 301 162 "-" "Go-http-client/1.1"
177.234.144.114 - - [13/Jun/2022:21:31:43 -0300] "GET / HTTP/1.1" 301 162 "-" "Go-http-client/1.1"
177.234.144.114 - - [13/Jun/2022:22:01:41 -0300] "GET / HTTP/1.1" 301 162 "-" "Go-http-client/1.1"
177.234.144.114 - - [13/Jun/2022:22:31:42 -0300] "GET / HTTP/1.1" 301 162 "-" "Go-http-client/1.1"
177.234.144.114 - - [13/Jun/2022:23:02:15 -0300] "GET / HTTP/1.1" 301 162 "-" "Go-http-client/1.1"
177.234.144.114 - - [13/Jun/2022:23:31:44 -0300] "GET / HTTP/1.1" 301 162 "-" "Go-http-client/1.1"
177.234.144.114 - - [14/Jun/2022:00:01:48 -0300] "GET / HTTP/1.1" 301 162 "-" "Go-http-client/1.1"
177.234.144.114 - - [14/Jun/2022:00:32:11 -0300] "GET / HTTP/1.1" 301 162 "-" "Go-http-client/1.1"
177.234.144.114 - - [14/Jun/2022:01:01:38 -0300] "GET / HTTP/1.1" 301 162 "-" "Go-http-client/1.1"
177.234.144.114 - - [14/Jun/2022:01:31:41 -0300] "GET / HTTP/1.1" 301 162 "-" "Go-http-client/1.1"
177.234.144.114 - - [14/Jun/2022:02:01:43 -0300] "GET / HTTP/1.1" 301 162 "-" "Go-http-client/1.1"
177.234.144.114 - - [14/Jun/2022:02:31:41 -0300] "GET / HTTP/1.1" 301 162 "-" "Go-http-client/1.1"
177.234.144.114 - - [14/Jun/2022:03:01:45 -0300] "GET / HTTP/1.1" 301 162 "-" "Go-http-client/1.1"
177.234.144.114 - - [14/Jun/2022:03:31:41 -0300] "GET / HTTP/1.1" 301 162 "-" "Go-http-client/1.1"
177.234.144.114 - - [14/Jun/2022:04:01:36 -0300] "GET / HTTP/1.1" 301 162 "-" "Go-http-client/1.1"
52.12.255.32 - - [14/Jun/2022:04:24:08 -0300] "GET / HTTP/1.1" 301 162 "-" "Mozilla/5.0 (X11; Linux x86_64) AppleWebKit/537.36 (KHTML, like Gecko) Chrome/83.0.4103.97 Safari/537.36"
34.209.53.171 - - [14/Jun/2022:04:24:45 -0300] "GET /favicon.ico HTTP/1.1" 301 162 "-" "Mozilla/5.0 (X11; Linux x86_64) AppleWebKit/537.36 (KHTML, like Gecko) Chrome/83.0.4103.97 Safari/537.36"
34.209.53.171 - - [14/Jun/2022:04:24:50 -0300] "GET / HTTP/1.1" 301 162 "-" "Mozilla/5.0 (X11; Linux x86_64) AppleWebKit/537.36 (KHTML, like Gecko) Chrome/83.0.4103.97 Safari/537.36"
177.234.144.114 - - [14/Jun/2022:04:31:41 -0300] "GET / HTTP/1.1" 301 162 "-" "Go-http-client/1.1"
34.219.217.76 - - [14/Jun/2022:04:51:26 -0300] "GET / HTTP/1.1" 301 162 "-" "Mozilla/5.0 (Windows NT 10.0; Win64; x64)AppleWebKit/537.36 (KHTML, like Gecko) Chrome/66.0.3359.181 Safari/537.36"
177.234.144.114 - - [14/Jun/2022:05:01:43 -0300] "GET / HTTP/1.1" 301 162 "-" "Go-http-client/1.1"
177.234.144.114 - - [14/Jun/2022:05:31:46 -0300] "GET / HTTP/1.1" 301 162 "-" "Go-http-client/1.1"
177.234.144.114 - - [14/Jun/2022:06:01:41 -0300] "GET / HTTP/1.1" 301 162 "-" "Go-http-client/1.1"
177.234.144.114 - - [14/Jun/2022:06:31:44 -0300] "GET / HTTP/1.1" 301 162 "-" "Go-http-client/1.1"
177.234.144.114 - - [14/Jun/2022:07:01:41 -0300] "GET / HTTP/1.1" 301 162 "-" "Go-http-client/1.1"
177.234.144.114 - - [14/Jun/2022:07:31:43 -0300] "GET / HTTP/1.1" 301 162 "-" "Go-http-client/1.1"
177.234.144.114 - - [14/Jun/2022:08:01:45 -0300] "GET / HTTP/1.1" 301 162 "-" "Go-http-client/1.1"
177.234.144.114 - - [14/Jun/2022:08:31:46 -0300] "GET / HTTP/1.1" 301 162 "-" "Go-http-client/1.1"
177.234.144.114 - - [14/Jun/2022:09:01:44 -0300] "GET / HTTP/1.1" 301 162 "-" "Go-http-client/1.1"
177.234.144.114 - - [14/Jun/2022:09:31:46 -0300] "GET / HTTP/1.1" 301 162 "-" "Go-http-client/1.1"
177.234.144.114 - - [14/Jun/2022:10:01:45 -0300] "GET / HTTP/1.1" 301 162 "-" "Go-http-client/1.1"
177.234.144.114 - - [14/Jun/2022:10:31:49 -0300] "GET / HTTP/1.1" 301 162 "-" "Go-http-client/1.1"
177.234.144.114 - - [14/Jun/2022:11:01:45 -0300] "GET / HTTP/1.1" 301 162 "-" "Go-http-client/1.1"
177.234.144.114 - - [14/Jun/2022:11:31:45 -0300] "GET / HTTP/1.1" 301 162 "-" "Go-http-client/1.1"
177.234.144.114 - - [14/Jun/2022:12:01:53 -0300] "GET / HTTP/1.1" 301 162 "-" "Go-http-client/1.1"
177.234.144.114 - - [14/Jun/2022:12:31:44 -0300] "GET / HTTP/1.1" 301 162 "-" "Go-http-client/1.1"
177.234.144.114 - - [14/Jun/2022:13:01:46 -0300] "GET / HTTP/1.1" 301 162 "-" "Go-http-client/1.1"
177.234.144.114 - - [14/Jun/2022:13:31:42 -0300] "GET / HTTP/1.1" 301 162 "-" "Go-http-client/1.1"
177.234.144.114 - - [14/Jun/2022:14:01:49 -0300] "GET / HTTP/1.1" 301 162 "-" "Go-http-client/1.1"
177.234.144.114 - - [14/Jun/2022:14:31:43 -0300] "GET / HTTP/1.1" 301 162 "-" "Go-http-client/1.1"
186.202.173.147 - - [14/Jun/2022:14:41:19 -0300] "GET / HTTP/1.1" 301 162 "-" "Mozilla/5.0 (compatible; MSIE 9.0; Windows NT 6.1; WOW64; Trident/5.0)"
177.234.144.114 - - [14/Jun/2022:15:01:45 -0300] "GET / HTTP/1.1" 301 162 "-" "Go-http-client/1.1"
20.83.61.173 - - [14/Jun/2022:15:02:32 -0300] "GET /dup-installer/main.installer.php HTTP/1.1" 301 162 "-" "-"
177.234.144.114 - - [14/Jun/2022:15:31:43 -0300] "GET / HTTP/1.1" 301 162 "-" "Go-http-client/1.1"
177.234.144.114 - - [14/Jun/2022:16:01:46 -0300] "GET / HTTP/1.1" 301 162 "-" "Go-http-client/1.1"
177.234.144.114 - - [14/Jun/2022:16:31:42 -0300] "GET / HTTP/1.1" 301 162 "-" "Go-http-client/1.1"
177.234.144.114 - - [14/Jun/2022:17:01:43 -0300] "GET / HTTP/1.1" 301 162 "-" "Go-http-client/1.1"
177.234.144.114 - - [14/Jun/2022:17:31:45 -0300] "GET / HTTP/1.1" 301 162 "-" "Go-http-client/1.1"
177.234.144.114 - - [14/Jun/2022:18:01:47 -0300] "GET / HTTP/1.1" 301 162 "-" "Go-http-client/1.1"
177.234.144.114 - - [14/Jun/2022:18:31:41 -0300] "GET / HTTP/1.1" 301 162 "-" "Go-http-client/1.1"
177.234.144.114 - - [14/Jun/2022:19:01:47 -0300] "GET / HTTP/1.1" 301 162 "-" "Go-http-client/1.1"
177.234.144.114 - - [14/Jun/2022:19:31:43 -0300] "GET / HTTP/1.1" 301 162 "-" "Go-http-client/1.1"
177.234.144.114 - - [14/Jun/2022:20:01:43 -0300] "GET / HTTP/1.1" 301 162 "-" "Go-http-client/1.1"
177.234.144.114 - - [14/Jun/2022:20:31:42 -0300] "GET / HTTP/1.1" 301 162 "-" "Go-http-client/1.1"
177.234.144.114 - - [14/Jun/2022:21:01:46 -0300] "GET / HTTP/1.1" 301 162 "-" "Go-http-client/1.1"
177.234.144.114 - - [14/Jun/2022:21:31:41 -0300] "GET / HTTP/1.1" 301 162 "-" "Go-http-client/1.1"
177.234.144.114 - - [14/Jun/2022:22:01:44 -0300] "GET / HTTP/1.1" 301 162 "-" "Go-http-client/1.1"
177.234.144.114 - - [14/Jun/2022:22:31:41 -0300] "GET / HTTP/1.1" 301 162 "-" "Go-http-client/1.1"
177.234.144.114 - - [14/Jun/2022:23:02:26 -0300] "GET / HTTP/1.1" 301 162 "-" "Go-http-client/1.1"
177.234.144.114 - - [14/Jun/2022:23:31:47 -0300] "GET / HTTP/1.1" 301 162 "-" "Go-http-client/1.1"
177.234.144.114 - - [15/Jun/2022:00:01:53 -0300] "GET / HTTP/1.1" 301 162 "-" "Go-http-client/1.1"
177.234.144.114 - - [15/Jun/2022:00:32:54 -0300] "GET / HTTP/1.1" 301 162 "-" "Go-http-client/1.1"
46.161.11.82 - - [15/Jun/2022:00:59:46 -0300] "GET / HTTP/1.0" 301 162 "http://dealix.com.br/" "Mozilla/5.0 (Windows NT 6.3; ) AppleWebKit/537.36 (KHTML, like Gecko) Chrome/83.0.4103.61 Safari/537.36"
177.234.144.114 - - [15/Jun/2022:01:31:44 -0300] "GET / HTTP/1.1" 301 162 "-" "Go-http-client/1.1"
177.234.144.114 - - [15/Jun/2022:02:01:43 -0300] "GET / HTTP/1.1" 301 162 "-" "Go-http-client/1.1"
177.234.144.114 - - [15/Jun/2022:02:31:47 -0300] "GET / HTTP/1.1" 301 162 "-" "Go-http-client/1.1"
177.234.144.114 - - [15/Jun/2022:03:01:52 -0300] "GET / HTTP/1.1" 301 162 "-" "Go-http-client/1.1"
177.234.144.114 - - [15/Jun/2022:03:31:42 -0300] "GET / HTTP/1.1" 301 162 "-" "Go-http-client/1.1"
177.234.144.114 - - [15/Jun/2022:04:01:49 -0300] "GET / HTTP/1.1" 301 162 "-" "Go-http-client/1.1"
34.221.62.115 - - [15/Jun/2022:04:20:07 -0300] "GET / HTTP/1.1" 301 162 "-" "Mozilla/5.0 (X11; Linux x86_64) AppleWebKit/537.36 (KHTML, like Gecko) Chrome/83.0.4103.97 Safari/537.36"
34.216.228.36 - - [15/Jun/2022:04:20:37 -0300] "GET /favicon.ico HTTP/1.1" 301 162 "-" "Mozilla/5.0 (X11; Linux x86_64) AppleWebKit/537.36 (KHTML, like Gecko) Chrome/83.0.4103.97 Safari/537.36"
34.216.228.36 - - [15/Jun/2022:04:20:41 -0300] "GET / HTTP/1.1" 301 162 "-" "Mozilla/5.0 (X11; Linux x86_64) AppleWebKit/537.36 (KHTML, like Gecko) Chrome/83.0.4103.97 Safari/537.36"
177.234.144.114 - - [15/Jun/2022:04:31:50 -0300] "GET / HTTP/1.1" 301 162 "-" "Go-http-client/1.1"
54.202.124.76 - - [15/Jun/2022:04:32:29 -0300] "GET / HTTP/1.1" 301 162 "-" "Mozilla/5.0 (Windows NT 10.0; Win64; x64)AppleWebKit/537.36 (KHTML, like Gecko) Chrome/66.0.3359.181 Safari/537.36"
20.83.61.173 - - [15/Jun/2022:04:35:11 -0300] "GET /dup-installer/main.installer.php HTTP/1.1" 301 162 "-" "-"
177.234.144.114 - - [15/Jun/2022:05:01:55 -0300] "GET / HTTP/1.1" 301 162 "-" "Go-http-client/1.1"
177.234.144.114 - - [15/Jun/2022:05:31:53 -0300] "GET / HTTP/1.1" 301 162 "-" "Go-http-client/1.1"
177.234.144.114 - - [15/Jun/2022:06:01:47 -0300] "GET / HTTP/1.1" 301 162 "-" "Go-http-client/1.1"
177.234.144.114 - - [15/Jun/2022:06:31:48 -0300] "GET / HTTP/1.1" 301 162 "-" "Go-http-client/1.1"
177.234.144.114 - - [15/Jun/2022:07:02:01 -0300] "GET / HTTP/1.1" 301 162 "-" "Go-http-client/1.1"
177.234.144.114 - - [15/Jun/2022:07:31:52 -0300] "GET / HTTP/1.1" 301 162 "-" "Go-http-client/1.1"
177.234.144.114 - - [15/Jun/2022:08:01:48 -0300] "GET / HTTP/1.1" 301 162 "-" "Go-http-client/1.1"
177.234.144.114 - - [15/Jun/2022:08:31:45 -0300] "GET / HTTP/1.1" 301 162 "-" "Go-http-client/1.1"
177.234.144.114 - - [15/Jun/2022:09:01:48 -0300] "GET / HTTP/1.1" 301 162 "-" "Go-http-client/1.1"
177.234.144.114 - - [15/Jun/2022:09:31:44 -0300] "GET / HTTP/1.1" 301 162 "-" "Go-http-client/1.1"
177.234.144.114 - - [15/Jun/2022:10:01:42 -0300] "GET / HTTP/1.1" 301 162 "-" "Go-http-client/1.1"
177.234.144.114 - - [15/Jun/2022:10:31:47 -0300] "GET / HTTP/1.1" 301 162 "-" "Go-http-client/1.1"
177.234.144.114 - - [15/Jun/2022:11:01:52 -0300] "GET / HTTP/1.1" 301 162 "-" "Go-http-client/1.1"
177.234.144.114 - - [15/Jun/2022:11:31:44 -0300] "GET / HTTP/1.1" 301 162 "-" "Go-http-client/1.1"
177.234.144.114 - - [15/Jun/2022:12:01:46 -0300] "GET / HTTP/1.1" 301 162 "-" "Go-http-client/1.1"
177.234.144.114 - - [15/Jun/2022:12:31:44 -0300] "GET / HTTP/1.1" 301 162 "-" "Go-http-client/1.1"
177.234.144.114 - - [15/Jun/2022:13:01:43 -0300] "GET / HTTP/1.1" 301 162 "-" "Go-http-client/1.1"
177.234.144.114 - - [15/Jun/2022:13:31:44 -0300] "GET / HTTP/1.1" 301 162 "-" "Go-http-client/1.1"
177.234.144.114 - - [15/Jun/2022:14:01:45 -0300] "GET / HTTP/1.1" 301 162 "-" "Go-http-client/1.1"
177.234.144.114 - - [15/Jun/2022:14:33:06 -0300] "GET / HTTP/1.1" 301 162 "-" "Go-http-client/1.1"
186.202.173.147 - - [15/Jun/2022:14:48:41 -0300] "GET / HTTP/1.1" 301 162 "-" "Mozilla/5.0 (compatible; MSIE 9.0; Windows NT 6.1; WOW64; Trident/5.0)"
177.234.144.114 - - [15/Jun/2022:15:01:46 -0300] "GET / HTTP/1.1" 301 162 "-" "Go-http-client/1.1"
177.234.144.114 - - [15/Jun/2022:15:31:45 -0300] "GET / HTTP/1.1" 301 162 "-" "Go-http-client/1.1"
177.234.144.114 - - [15/Jun/2022:16:01:39 -0300] "GET / HTTP/1.1" 301 162 "-" "Go-http-client/1.1"
177.234.144.114 - - [15/Jun/2022:16:31:45 -0300] "GET / HTTP/1.1" 301 162 "-" "Go-http-client/1.1"
177.234.144.114 - - [15/Jun/2022:17:01:58 -0300] "GET / HTTP/1.1" 301 162 "-" "Go-http-client/1.1"
177.234.144.114 - - [15/Jun/2022:17:31:44 -0300] "GET / HTTP/1.1" 301 162 "-" "Go-http-client/1.1"
177.234.144.114 - - [15/Jun/2022:18:01:44 -0300] "GET / HTTP/1.1" 301 162 "-" "Go-http-client/1.1"
177.234.144.114 - - [15/Jun/2022:18:31:43 -0300] "GET / HTTP/1.1" 301 162 "-" "Go-http-client/1.1"
185.39.144.147 - - [15/Jun/2022:18:38:03 -0300] "GET / HTTP/1.1" 301 162 "-" "Mozilla/5.0 (Macintosh; Intel Mac OS X 10_9_2)"
177.234.144.114 - - [15/Jun/2022:19:01:45 -0300] "GET / HTTP/1.1" 301 162 "-" "Go-http-client/1.1"
36.110.211.69 - - [15/Jun/2022:19:18:44 -0300] "GET / HTTP/1.1" 301 162 "-" "Mozilla/5.0 (Linux; Android 11; M2003J15SC Build/RP1A.200720.011; wv) AppleWebKit/537.36 (KHTML, like Gecko) Version/4.0 Chrome/87.0.4280.141 Mobile Safari/537.36"
111.206.170.109 - - [15/Jun/2022:19:18:46 -0300] "GET / HTTP/1.1" 301 162 "-" "Mozilla/5.0 (Linux; Android 11; M2003J15SC Build/RP1A.200720.011; wv) AppleWebKit/537.36 (KHTML, like Gecko) Version/4.0 Chrome/87.0.4280.141 Mobile Safari/537.36"
177.234.144.114 - - [15/Jun/2022:19:31:43 -0300] "GET / HTTP/1.1" 301 162 "-" "Go-http-client/1.1"
177.234.144.114 - - [15/Jun/2022:20:01:43 -0300] "GET / HTTP/1.1" 301 162 "-" "Go-http-client/1.1"
42.236.10.90 - - [15/Jun/2022:20:10:25 -0300] "GET / HTTP/1.1" 301 162 "-" "Mozilla/5.0 (Linux; Android 11; M2003J15SC Build/RP1A.200720.011; wv) AppleWebKit/537.36 (KHTML, like Gecko) Version/4.0 Chrome/87.0.4280.141 Mobile Safari/537.36"
111.206.170.103 - - [15/Jun/2022:20:10:27 -0300] "GET / HTTP/1.1" 301 162 "-" "Mozilla/5.0 (Linux; Android 11; M2003J15SC Build/RP1A.200720.011; wv) AppleWebKit/537.36 (KHTML, like Gecko) Version/4.0 Chrome/87.0.4280.141 Mobile Safari/537.36"
111.206.170.103 - - [15/Jun/2022:20:11:10 -0300] "GET / HTTP/1.1" 301 162 "-" "Mozilla/5.0 (Linux; Android 11; M2003J15SC Build/RP1A.200720.011; wv) AppleWebKit/537.36 (KHTML, like Gecko) Version/4.0 Chrome/87.0.4280.141 Mobile Safari/537.36"
111.206.170.119 - - [15/Jun/2022:20:11:10 -0300] "GET / HTTP/1.1" 301 162 "-" "Mozilla/5.0 (Linux; Android 11; M2003J15SC Build/RP1A.200720.011; wv) AppleWebKit/537.36 (KHTML, like Gecko) Version/4.0 Chrome/87.0.4280.141 Mobile Safari/537.36"
177.234.144.114 - - [15/Jun/2022:20:31:45 -0300] "GET / HTTP/1.1" 301 162 "-" "Go-http-client/1.1"
180.163.220.100 - - [15/Jun/2022:20:57:38 -0300] "GET / HTTP/1.1" 301 162 "-" "Mozilla/5.0 (Linux; Android 11; M2003J15SC Build/RP1A.200720.011; wv) AppleWebKit/537.36 (KHTML, like Gecko) Version/4.0 Chrome/87.0.4280.141 Mobile Safari/537.36"
1.192.192.8 - - [15/Jun/2022:20:57:39 -0300] "GET / HTTP/1.1" 301 162 "-" "Mozilla/5.0 (Linux; Android 11; M2003J15SC Build/RP1A.200720.011; wv) AppleWebKit/537.36 (KHTML, like Gecko) Version/4.0 Chrome/87.0.4280.141 Mobile Safari/537.36"
177.234.144.114 - - [15/Jun/2022:21:01:41 -0300] "GET / HTTP/1.1" 301 162 "-" "Go-http-client/1.1"
177.234.144.114 - - [15/Jun/2022:21:31:44 -0300] "GET / HTTP/1.1" 301 162 "-" "Go-http-client/1.1"
27.115.124.33 - - [15/Jun/2022:21:32:45 -0300] "GET / HTTP/1.1" 301 162 "-" "Mozilla/5.0 (Linux; Android 11; M2003J15SC Build/RP1A.200720.011; wv) AppleWebKit/537.36 (KHTML, like Gecko) Version/4.0 Chrome/87.0.4280.141 Mobile Safari/537.36"
111.206.170.103 - - [15/Jun/2022:21:32:45 -0300] "GET / HTTP/1.1" 301 162 "-" "Mozilla/5.0 (Linux; Android 11; M2003J15SC Build/RP1A.200720.011; wv) AppleWebKit/537.36 (KHTML, like Gecko) Version/4.0 Chrome/87.0.4280.141 Mobile Safari/537.36"
36.110.211.69 - - [15/Jun/2022:21:33:43 -0300] "GET / HTTP/1.1" 301 162 "-" "Mozilla/5.0 (Linux; Android 11; M2003J15SC Build/RP1A.200720.011; wv) AppleWebKit/537.36 (KHTML, like Gecko) Version/4.0 Chrome/87.0.4280.141 Mobile Safari/537.36"
123.6.49.6 - - [15/Jun/2022:21:33:44 -0300] "GET / HTTP/1.1" 301 162 "-" "Mozilla/5.0 (Linux; Android 11; M2003J15SC Build/RP1A.200720.011; wv) AppleWebKit/537.36 (KHTML, like Gecko) Version/4.0 Chrome/87.0.4280.141 Mobile Safari/537.36"
177.234.144.114 - - [15/Jun/2022:22:01:42 -0300] "GET / HTTP/1.1" 301 162 "-" "Go-http-client/1.1"
177.234.144.114 - - [15/Jun/2022:22:31:42 -0300] "GET / HTTP/1.1" 301 162 "-" "Go-http-client/1.1"
177.234.144.114 - - [15/Jun/2022:23:02:05 -0300] "GET / HTTP/1.1" 301 162 "-" "Go-http-client/1.1"
5.62.60.69 - - [15/Jun/2022:23:29:18 -0300] "GET / HTTP/1.1" 301 162 "-" "Mozilla/5.0 (Windows NT 10.0; Win64; x64) AppleWebKit/537.36 (KHTML, like Gecko) Chrome/63.0.3239.132 Safari/537.36"
177.234.144.114 - - [15/Jun/2022:23:31:48 -0300] "GET / HTTP/1.1" 301 162 "-" "Go-http-client/1.1"
177.234.144.114 - - [16/Jun/2022:00:03:09 -0300] "GET / HTTP/1.1" 301 162 "-" "Go-http-client/1.1"
177.234.144.114 - - [16/Jun/2022:00:32:04 -0300] "GET / HTTP/1.1" 301 162 "-" "Go-http-client/1.1"
177.234.144.114 - - [16/Jun/2022:01:02:01 -0300] "GET / HTTP/1.1" 301 162 "-" "Go-http-client/1.1"
177.234.144.114 - - [16/Jun/2022:01:32:20 -0300] "GET / HTTP/1.1" 301 162 "-" "Go-http-client/1.1"
177.234.144.114 - - [16/Jun/2022:02:01:41 -0300] "GET / HTTP/1.1" 301 162 "-" "Go-http-client/1.1"
177.234.144.114 - - [16/Jun/2022:02:31:45 -0300] "GET / HTTP/1.1" 301 162 "-" "Go-http-client/1.1"
177.234.144.114 - - [16/Jun/2022:03:01:41 -0300] "GET / HTTP/1.1" 301 162 "-" "Go-http-client/1.1"
177.234.144.114 - - [16/Jun/2022:03:31:50 -0300] "GET / HTTP/1.1" 301 162 "-" "Go-http-client/1.1"
177.234.144.114 - - [16/Jun/2022:04:02:01 -0300] "GET / HTTP/1.1" 301 162 "-" "Go-http-client/1.1"
34.208.240.68 - - [16/Jun/2022:04:30:55 -0300] "GET / HTTP/1.1" 301 162 "-" "Mozilla/5.0 (X11; Linux x86_64) AppleWebKit/537.36 (KHTML, like Gecko) Chrome/83.0.4103.97 Safari/537.36"
54.202.63.19 - - [16/Jun/2022:04:31:06 -0300] "GET /favicon.ico HTTP/1.1" 301 162 "-" "Mozilla/5.0 (X11; Linux x86_64) AppleWebKit/537.36 (KHTML, like Gecko) Chrome/83.0.4103.97 Safari/537.36"
54.202.63.19 - - [16/Jun/2022:04:31:09 -0300] "GET / HTTP/1.1" 301 162 "-" "Mozilla/5.0 (X11; Linux x86_64) AppleWebKit/537.36 (KHTML, like Gecko) Chrome/83.0.4103.97 Safari/537.36"
177.234.144.114 - - [16/Jun/2022:04:31:43 -0300] "GET / HTTP/1.1" 301 162 "-" "Go-http-client/1.1"
35.166.13.29 - - [16/Jun/2022:04:46:05 -0300] "GET / HTTP/1.1" 301 162 "-" "Mozilla/5.0 (Windows NT 10.0; Win64; x64)AppleWebKit/537.36 (KHTML, like Gecko) Chrome/66.0.3359.181 Safari/537.36"
177.234.144.114 - - [16/Jun/2022:05:01:50 -0300] "GET / HTTP/1.1" 301 162 "-" "Go-http-client/1.1"
177.234.144.114 - - [16/Jun/2022:05:31:43 -0300] "GET / HTTP/1.1" 301 162 "-" "Go-http-client/1.1"
177.234.144.114 - - [16/Jun/2022:06:01:51 -0300] "GET / HTTP/1.1" 301 162 "-" "Go-http-client/1.1"
177.234.144.114 - - [16/Jun/2022:06:31:42 -0300] "GET / HTTP/1.1" 301 162 "-" "Go-http-client/1.1"
177.234.144.114 - - [16/Jun/2022:07:01:41 -0300] "GET / HTTP/1.1" 301 162 "-" "Go-http-client/1.1"
177.234.144.114 - - [16/Jun/2022:07:31:45 -0300] "GET / HTTP/1.1" 301 162 "-" "Go-http-client/1.1"
20.194.196.68 - - [16/Jun/2022:07:40:31 -0300] "GET /installer.php HTTP/1.1" 301 162 "-" "Mozilla/5.0 (Windows NT 10.0; Win64; x64; rv:66.0) Gecko/20100101 Firefox/66.0"
177.234.144.114 - - [16/Jun/2022:08:01:46 -0300] "GET / HTTP/1.1" 301 162 "-" "Go-http-client/1.1"
177.234.144.114 - - [16/Jun/2022:08:31:42 -0300] "GET / HTTP/1.1" 301 162 "-" "Go-http-client/1.1"
177.234.144.114 - - [16/Jun/2022:09:01:46 -0300] "GET / HTTP/1.1" 301 162 "-" "Go-http-client/1.1"
177.234.144.114 - - [16/Jun/2022:09:31:43 -0300] "GET / HTTP/1.1" 301 162 "-" "Go-http-client/1.1"
177.234.144.114 - - [16/Jun/2022:10:01:44 -0300] "GET / HTTP/1.1" 301 162 "-" "Go-http-client/1.1"
177.234.144.114 - - [16/Jun/2022:10:31:43 -0300] "GET / HTTP/1.1" 301 162 "-" "Go-http-client/1.1"
177.234.144.114 - - [16/Jun/2022:11:01:47 -0300] "GET / HTTP/1.1" 301 162 "-" "Go-http-client/1.1"
177.234.144.114 - - [16/Jun/2022:11:31:48 -0300] "GET / HTTP/1.1" 301 162 "-" "Go-http-client/1.1"
177.234.144.114 - - [16/Jun/2022:12:01:43 -0300] "GET / HTTP/1.1" 301 162 "-" "Go-http-client/1.1"
177.234.144.114 - - [16/Jun/2022:12:31:43 -0300] "GET / HTTP/1.1" 301 162 "-" "Go-http-client/1.1"
177.234.144.114 - - [16/Jun/2022:13:01:44 -0300] "GET / HTTP/1.1" 301 162 "-" "Go-http-client/1.1"
177.234.144.114 - - [16/Jun/2022:13:31:40 -0300] "GET / HTTP/1.1" 301 162 "-" "Go-http-client/1.1"
177.234.144.114 - - [16/Jun/2022:14:01:44 -0300] "GET / HTTP/1.1" 301 162 "-" "Go-http-client/1.1"
177.234.144.114 - - [16/Jun/2022:14:31:44 -0300] "GET / HTTP/1.1" 301 162 "-" "Go-http-client/1.1"
186.202.173.147 - - [16/Jun/2022:14:41:49 -0300] "GET / HTTP/1.1" 301 162 "-" "Mozilla/5.0 (compatible; MSIE 9.0; Windows NT 6.1; WOW64; Trident/5.0)"
177.234.144.114 - - [16/Jun/2022:15:01:45 -0300] "GET / HTTP/1.1" 301 162 "-" "Go-http-client/1.1"
177.234.144.114 - - [16/Jun/2022:15:31:40 -0300] "GET / HTTP/1.1" 301 162 "-" "Go-http-client/1.1"
177.234.144.114 - - [16/Jun/2022:16:01:43 -0300] "GET / HTTP/1.1" 301 162 "-" "Go-http-client/1.1"
177.234.144.114 - - [16/Jun/2022:16:31:39 -0300] "GET / HTTP/1.1" 301 162 "-" "Go-http-client/1.1"
177.234.144.114 - - [16/Jun/2022:17:01:48 -0300] "GET / HTTP/1.1" 301 162 "-" "Go-http-client/1.1"
177.234.144.114 - - [16/Jun/2022:17:31:44 -0300] "GET / HTTP/1.1" 301 162 "-" "Go-http-client/1.1"
3.144.91.226 - - [16/Jun/2022:17:56:29 -0300] "GET / HTTP/1.1" 301 162 "-" "Mozilla/5.0 (Windows NT 10.0; Win64; x64) AppleWebKit/537.36 (KHTML, like Gecko) Chrome/95.0.4638.69 Safari/537.36"
177.234.144.114 - - [16/Jun/2022:18:01:45 -0300] "GET / HTTP/1.1" 301 162 "-" "Go-http-client/1.1"
45.129.18.93 - - [16/Jun/2022:18:17:24 -0300] "GET / HTTP/1.1" 301 162 "-" "Mozilla/5.0 (Macintosh; Intel Mac OS X 10_11_5) AppleWebKit/537.36 (KHTML, like Gecko) Chrome/51.0.2704.84 Safari/537.36"
177.234.144.114 - - [16/Jun/2022:18:31:41 -0300] "GET / HTTP/1.1" 301 162 "-" "Go-http-client/1.1"
177.234.144.114 - - [16/Jun/2022:19:01:39 -0300] "GET / HTTP/1.1" 301 162 "-" "Go-http-client/1.1"
177.234.144.114 - - [16/Jun/2022:19:31:43 -0300] "GET / HTTP/1.1" 301 162 "-" "Go-http-client/1.1"
177.234.144.114 - - [16/Jun/2022:20:01:45 -0300] "GET / HTTP/1.1" 301 162 "-" "Go-http-client/1.1"
177.234.144.114 - - [16/Jun/2022:20:31:48 -0300] "GET / HTTP/1.1" 301 162 "-" "Go-http-client/1.1"
177.234.144.114 - - [16/Jun/2022:21:01:43 -0300] "GET / HTTP/1.1" 301 162 "-" "Go-http-client/1.1"
177.234.144.114 - - [16/Jun/2022:21:31:46 -0300] "GET / HTTP/1.1" 301 162 "-" "Go-http-client/1.1"
177.234.144.114 - - [16/Jun/2022:22:01:42 -0300] "GET / HTTP/1.1" 301 162 "-" "Go-http-client/1.1"
177.234.144.114 - - [16/Jun/2022:22:31:40 -0300] "GET / HTTP/1.1" 301 162 "-" "Go-http-client/1.1"
177.234.144.114 - - [16/Jun/2022:23:01:54 -0300] "GET / HTTP/1.1" 301 162 "-" "Go-http-client/1.1"
177.234.144.114 - - [16/Jun/2022:23:31:47 -0300] "GET / HTTP/1.1" 301 162 "-" "Go-http-client/1.1"
177.234.144.114 - - [17/Jun/2022:00:01:53 -0300] "GET / HTTP/1.1" 301 162 "-" "Go-http-client/1.1"
177.234.144.114 - - [17/Jun/2022:00:31:49 -0300] "GET / HTTP/1.1" 301 162 "-" "Go-http-client/1.1"
