177.234.144.114 - - [02/Aug/2022:06:01:47 -0300] "GET / HTTP/1.1" 301 162 "-" "Go-http-client/1.1"
177.234.144.114 - - [02/Aug/2022:06:31:44 -0300] "GET / HTTP/1.1" 301 162 "-" "Go-http-client/1.1"
177.234.144.114 - - [02/Aug/2022:07:01:45 -0300] "GET / HTTP/1.1" 301 162 "-" "Go-http-client/1.1"
177.234.144.114 - - [02/Aug/2022:07:31:41 -0300] "GET / HTTP/1.1" 301 162 "-" "Go-http-client/1.1"
177.234.144.114 - - [02/Aug/2022:08:01:47 -0300] "GET / HTTP/1.1" 301 162 "-" "Go-http-client/1.1"
177.234.144.114 - - [02/Aug/2022:08:32:05 -0300] "GET / HTTP/1.1" 301 162 "-" "Go-http-client/1.1"
177.234.144.114 - - [02/Aug/2022:09:01:59 -0300] "GET / HTTP/1.1" 301 162 "-" "Go-http-client/1.1"
177.234.144.114 - - [02/Aug/2022:09:31:49 -0300] "GET / HTTP/1.1" 301 162 "-" "Go-http-client/1.1"
177.234.144.114 - - [02/Aug/2022:10:01:51 -0300] "GET / HTTP/1.1" 301 162 "-" "Go-http-client/1.1"
209.141.49.169 - - [02/Aug/2022:10:24:13 -0300] "GET / HTTP/1.1" 301 162 "-" "Mozilla/5.0 (Macintosh; Intel Mac OS X 10_15_7) AppleWebKit/537.36 (KHTML, like Gecko) Chrome/96.0.4664.110 Safari/537.36"
209.141.49.169 - - [02/Aug/2022:10:24:15 -0300] "GET /favicon.ico HTTP/1.1" 301 162 "-" "Mozilla/5.0 (Macintosh; Intel Mac OS X 10_15_7) AppleWebKit/537.36 (KHTML, like Gecko) Chrome/96.0.4664.110 Safari/537.36"
177.234.144.114 - - [02/Aug/2022:10:31:51 -0300] "GET / HTTP/1.1" 301 162 "-" "Go-http-client/1.1"
177.234.144.114 - - [02/Aug/2022:11:01:50 -0300] "GET / HTTP/1.1" 301 162 "-" "Go-http-client/1.1"
177.234.144.114 - - [02/Aug/2022:11:31:50 -0300] "GET / HTTP/1.1" 301 162 "-" "Go-http-client/1.1"
177.234.144.114 - - [02/Aug/2022:12:02:00 -0300] "GET / HTTP/1.1" 301 162 "-" "Go-http-client/1.1"
177.234.144.114 - - [02/Aug/2022:12:31:50 -0300] "GET / HTTP/1.1" 301 162 "-" "Go-http-client/1.1"
177.234.144.114 - - [02/Aug/2022:13:01:52 -0300] "GET / HTTP/1.1" 301 162 "-" "Go-http-client/1.1"
173.212.236.106 - - [02/Aug/2022:13:09:16 -0300] "HEAD /wordpress HTTP/1.1" 301 0 "-" "Mozilla/5.0 (Windows NT 10.0; Win64; x64) AppleWebKit/537.36 (KHTML, like Gecko) Chrome/74.0.3729.169 Safari/537.36"
173.212.236.106 - - [02/Aug/2022:13:09:18 -0300] "HEAD / HTTP/1.1" 301 0 "-" "Mozilla/5.0 (Windows NT 10.0; Win64; x64) AppleWebKit/537.36 (KHTML, like Gecko) Chrome/74.0.3729.169 Safari/537.36"
173.212.236.106 - - [02/Aug/2022:13:09:19 -0300] "HEAD /wp HTTP/1.1" 301 0 "-" "Mozilla/5.0 (Windows NT 10.0; Win64; x64) AppleWebKit/537.36 (KHTML, like Gecko) Chrome/74.0.3729.169 Safari/537.36"
173.212.236.106 - - [02/Aug/2022:13:09:19 -0300] "HEAD /bc HTTP/1.1" 301 0 "-" "Mozilla/5.0 (Windows NT 10.0; Win64; x64) AppleWebKit/537.36 (KHTML, like Gecko) Chrome/74.0.3729.169 Safari/537.36"
173.212.236.106 - - [02/Aug/2022:13:09:20 -0300] "HEAD /bk HTTP/1.1" 301 0 "-" "Mozilla/5.0 (Windows NT 10.0; Win64; x64) AppleWebKit/537.36 (KHTML, like Gecko) Chrome/74.0.3729.169 Safari/537.36"
173.212.236.106 - - [02/Aug/2022:13:09:21 -0300] "HEAD /backup HTTP/1.1" 301 0 "-" "Mozilla/5.0 (Windows NT 10.0; Win64; x64) AppleWebKit/537.36 (KHTML, like Gecko) Chrome/74.0.3729.169 Safari/537.36"
173.212.236.106 - - [02/Aug/2022:13:09:22 -0300] "HEAD /old HTTP/1.1" 301 0 "-" "Mozilla/5.0 (Windows NT 10.0; Win64; x64) AppleWebKit/537.36 (KHTML, like Gecko) Chrome/74.0.3729.169 Safari/537.36"
173.212.236.106 - - [02/Aug/2022:13:09:22 -0300] "HEAD /new HTTP/1.1" 301 0 "-" "Mozilla/5.0 (Windows NT 10.0; Win64; x64) AppleWebKit/537.36 (KHTML, like Gecko) Chrome/74.0.3729.169 Safari/537.36"
173.212.236.106 - - [02/Aug/2022:13:09:23 -0300] "HEAD /main HTTP/1.1" 301 0 "-" "Mozilla/5.0 (Windows NT 10.0; Win64; x64) AppleWebKit/537.36 (KHTML, like Gecko) Chrome/74.0.3729.169 Safari/537.36"
173.212.236.106 - - [02/Aug/2022:13:09:24 -0300] "HEAD /home HTTP/1.1" 301 0 "-" "Mozilla/5.0 (Windows NT 10.0; Win64; x64) AppleWebKit/537.36 (KHTML, like Gecko) Chrome/74.0.3729.169 Safari/537.36"
177.234.144.114 - - [02/Aug/2022:13:31:44 -0300] "GET / HTTP/1.1" 301 162 "-" "Go-http-client/1.1"
177.234.144.114 - - [02/Aug/2022:14:01:48 -0300] "GET / HTTP/1.1" 301 162 "-" "Go-http-client/1.1"
177.234.144.114 - - [02/Aug/2022:14:31:47 -0300] "GET / HTTP/1.1" 301 162 "-" "Go-http-client/1.1"
177.234.144.114 - - [02/Aug/2022:15:01:46 -0300] "GET / HTTP/1.1" 301 162 "-" "Go-http-client/1.1"
177.234.144.114 - - [02/Aug/2022:15:31:45 -0300] "GET / HTTP/1.1" 301 162 "-" "Go-http-client/1.1"
177.234.144.114 - - [02/Aug/2022:16:01:42 -0300] "GET / HTTP/1.1" 301 162 "-" "Go-http-client/1.1"
177.234.144.114 - - [02/Aug/2022:16:31:44 -0300] "GET / HTTP/1.1" 301 162 "-" "Go-http-client/1.1"
186.202.173.147 - - [02/Aug/2022:16:33:51 -0300] "GET / HTTP/1.1" 301 162 "-" "Mozilla/5.0 (compatible; MSIE 9.0; Windows NT 6.1; WOW64; Trident/5.0)"
177.234.144.114 - - [02/Aug/2022:17:02:15 -0300] "GET / HTTP/1.1" 301 162 "-" "Go-http-client/1.1"
177.234.144.114 - - [02/Aug/2022:17:31:46 -0300] "GET / HTTP/1.1" 301 162 "-" "Go-http-client/1.1"
177.234.144.114 - - [02/Aug/2022:18:01:45 -0300] "GET / HTTP/1.1" 301 162 "-" "Go-http-client/1.1"
177.234.144.114 - - [02/Aug/2022:18:31:41 -0300] "GET / HTTP/1.1" 301 162 "-" "Go-http-client/1.1"
177.234.144.114 - - [02/Aug/2022:19:01:46 -0300] "GET / HTTP/1.1" 301 162 "-" "Go-http-client/1.1"
177.234.144.114 - - [02/Aug/2022:19:31:45 -0300] "GET / HTTP/1.1" 301 162 "-" "Go-http-client/1.1"
177.234.144.114 - - [02/Aug/2022:20:01:48 -0300] "GET / HTTP/1.1" 301 162 "-" "Go-http-client/1.1"
177.234.144.114 - - [02/Aug/2022:20:31:43 -0300] "GET / HTTP/1.1" 301 162 "-" "Go-http-client/1.1"
177.234.144.114 - - [02/Aug/2022:21:01:48 -0300] "GET / HTTP/1.1" 301 162 "-" "Go-http-client/1.1"
177.234.144.114 - - [02/Aug/2022:21:31:44 -0300] "GET / HTTP/1.1" 301 162 "-" "Go-http-client/1.1"
177.234.144.114 - - [02/Aug/2022:22:01:43 -0300] "GET / HTTP/1.1" 301 162 "-" "Go-http-client/1.1"
177.234.144.114 - - [02/Aug/2022:22:31:39 -0300] "GET / HTTP/1.1" 301 162 "-" "Go-http-client/1.1"
177.234.144.114 - - [02/Aug/2022:23:02:39 -0300] "GET / HTTP/1.1" 301 162 "-" "Go-http-client/1.1"
161.35.177.123 - - [02/Aug/2022:23:13:52 -0300] "GET / HTTP/1.0" 301 162 "-" "Mozilla/5.0 (compatible; NetcraftSurveyAgent/1.0; +info@netcraft.com)"
177.234.144.114 - - [02/Aug/2022:23:31:44 -0300] "GET / HTTP/1.1" 301 162 "-" "Go-http-client/1.1"
177.234.144.114 - - [03/Aug/2022:00:01:51 -0300] "GET / HTTP/1.1" 301 162 "-" "Go-http-client/1.1"
177.234.144.114 - - [03/Aug/2022:00:31:44 -0300] "GET / HTTP/1.1" 301 162 "-" "Go-http-client/1.1"
177.234.144.114 - - [03/Aug/2022:01:02:25 -0300] "GET / HTTP/1.1" 301 162 "-" "Go-http-client/1.1"
177.234.144.114 - - [03/Aug/2022:01:31:42 -0300] "GET / HTTP/1.1" 301 162 "-" "Go-http-client/1.1"
177.234.144.114 - - [03/Aug/2022:02:01:43 -0300] "GET / HTTP/1.1" 301 162 "-" "Go-http-client/1.1"
177.234.144.114 - - [03/Aug/2022:02:31:48 -0300] "GET / HTTP/1.1" 301 162 "-" "Go-http-client/1.1"
177.234.144.114 - - [03/Aug/2022:03:01:44 -0300] "GET / HTTP/1.1" 301 162 "-" "Go-http-client/1.1"
177.234.144.114 - - [03/Aug/2022:03:31:55 -0300] "GET / HTTP/1.1" 301 162 "-" "Go-http-client/1.1"
3.252.32.20 - - [03/Aug/2022:03:37:53 -0300] "GET /robots.txt HTTP/1.1" 301 162 "-" "-"
3.252.32.20 - - [03/Aug/2022:03:38:20 -0300] "GET / HTTP/1.1" 301 162 "-" "-"
177.234.144.114 - - [03/Aug/2022:04:01:48 -0300] "GET / HTTP/1.1" 301 162 "-" "Go-http-client/1.1"
54.213.129.209 - - [03/Aug/2022:04:31:10 -0300] "GET / HTTP/1.1" 301 162 "-" "Mozilla/5.0 (X11; Linux x86_64) AppleWebKit/537.36 (KHTML, like Gecko) Chrome/83.0.4103.97 Safari/537.36"
54.186.34.66 - - [03/Aug/2022:04:31:30 -0300] "GET /favicon.ico HTTP/1.1" 301 162 "-" "Mozilla/5.0 (X11; Linux x86_64) AppleWebKit/537.36 (KHTML, like Gecko) Chrome/83.0.4103.97 Safari/537.36"
54.186.34.66 - - [03/Aug/2022:04:31:33 -0300] "GET / HTTP/1.1" 301 162 "-" "Mozilla/5.0 (X11; Linux x86_64) AppleWebKit/537.36 (KHTML, like Gecko) Chrome/83.0.4103.97 Safari/537.36"
177.234.144.114 - - [03/Aug/2022:04:31:42 -0300] "GET / HTTP/1.1" 301 162 "-" "Go-http-client/1.1"
34.222.245.22 - - [03/Aug/2022:04:32:13 -0300] "GET / HTTP/1.1" 301 162 "-" "Mozilla/5.0 (Windows NT 10.0; Win64; x64)AppleWebKit/537.36 (KHTML, like Gecko) Chrome/66.0.3359.181 Safari/537.36"
177.234.144.114 - - [03/Aug/2022:05:01:53 -0300] "GET / HTTP/1.1" 301 162 "-" "Go-http-client/1.1"
177.234.144.114 - - [03/Aug/2022:05:31:44 -0300] "GET / HTTP/1.1" 301 162 "-" "Go-http-client/1.1"
177.234.144.114 - - [03/Aug/2022:06:01:48 -0300] "GET / HTTP/1.1" 301 162 "-" "Go-http-client/1.1"
177.234.144.114 - - [03/Aug/2022:06:31:49 -0300] "GET / HTTP/1.1" 301 162 "-" "Go-http-client/1.1"
177.234.144.114 - - [03/Aug/2022:07:01:44 -0300] "GET / HTTP/1.1" 301 162 "-" "Go-http-client/1.1"
177.234.144.114 - - [03/Aug/2022:07:31:45 -0300] "GET / HTTP/1.1" 301 162 "-" "Go-http-client/1.1"
177.234.144.114 - - [03/Aug/2022:08:01:45 -0300] "GET / HTTP/1.1" 301 162 "-" "Go-http-client/1.1"
177.234.144.114 - - [03/Aug/2022:08:31:46 -0300] "GET / HTTP/1.1" 301 162 "-" "Go-http-client/1.1"
177.234.144.114 - - [03/Aug/2022:09:01:50 -0300] "GET / HTTP/1.1" 301 162 "-" "Go-http-client/1.1"
177.234.144.114 - - [03/Aug/2022:09:31:44 -0300] "GET / HTTP/1.1" 301 162 "-" "Go-http-client/1.1"
177.234.144.114 - - [03/Aug/2022:10:01:54 -0300] "GET / HTTP/1.1" 301 162 "-" "Go-http-client/1.1"
177.234.144.114 - - [03/Aug/2022:10:31:47 -0300] "GET / HTTP/1.1" 301 162 "-" "Go-http-client/1.1"
177.234.144.114 - - [03/Aug/2022:11:01:50 -0300] "GET / HTTP/1.1" 301 162 "-" "Go-http-client/1.1"
177.234.144.114 - - [03/Aug/2022:11:31:48 -0300] "GET / HTTP/1.1" 301 162 "-" "Go-http-client/1.1"
177.234.144.114 - - [03/Aug/2022:12:01:46 -0300] "GET / HTTP/1.1" 301 162 "-" "Go-http-client/1.1"
177.234.144.114 - - [03/Aug/2022:12:31:45 -0300] "GET / HTTP/1.1" 301 162 "-" "Go-http-client/1.1"
177.234.144.114 - - [03/Aug/2022:13:01:46 -0300] "GET / HTTP/1.1" 301 162 "-" "Go-http-client/1.1"
3.126.91.206 - - [03/Aug/2022:13:18:11 -0300] "GET /robots.txt HTTP/1.1" 301 162 "-" "-"
3.126.91.206 - - [03/Aug/2022:13:19:10 -0300] "GET / HTTP/1.1" 301 162 "-" "-"
177.234.144.114 - - [03/Aug/2022:13:31:45 -0300] "GET / HTTP/1.1" 301 162 "-" "Go-http-client/1.1"
177.234.144.114 - - [03/Aug/2022:14:01:46 -0300] "GET / HTTP/1.1" 301 162 "-" "Go-http-client/1.1"
177.234.144.114 - - [03/Aug/2022:14:32:59 -0300] "GET / HTTP/1.1" 301 162 "-" "Go-http-client/1.1"
186.202.173.147 - - [03/Aug/2022:14:40:57 -0300] "GET / HTTP/1.1" 301 162 "-" "Mozilla/5.0 (compatible; MSIE 9.0; Windows NT 6.1; WOW64; Trident/5.0)"
177.234.144.114 - - [03/Aug/2022:15:01:49 -0300] "GET / HTTP/1.1" 301 162 "-" "Go-http-client/1.1"
177.234.144.114 - - [03/Aug/2022:15:31:44 -0300] "GET / HTTP/1.1" 301 162 "-" "Go-http-client/1.1"
177.234.144.114 - - [03/Aug/2022:16:01:47 -0300] "GET / HTTP/1.1" 301 162 "-" "Go-http-client/1.1"
177.234.144.114 - - [03/Aug/2022:16:31:46 -0300] "GET / HTTP/1.1" 301 162 "-" "Go-http-client/1.1"
177.234.144.114 - - [03/Aug/2022:17:01:48 -0300] "GET / HTTP/1.1" 301 162 "-" "Go-http-client/1.1"
177.234.144.114 - - [03/Aug/2022:17:31:50 -0300] "GET / HTTP/1.1" 301 162 "-" "Go-http-client/1.1"
177.234.144.114 - - [03/Aug/2022:18:01:45 -0300] "GET / HTTP/1.1" 301 162 "-" "Go-http-client/1.1"
177.234.144.114 - - [03/Aug/2022:18:31:44 -0300] "GET / HTTP/1.1" 301 162 "-" "Go-http-client/1.1"
177.234.144.114 - - [03/Aug/2022:19:01:48 -0300] "GET / HTTP/1.1" 301 162 "-" "Go-http-client/1.1"
177.234.144.114 - - [03/Aug/2022:19:31:44 -0300] "GET / HTTP/1.1" 301 162 "-" "Go-http-client/1.1"
177.234.144.114 - - [03/Aug/2022:20:01:49 -0300] "GET / HTTP/1.1" 301 162 "-" "Go-http-client/1.1"
177.234.144.114 - - [03/Aug/2022:20:31:48 -0300] "GET / HTTP/1.1" 301 162 "-" "Go-http-client/1.1"
177.234.144.114 - - [03/Aug/2022:21:01:51 -0300] "GET / HTTP/1.1" 301 162 "-" "Go-http-client/1.1"
177.234.144.114 - - [03/Aug/2022:21:31:47 -0300] "GET / HTTP/1.1" 301 162 "-" "Go-http-client/1.1"
177.234.144.114 - - [03/Aug/2022:22:01:46 -0300] "GET / HTTP/1.1" 301 162 "-" "Go-http-client/1.1"
177.234.144.114 - - [03/Aug/2022:22:31:46 -0300] "GET / HTTP/1.1" 301 162 "-" "Go-http-client/1.1"
177.234.144.114 - - [03/Aug/2022:23:02:08 -0300] "GET / HTTP/1.1" 301 162 "-" "Go-http-client/1.1"
177.234.144.114 - - [03/Aug/2022:23:31:45 -0300] "GET / HTTP/1.1" 301 162 "-" "Go-http-client/1.1"
177.234.144.114 - - [04/Aug/2022:00:01:57 -0300] "GET / HTTP/1.1" 301 162 "-" "Go-http-client/1.1"
177.234.144.114 - - [04/Aug/2022:00:31:46 -0300] "GET / HTTP/1.1" 301 162 "-" "Go-http-client/1.1"
177.234.144.114 - - [04/Aug/2022:01:02:16 -0300] "GET / HTTP/1.1" 301 162 "-" "Go-http-client/1.1"
177.234.144.114 - - [04/Aug/2022:01:31:46 -0300] "GET / HTTP/1.1" 301 162 "-" "Go-http-client/1.1"
177.234.144.114 - - [04/Aug/2022:02:01:44 -0300] "GET / HTTP/1.1" 301 162 "-" "Go-http-client/1.1"
177.234.144.114 - - [04/Aug/2022:02:31:47 -0300] "GET / HTTP/1.1" 301 162 "-" "Go-http-client/1.1"
177.234.144.114 - - [04/Aug/2022:03:01:46 -0300] "GET / HTTP/1.1" 301 162 "-" "Go-http-client/1.1"
177.234.144.114 - - [04/Aug/2022:03:31:42 -0300] "GET / HTTP/1.1" 301 162 "-" "Go-http-client/1.1"
177.234.144.114 - - [04/Aug/2022:04:01:44 -0300] "GET / HTTP/1.1" 301 162 "-" "Go-http-client/1.1"
18.237.88.113 - - [04/Aug/2022:04:31:36 -0300] "GET / HTTP/1.1" 301 162 "-" "Mozilla/5.0 (X11; Linux x86_64) AppleWebKit/537.36 (KHTML, like Gecko) Chrome/83.0.4103.97 Safari/537.36"
177.234.144.114 - - [04/Aug/2022:04:31:43 -0300] "GET / HTTP/1.1" 301 162 "-" "Go-http-client/1.1"
35.162.209.211 - - [04/Aug/2022:04:32:21 -0300] "GET /favicon.ico HTTP/1.1" 301 162 "-" "Mozilla/5.0 (X11; Linux x86_64) AppleWebKit/537.36 (KHTML, like Gecko) Chrome/83.0.4103.97 Safari/537.36"
35.162.209.211 - - [04/Aug/2022:04:32:26 -0300] "GET / HTTP/1.1" 301 162 "-" "Mozilla/5.0 (X11; Linux x86_64) AppleWebKit/537.36 (KHTML, like Gecko) Chrome/83.0.4103.97 Safari/537.36"
34.213.179.23 - - [04/Aug/2022:04:53:43 -0300] "GET / HTTP/1.1" 301 162 "-" "Mozilla/5.0 (Windows NT 10.0; Win64; x64)AppleWebKit/537.36 (KHTML, like Gecko) Chrome/66.0.3359.181 Safari/537.36"
177.234.144.114 - - [04/Aug/2022:05:01:47 -0300] "GET / HTTP/1.1" 301 162 "-" "Go-http-client/1.1"
177.234.144.114 - - [04/Aug/2022:05:31:49 -0300] "GET / HTTP/1.1" 301 162 "-" "Go-http-client/1.1"
177.234.144.114 - - [04/Aug/2022:06:01:45 -0300] "GET / HTTP/1.1" 301 162 "-" "Go-http-client/1.1"
177.234.144.114 - - [04/Aug/2022:06:31:45 -0300] "GET / HTTP/1.1" 301 162 "-" "Go-http-client/1.1"
177.234.144.114 - - [04/Aug/2022:07:01:47 -0300] "GET / HTTP/1.1" 301 162 "-" "Go-http-client/1.1"
177.234.144.114 - - [04/Aug/2022:07:31:45 -0300] "GET / HTTP/1.1" 301 162 "-" "Go-http-client/1.1"
177.234.144.114 - - [04/Aug/2022:08:01:44 -0300] "GET / HTTP/1.1" 301 162 "-" "Go-http-client/1.1"
177.234.144.114 - - [04/Aug/2022:08:31:47 -0300] "GET / HTTP/1.1" 301 162 "-" "Go-http-client/1.1"
177.234.144.114 - - [04/Aug/2022:09:01:54 -0300] "GET / HTTP/1.1" 301 162 "-" "Go-http-client/1.1"
177.234.144.114 - - [04/Aug/2022:09:31:46 -0300] "GET / HTTP/1.1" 301 162 "-" "Go-http-client/1.1"
177.234.144.114 - - [04/Aug/2022:10:01:53 -0300] "GET / HTTP/1.1" 301 162 "-" "Go-http-client/1.1"
177.234.144.114 - - [04/Aug/2022:10:31:49 -0300] "GET / HTTP/1.1" 301 162 "-" "Go-http-client/1.1"
177.234.144.114 - - [04/Aug/2022:11:01:53 -0300] "GET / HTTP/1.1" 301 162 "-" "Go-http-client/1.1"
177.234.144.114 - - [04/Aug/2022:11:31:50 -0300] "GET / HTTP/1.1" 301 162 "-" "Go-http-client/1.1"
177.234.144.114 - - [04/Aug/2022:12:02:12 -0300] "GET / HTTP/1.1" 301 162 "-" "Go-http-client/1.1"
177.234.144.114 - - [04/Aug/2022:12:31:52 -0300] "GET / HTTP/1.1" 301 162 "-" "Go-http-client/1.1"
177.234.144.114 - - [04/Aug/2022:13:01:46 -0300] "GET / HTTP/1.1" 301 162 "-" "Go-http-client/1.1"
177.234.144.114 - - [04/Aug/2022:13:31:44 -0300] "GET / HTTP/1.1" 301 162 "-" "Go-http-client/1.1"
177.234.144.114 - - [04/Aug/2022:14:01:50 -0300] "GET / HTTP/1.1" 301 162 "-" "Go-http-client/1.1"
177.234.144.114 - - [04/Aug/2022:14:31:50 -0300] "GET / HTTP/1.1" 301 162 "-" "Go-http-client/1.1"
186.202.173.147 - - [04/Aug/2022:14:48:10 -0300] "GET / HTTP/1.1" 301 162 "-" "Mozilla/5.0 (compatible; MSIE 9.0; Windows NT 6.1; WOW64; Trident/5.0)"
177.234.144.114 - - [04/Aug/2022:15:01:50 -0300] "GET / HTTP/1.1" 301 162 "-" "Go-http-client/1.1"
177.234.144.114 - - [04/Aug/2022:15:31:46 -0300] "GET / HTTP/1.1" 301 162 "-" "Go-http-client/1.1"
177.234.144.114 - - [04/Aug/2022:16:01:48 -0300] "GET / HTTP/1.1" 301 162 "-" "Go-http-client/1.1"
177.234.144.114 - - [04/Aug/2022:16:31:48 -0300] "GET / HTTP/1.1" 301 162 "-" "Go-http-client/1.1"
177.234.144.114 - - [04/Aug/2022:17:01:50 -0300] "GET / HTTP/1.1" 301 162 "-" "Go-http-client/1.1"
177.234.144.114 - - [04/Aug/2022:17:31:49 -0300] "GET / HTTP/1.1" 301 162 "-" "Go-http-client/1.1"
177.234.144.114 - - [04/Aug/2022:18:01:47 -0300] "GET / HTTP/1.1" 301 162 "-" "Go-http-client/1.1"
177.234.144.114 - - [04/Aug/2022:18:31:44 -0300] "GET / HTTP/1.1" 301 162 "-" "Go-http-client/1.1"
177.234.144.114 - - [04/Aug/2022:19:01:49 -0300] "GET / HTTP/1.1" 301 162 "-" "Go-http-client/1.1"
177.234.144.114 - - [04/Aug/2022:19:31:43 -0300] "GET / HTTP/1.1" 301 162 "-" "Go-http-client/1.1"
177.234.144.114 - - [04/Aug/2022:20:01:45 -0300] "GET / HTTP/1.1" 301 162 "-" "Go-http-client/1.1"
177.234.144.114 - - [04/Aug/2022:20:31:42 -0300] "GET / HTTP/1.1" 301 162 "-" "Go-http-client/1.1"
177.234.144.114 - - [04/Aug/2022:21:01:46 -0300] "GET / HTTP/1.1" 301 162 "-" "Go-http-client/1.1"
177.234.144.114 - - [04/Aug/2022:21:31:46 -0300] "GET / HTTP/1.1" 301 162 "-" "Go-http-client/1.1"
177.234.144.114 - - [04/Aug/2022:22:01:46 -0300] "GET / HTTP/1.1" 301 162 "-" "Go-http-client/1.1"
177.234.144.114 - - [04/Aug/2022:22:31:45 -0300] "GET / HTTP/1.1" 301 162 "-" "Go-http-client/1.1"
177.234.144.114 - - [04/Aug/2022:23:02:01 -0300] "GET / HTTP/1.1" 301 162 "-" "Go-http-client/1.1"
177.234.144.114 - - [04/Aug/2022:23:31:45 -0300] "GET / HTTP/1.1" 301 162 "-" "Go-http-client/1.1"
177.234.144.114 - - [05/Aug/2022:00:02:03 -0300] "GET / HTTP/1.1" 301 162 "-" "Go-http-client/1.1"
177.234.144.114 - - [05/Aug/2022:00:32:00 -0300] "GET / HTTP/1.1" 301 162 "-" "Go-http-client/1.1"
177.234.144.114 - - [05/Aug/2022:01:01:56 -0300] "GET / HTTP/1.1" 301 162 "-" "Go-http-client/1.1"
177.234.144.114 - - [05/Aug/2022:01:31:50 -0300] "GET / HTTP/1.1" 301 162 "-" "Go-http-client/1.1"
177.234.144.114 - - [05/Aug/2022:02:01:45 -0300] "GET / HTTP/1.1" 301 162 "-" "Go-http-client/1.1"
177.234.144.114 - - [05/Aug/2022:02:31:46 -0300] "GET / HTTP/1.1" 301 162 "-" "Go-http-client/1.1"
177.234.144.114 - - [05/Aug/2022:03:01:43 -0300] "GET / HTTP/1.1" 301 162 "-" "Go-http-client/1.1"
177.234.144.114 - - [05/Aug/2022:03:31:43 -0300] "GET / HTTP/1.1" 301 162 "-" "Go-http-client/1.1"
177.234.144.114 - - [05/Aug/2022:04:01:46 -0300] "GET / HTTP/1.1" 301 162 "-" "Go-http-client/1.1"
177.234.144.114 - - [05/Aug/2022:04:31:45 -0300] "GET / HTTP/1.1" 301 162 "-" "Go-http-client/1.1"
52.13.5.61 - - [05/Aug/2022:04:41:17 -0300] "GET / HTTP/1.1" 301 162 "-" "Mozilla/5.0 (X11; Linux x86_64) AppleWebKit/537.36 (KHTML, like Gecko) Chrome/83.0.4103.97 Safari/537.36"
35.88.161.178 - - [05/Aug/2022:04:41:51 -0300] "GET /favicon.ico HTTP/1.1" 301 162 "-" "Mozilla/5.0 (X11; Linux x86_64) AppleWebKit/537.36 (KHTML, like Gecko) Chrome/83.0.4103.97 Safari/537.36"
35.88.161.178 - - [05/Aug/2022:04:41:56 -0300] "GET / HTTP/1.1" 301 162 "-" "Mozilla/5.0 (X11; Linux x86_64) AppleWebKit/537.36 (KHTML, like Gecko) Chrome/83.0.4103.97 Safari/537.36"
54.214.122.114 - - [05/Aug/2022:04:43:52 -0300] "GET / HTTP/1.1" 301 162 "-" "Mozilla/5.0 (X11; Linux x86_64) AppleWebKit/537.36 (KHTML, like Gecko) Chrome/83.0.4103.97 Safari/537.36"
35.166.144.111 - - [05/Aug/2022:04:44:02 -0300] "GET / HTTP/1.1" 301 162 "-" "Mozilla/5.0 (Windows NT 10.0; Win64; x64)AppleWebKit/537.36 (KHTML, like Gecko) Chrome/66.0.3359.181 Safari/537.36"
18.237.20.154 - - [05/Aug/2022:04:44:31 -0300] "GET /favicon.ico HTTP/1.1" 301 162 "-" "Mozilla/5.0 (X11; Linux x86_64) AppleWebKit/537.36 (KHTML, like Gecko) Chrome/83.0.4103.97 Safari/537.36"
18.237.20.154 - - [05/Aug/2022:04:44:36 -0300] "GET / HTTP/1.1" 301 162 "-" "Mozilla/5.0 (X11; Linux x86_64) AppleWebKit/537.36 (KHTML, like Gecko) Chrome/83.0.4103.97 Safari/537.36"
177.234.144.114 - - [05/Aug/2022:05:01:45 -0300] "GET / HTTP/1.1" 301 162 "-" "Go-http-client/1.1"
177.234.144.114 - - [05/Aug/2022:05:31:48 -0300] "GET / HTTP/1.1" 301 162 "-" "Go-http-client/1.1"
177.234.144.114 - - [05/Aug/2022:06:01:44 -0300] "GET / HTTP/1.1" 301 162 "-" "Go-http-client/1.1"
177.234.144.114 - - [05/Aug/2022:06:31:47 -0300] "GET / HTTP/1.1" 301 162 "-" "Go-http-client/1.1"
177.234.144.114 - - [05/Aug/2022:07:01:48 -0300] "GET / HTTP/1.1" 301 162 "-" "Go-http-client/1.1"
177.234.144.114 - - [05/Aug/2022:07:31:45 -0300] "GET / HTTP/1.1" 301 162 "-" "Go-http-client/1.1"
177.234.144.114 - - [05/Aug/2022:08:01:51 -0300] "GET / HTTP/1.1" 301 162 "-" "Go-http-client/1.1"
177.234.144.114 - - [05/Aug/2022:08:31:46 -0300] "GET / HTTP/1.1" 301 162 "-" "Go-http-client/1.1"
177.234.144.114 - - [05/Aug/2022:09:01:51 -0300] "GET / HTTP/1.1" 301 162 "-" "Go-http-client/1.1"
177.234.144.114 - - [05/Aug/2022:09:31:47 -0300] "GET / HTTP/1.1" 301 162 "-" "Go-http-client/1.1"
177.234.144.114 - - [05/Aug/2022:10:01:47 -0300] "GET / HTTP/1.1" 301 162 "-" "Go-http-client/1.1"
177.234.144.114 - - [05/Aug/2022:10:31:44 -0300] "GET / HTTP/1.1" 301 162 "-" "Go-http-client/1.1"
177.234.144.114 - - [05/Aug/2022:11:01:49 -0300] "GET / HTTP/1.1" 301 162 "-" "Go-http-client/1.1"
177.234.144.114 - - [05/Aug/2022:11:31:49 -0300] "GET / HTTP/1.1" 301 162 "-" "Go-http-client/1.1"
3.68.93.201 - - [05/Aug/2022:11:43:22 -0300] "GET /robots.txt HTTP/1.1" 301 162 "-" "-"
177.234.144.114 - - [05/Aug/2022:12:01:48 -0300] "GET / HTTP/1.1" 301 162 "-" "Go-http-client/1.1"
177.234.144.114 - - [05/Aug/2022:12:31:46 -0300] "GET / HTTP/1.1" 301 162 "-" "Go-http-client/1.1"
177.234.144.114 - - [05/Aug/2022:13:01:46 -0300] "GET / HTTP/1.1" 301 162 "-" "Go-http-client/1.1"
177.234.144.114 - - [05/Aug/2022:13:31:44 -0300] "GET / HTTP/1.1" 301 162 "-" "Go-http-client/1.1"
177.234.144.114 - - [05/Aug/2022:14:01:45 -0300] "GET / HTTP/1.1" 301 162 "-" "Go-http-client/1.1"
177.234.144.114 - - [05/Aug/2022:14:31:45 -0300] "GET / HTTP/1.1" 301 162 "-" "Go-http-client/1.1"
177.234.144.114 - - [05/Aug/2022:15:01:54 -0300] "GET / HTTP/1.1" 301 162 "-" "Go-http-client/1.1"
177.234.144.114 - - [05/Aug/2022:15:31:48 -0300] "GET / HTTP/1.1" 301 162 "-" "Go-http-client/1.1"
177.234.144.114 - - [05/Aug/2022:16:01:45 -0300] "GET / HTTP/1.1" 301 162 "-" "Go-http-client/1.1"
186.202.173.147 - - [05/Aug/2022:16:28:21 -0300] "GET / HTTP/1.1" 301 162 "-" "Mozilla/5.0 (compatible; MSIE 9.0; Windows NT 6.1; WOW64; Trident/5.0)"
177.234.144.114 - - [05/Aug/2022:16:31:45 -0300] "GET / HTTP/1.1" 301 162 "-" "Go-http-client/1.1"
177.234.144.114 - - [05/Aug/2022:17:01:51 -0300] "GET / HTTP/1.1" 301 162 "-" "Go-http-client/1.1"
177.234.144.114 - - [05/Aug/2022:17:31:44 -0300] "GET / HTTP/1.1" 301 162 "-" "Go-http-client/1.1"
177.234.144.114 - - [05/Aug/2022:18:01:48 -0300] "GET / HTTP/1.1" 301 162 "-" "Go-http-client/1.1"
177.234.144.114 - - [05/Aug/2022:18:31:44 -0300] "GET / HTTP/1.1" 301 162 "-" "Go-http-client/1.1"
177.234.144.114 - - [05/Aug/2022:19:01:44 -0300] "GET / HTTP/1.1" 301 162 "-" "Go-http-client/1.1"
177.234.144.114 - - [05/Aug/2022:19:31:43 -0300] "GET / HTTP/1.1" 301 162 "-" "Go-http-client/1.1"
177.234.144.114 - - [05/Aug/2022:20:01:47 -0300] "GET / HTTP/1.1" 301 162 "-" "Go-http-client/1.1"
177.234.144.114 - - [05/Aug/2022:20:31:44 -0300] "GET / HTTP/1.1" 301 162 "-" "Go-http-client/1.1"
34.68.225.19 - - [05/Aug/2022:20:33:09 -0300] "GET / HTTP/1.1" 301 162 "https://www.google.com/" "Mozilla/5.0 (X11; Linux x86_64; rv:92.0) Gecko/20100101 Firefox/92.0"
177.234.144.114 - - [05/Aug/2022:21:01:46 -0300] "GET / HTTP/1.1" 301 162 "-" "Go-http-client/1.1"
177.234.144.114 - - [05/Aug/2022:21:31:45 -0300] "GET / HTTP/1.1" 301 162 "-" "Go-http-client/1.1"
177.234.144.114 - - [05/Aug/2022:22:01:43 -0300] "GET / HTTP/1.1" 301 162 "-" "Go-http-client/1.1"
177.234.144.114 - - [05/Aug/2022:22:31:43 -0300] "GET / HTTP/1.1" 301 162 "-" "Go-http-client/1.1"
177.234.144.114 - - [05/Aug/2022:23:02:20 -0300] "GET / HTTP/1.1" 301 162 "-" "Go-http-client/1.1"
177.234.144.114 - - [05/Aug/2022:23:31:47 -0300] "GET / HTTP/1.1" 301 162 "-" "Go-http-client/1.1"
177.234.144.114 - - [06/Aug/2022:00:01:51 -0300] "GET / HTTP/1.1" 301 162 "-" "Go-http-client/1.1"
177.234.144.114 - - [06/Aug/2022:00:31:46 -0300] "GET / HTTP/1.1" 301 162 "-" "Go-http-client/1.1"
177.234.144.114 - - [06/Aug/2022:01:02:10 -0300] "GET / HTTP/1.1" 301 162 "-" "Go-http-client/1.1"
177.234.144.114 - - [06/Aug/2022:01:31:43 -0300] "GET / HTTP/1.1" 301 162 "-" "Go-http-client/1.1"
177.234.144.114 - - [06/Aug/2022:02:01:45 -0300] "GET / HTTP/1.1" 301 162 "-" "Go-http-client/1.1"
177.234.144.114 - - [06/Aug/2022:02:31:47 -0300] "GET / HTTP/1.1" 301 162 "-" "Go-http-client/1.1"
177.234.144.114 - - [06/Aug/2022:03:01:47 -0300] "GET / HTTP/1.1" 301 162 "-" "Go-http-client/1.1"
177.234.144.114 - - [06/Aug/2022:03:31:45 -0300] "GET / HTTP/1.1" 301 162 "-" "Go-http-client/1.1"
177.234.144.114 - - [06/Aug/2022:04:01:49 -0300] "GET / HTTP/1.1" 301 162 "-" "Go-http-client/1.1"
18.237.48.26 - - [06/Aug/2022:04:25:52 -0300] "GET / HTTP/1.1" 301 162 "-" "Mozilla/5.0 (X11; Linux x86_64) AppleWebKit/537.36 (KHTML, like Gecko) Chrome/83.0.4103.97 Safari/537.36"
34.221.68.92 - - [06/Aug/2022:04:26:39 -0300] "GET /favicon.ico HTTP/1.1" 301 162 "-" "Mozilla/5.0 (X11; Linux x86_64) AppleWebKit/537.36 (KHTML, like Gecko) Chrome/83.0.4103.97 Safari/537.36"
34.221.68.92 - - [06/Aug/2022:04:26:45 -0300] "GET / HTTP/1.1" 301 162 "-" "Mozilla/5.0 (X11; Linux x86_64) AppleWebKit/537.36 (KHTML, like Gecko) Chrome/83.0.4103.97 Safari/537.36"
34.212.103.128 - - [06/Aug/2022:04:29:19 -0300] "GET / HTTP/1.1" 301 162 "-" "Mozilla/5.0 (Windows NT 10.0; Win64; x64)AppleWebKit/537.36 (KHTML, like Gecko) Chrome/66.0.3359.181 Safari/537.36"
177.234.144.114 - - [06/Aug/2022:04:31:43 -0300] "GET / HTTP/1.1" 301 162 "-" "Go-http-client/1.1"
177.234.144.114 - - [06/Aug/2022:05:02:17 -0300] "GET / HTTP/1.1" 301 162 "-" "Go-http-client/1.1"
177.234.144.114 - - [06/Aug/2022:05:31:43 -0300] "GET / HTTP/1.1" 301 162 "-" "Go-http-client/1.1"
177.234.144.114 - - [06/Aug/2022:06:01:50 -0300] "GET / HTTP/1.1" 301 162 "-" "Go-http-client/1.1"
177.234.144.114 - - [06/Aug/2022:06:31:46 -0300] "GET / HTTP/1.1" 301 162 "-" "Go-http-client/1.1"
5.189.189.2 - - [06/Aug/2022:06:57:09 -0300] "GET /wp-commentin.php HTTP/1.1" 301 162 "-" "Mozilla/5.0 (iPhone; CPU iPhone OS 12_4_8 like Mac OS X) AppleWebKit/605.1.15 (KHTML, like Gecko) Version/12.1.2 Mobile/15E148 Safari/604.1"
177.234.144.114 - - [06/Aug/2022:07:01:48 -0300] "GET / HTTP/1.1" 301 162 "-" "Go-http-client/1.1"
177.234.144.114 - - [06/Aug/2022:07:31:47 -0300] "GET / HTTP/1.1" 301 162 "-" "Go-http-client/1.1"
177.234.144.114 - - [06/Aug/2022:08:01:50 -0300] "GET / HTTP/1.1" 301 162 "-" "Go-http-client/1.1"
177.234.144.114 - - [06/Aug/2022:08:31:45 -0300] "GET / HTTP/1.1" 301 162 "-" "Go-http-client/1.1"
177.234.144.114 - - [06/Aug/2022:09:01:50 -0300] "GET / HTTP/1.1" 301 162 "-" "Go-http-client/1.1"
177.234.144.114 - - [06/Aug/2022:09:31:47 -0300] "GET / HTTP/1.1" 301 162 "-" "Go-http-client/1.1"
177.234.144.114 - - [06/Aug/2022:10:01:46 -0300] "GET / HTTP/1.1" 301 162 "-" "Go-http-client/1.1"
177.234.144.114 - - [06/Aug/2022:10:31:43 -0300] "GET / HTTP/1.1" 301 162 "-" "Go-http-client/1.1"
177.234.144.114 - - [06/Aug/2022:11:01:45 -0300] "GET / HTTP/1.1" 301 162 "-" "Go-http-client/1.1"
177.234.144.114 - - [06/Aug/2022:11:31:47 -0300] "GET / HTTP/1.1" 301 162 "-" "Go-http-client/1.1"
177.234.144.114 - - [06/Aug/2022:12:01:47 -0300] "GET / HTTP/1.1" 301 162 "-" "Go-http-client/1.1"
177.234.144.114 - - [06/Aug/2022:12:31:44 -0300] "GET / HTTP/1.1" 301 162 "-" "Go-http-client/1.1"
177.234.144.114 - - [06/Aug/2022:13:01:53 -0300] "GET / HTTP/1.1" 301 162 "-" "Go-http-client/1.1"
177.234.144.114 - - [06/Aug/2022:13:31:46 -0300] "GET / HTTP/1.1" 301 162 "-" "Go-http-client/1.1"
177.234.144.114 - - [06/Aug/2022:14:01:47 -0300] "GET / HTTP/1.1" 301 162 "-" "Go-http-client/1.1"
177.234.144.114 - - [06/Aug/2022:14:31:45 -0300] "GET / HTTP/1.1" 301 162 "-" "Go-http-client/1.1"
186.202.173.147 - - [06/Aug/2022:14:39:20 -0300] "GET / HTTP/1.1" 301 162 "-" "Mozilla/5.0 (compatible; MSIE 9.0; Windows NT 6.1; WOW64; Trident/5.0)"
177.234.144.114 - - [06/Aug/2022:15:01:51 -0300] "GET / HTTP/1.1" 301 162 "-" "Go-http-client/1.1"
177.234.144.114 - - [06/Aug/2022:15:31:43 -0300] "GET / HTTP/1.1" 301 162 "-" "Go-http-client/1.1"
177.234.144.114 - - [06/Aug/2022:16:01:47 -0300] "GET / HTTP/1.1" 301 162 "-" "Go-http-client/1.1"
177.234.144.114 - - [06/Aug/2022:16:31:43 -0300] "GET / HTTP/1.1" 301 162 "-" "Go-http-client/1.1"
177.234.144.114 - - [06/Aug/2022:17:01:45 -0300] "GET / HTTP/1.1" 301 162 "-" "Go-http-client/1.1"
34.68.225.19 - - [06/Aug/2022:17:18:18 -0300] "GET / HTTP/1.1" 301 162 "https://www.google.com/" "Mozilla/5.0 (X11; Linux x86_64; rv:92.0) Gecko/20100101 Firefox/92.0"
177.234.144.114 - - [06/Aug/2022:17:31:44 -0300] "GET / HTTP/1.1" 301 162 "-" "Go-http-client/1.1"
177.234.144.114 - - [06/Aug/2022:18:01:44 -0300] "GET / HTTP/1.1" 301 162 "-" "Go-http-client/1.1"
177.234.144.114 - - [06/Aug/2022:18:31:45 -0300] "GET / HTTP/1.1" 301 162 "-" "Go-http-client/1.1"
177.234.144.114 - - [06/Aug/2022:19:01:47 -0300] "GET / HTTP/1.1" 301 162 "-" "Go-http-client/1.1"
177.234.144.114 - - [06/Aug/2022:19:31:43 -0300] "GET / HTTP/1.1" 301 162 "-" "Go-http-client/1.1"
177.234.144.114 - - [06/Aug/2022:20:01:46 -0300] "GET / HTTP/1.1" 301 162 "-" "Go-http-client/1.1"
177.234.144.114 - - [06/Aug/2022:20:31:45 -0300] "GET / HTTP/1.1" 301 162 "-" "Go-http-client/1.1"
177.234.144.114 - - [06/Aug/2022:21:01:44 -0300] "GET / HTTP/1.1" 301 162 "-" "Go-http-client/1.1"
177.234.144.114 - - [06/Aug/2022:21:31:46 -0300] "GET / HTTP/1.1" 301 162 "-" "Go-http-client/1.1"
177.234.144.114 - - [06/Aug/2022:22:01:53 -0300] "GET / HTTP/1.1" 301 162 "-" "Go-http-client/1.1"
177.234.144.114 - - [06/Aug/2022:22:31:43 -0300] "GET / HTTP/1.1" 301 162 "-" "Go-http-client/1.1"
177.234.144.114 - - [06/Aug/2022:23:01:47 -0300] "GET / HTTP/1.1" 301 162 "-" "Go-http-client/1.1"
177.234.144.114 - - [06/Aug/2022:23:31:47 -0300] "GET / HTTP/1.1" 301 162 "-" "Go-http-client/1.1"
177.234.144.114 - - [07/Aug/2022:00:01:50 -0300] "GET / HTTP/1.1" 301 162 "-" "Go-http-client/1.1"
177.234.144.114 - - [07/Aug/2022:00:31:55 -0300] "GET / HTTP/1.1" 301 162 "-" "Go-http-client/1.1"
177.234.144.114 - - [07/Aug/2022:01:01:53 -0300] "GET / HTTP/1.1" 301 162 "-" "Go-http-client/1.1"
177.234.144.114 - - [07/Aug/2022:01:31:45 -0300] "GET / HTTP/1.1" 301 162 "-" "Go-http-client/1.1"
177.234.144.114 - - [07/Aug/2022:02:01:45 -0300] "GET / HTTP/1.1" 301 162 "-" "Go-http-client/1.1"
177.234.144.114 - - [07/Aug/2022:02:31:46 -0300] "GET / HTTP/1.1" 301 162 "-" "Go-http-client/1.1"
177.234.144.114 - - [07/Aug/2022:03:01:49 -0300] "GET / HTTP/1.1" 301 162 "-" "Go-http-client/1.1"
177.234.144.114 - - [07/Aug/2022:03:31:47 -0300] "GET / HTTP/1.1" 301 162 "-" "Go-http-client/1.1"
177.234.144.114 - - [07/Aug/2022:04:01:43 -0300] "GET / HTTP/1.1" 301 162 "-" "Go-http-client/1.1"
54.214.63.172 - - [07/Aug/2022:04:18:18 -0300] "GET / HTTP/1.1" 301 162 "-" "Mozilla/5.0 (Windows NT 10.0; Win64; x64)AppleWebKit/537.36 (KHTML, like Gecko) Chrome/66.0.3359.181 Safari/537.36"
35.89.1.132 - - [07/Aug/2022:04:18:36 -0300] "GET / HTTP/1.1" 301 162 "-" "Mozilla/5.0 (X11; Linux x86_64) AppleWebKit/537.36 (KHTML, like Gecko) Chrome/83.0.4103.97 Safari/537.36"
52.33.251.121 - - [07/Aug/2022:04:19:03 -0300] "GET /favicon.ico HTTP/1.1" 301 162 "-" "Mozilla/5.0 (X11; Linux x86_64) AppleWebKit/537.36 (KHTML, like Gecko) Chrome/83.0.4103.97 Safari/537.36"
52.33.251.121 - - [07/Aug/2022:04:19:04 -0300] "GET / HTTP/1.1" 301 162 "-" "Mozilla/5.0 (X11; Linux x86_64) AppleWebKit/537.36 (KHTML, like Gecko) Chrome/83.0.4103.97 Safari/537.36"
177.234.144.114 - - [07/Aug/2022:04:31:44 -0300] "GET / HTTP/1.1" 301 162 "-" "Go-http-client/1.1"
177.234.144.114 - - [07/Aug/2022:05:01:49 -0300] "GET / HTTP/1.1" 301 162 "-" "Go-http-client/1.1"
177.234.144.114 - - [07/Aug/2022:05:31:44 -0300] "GET / HTTP/1.1" 301 162 "-" "Go-http-client/1.1"
177.234.144.114 - - [07/Aug/2022:06:01:49 -0300] "GET / HTTP/1.1" 301 162 "-" "Go-http-client/1.1"
177.234.144.114 - - [07/Aug/2022:06:31:44 -0300] "GET / HTTP/1.1" 301 162 "-" "Go-http-client/1.1"
186.202.163.106 - - [07/Aug/2022:06:39:59 -0300] "GET / HTTP/1.1" 301 162 "-" "Mozilla/5.0 (X11; Linux x86_64) AppleWebKit/537.36 (KHTML, like Gecko) Chrome/51.0.2704.103 Safari/537.36"
177.234.144.114 - - [07/Aug/2022:07:01:49 -0300] "GET / HTTP/1.1" 301 162 "-" "Go-http-client/1.1"
177.234.144.114 - - [07/Aug/2022:07:31:44 -0300] "GET / HTTP/1.1" 301 162 "-" "Go-http-client/1.1"
177.234.144.114 - - [07/Aug/2022:08:01:50 -0300] "GET / HTTP/1.1" 301 162 "-" "Go-http-client/1.1"
177.234.144.114 - - [07/Aug/2022:08:31:46 -0300] "GET / HTTP/1.1" 301 162 "-" "Go-http-client/1.1"
177.234.144.114 - - [07/Aug/2022:09:01:49 -0300] "GET / HTTP/1.1" 301 162 "-" "Go-http-client/1.1"
177.234.144.114 - - [07/Aug/2022:09:31:46 -0300] "GET / HTTP/1.1" 301 162 "-" "Go-http-client/1.1"
177.234.144.114 - - [07/Aug/2022:10:01:50 -0300] "GET / HTTP/1.1" 301 162 "-" "Go-http-client/1.1"
177.234.144.114 - - [07/Aug/2022:10:31:43 -0300] "GET / HTTP/1.1" 301 162 "-" "Go-http-client/1.1"
177.234.144.114 - - [07/Aug/2022:11:01:47 -0300] "GET / HTTP/1.1" 301 162 "-" "Go-http-client/1.1"
177.234.144.114 - - [07/Aug/2022:11:31:44 -0300] "GET / HTTP/1.1" 301 162 "-" "Go-http-client/1.1"
177.234.144.114 - - [07/Aug/2022:12:01:45 -0300] "GET / HTTP/1.1" 301 162 "-" "Go-http-client/1.1"
177.234.144.114 - - [07/Aug/2022:12:31:46 -0300] "GET / HTTP/1.1" 301 162 "-" "Go-http-client/1.1"
177.234.144.114 - - [07/Aug/2022:13:01:48 -0300] "GET / HTTP/1.1" 301 162 "-" "Go-http-client/1.1"
177.234.144.114 - - [07/Aug/2022:13:31:44 -0300] "GET / HTTP/1.1" 301 162 "-" "Go-http-client/1.1"
177.234.144.114 - - [07/Aug/2022:14:01:45 -0300] "GET / HTTP/1.1" 301 162 "-" "Go-http-client/1.1"
177.234.144.114 - - [07/Aug/2022:14:31:45 -0300] "GET / HTTP/1.1" 301 162 "-" "Go-http-client/1.1"
186.202.173.147 - - [07/Aug/2022:14:40:07 -0300] "GET / HTTP/1.1" 301 162 "-" "Mozilla/5.0 (compatible; MSIE 9.0; Windows NT 6.1; WOW64; Trident/5.0)"
177.234.144.114 - - [07/Aug/2022:15:01:48 -0300] "GET / HTTP/1.1" 301 162 "-" "Go-http-client/1.1"
177.234.144.114 - - [07/Aug/2022:15:31:44 -0300] "GET / HTTP/1.1" 301 162 "-" "Go-http-client/1.1"
177.234.144.114 - - [07/Aug/2022:16:01:45 -0300] "GET / HTTP/1.1" 301 162 "-" "Go-http-client/1.1"
177.234.144.114 - - [07/Aug/2022:16:31:45 -0300] "GET / HTTP/1.1" 301 162 "-" "Go-http-client/1.1"
177.234.144.114 - - [07/Aug/2022:17:01:48 -0300] "GET / HTTP/1.1" 301 162 "-" "Go-http-client/1.1"
177.234.144.114 - - [07/Aug/2022:17:31:44 -0300] "GET / HTTP/1.1" 301 162 "-" "Go-http-client/1.1"
186.202.163.106 - - [07/Aug/2022:17:39:37 -0300] "GET / HTTP/1.1" 301 162 "-" "Mozilla/5.0 (X11; Linux x86_64) AppleWebKit/537.36 (KHTML, like Gecko) Chrome/51.0.2704.103 Safari/537.36"
177.234.144.114 - - [07/Aug/2022:18:01:47 -0300] "GET / HTTP/1.1" 301 162 "-" "Go-http-client/1.1"
186.202.163.106 - - [07/Aug/2022:18:01:47 -0300] "GET /admin HTTP/1.1" 301 162 "-" "Mozilla/5.0 (X11; Linux x86_64) AppleWebKit/537.36 (KHTML, like Gecko) Chrome/51.0.2704.103 Safari/537.36"
177.234.144.114 - - [07/Aug/2022:18:31:45 -0300] "GET / HTTP/1.1" 301 162 "-" "Go-http-client/1.1"
177.234.144.114 - - [07/Aug/2022:19:01:46 -0300] "GET / HTTP/1.1" 301 162 "-" "Go-http-client/1.1"
177.234.144.114 - - [07/Aug/2022:19:31:44 -0300] "GET / HTTP/1.1" 301 162 "-" "Go-http-client/1.1"
177.234.144.114 - - [07/Aug/2022:20:01:48 -0300] "GET / HTTP/1.1" 301 162 "-" "Go-http-client/1.1"
177.234.144.114 - - [07/Aug/2022:20:31:43 -0300] "GET / HTTP/1.1" 301 162 "-" "Go-http-client/1.1"
177.234.144.114 - - [07/Aug/2022:21:01:47 -0300] "GET / HTTP/1.1" 301 162 "-" "Go-http-client/1.1"
177.234.144.114 - - [07/Aug/2022:21:31:42 -0300] "GET / HTTP/1.1" 301 162 "-" "Go-http-client/1.1"
177.234.144.114 - - [07/Aug/2022:22:01:45 -0300] "GET / HTTP/1.1" 301 162 "-" "Go-http-client/1.1"
177.234.144.114 - - [07/Aug/2022:22:31:42 -0300] "GET / HTTP/1.1" 301 162 "-" "Go-http-client/1.1"
177.234.144.114 - - [07/Aug/2022:23:01:53 -0300] "GET / HTTP/1.1" 301 162 "-" "Go-http-client/1.1"
177.234.144.114 - - [07/Aug/2022:23:31:45 -0300] "GET / HTTP/1.1" 301 162 "-" "Go-http-client/1.1"
177.234.144.114 - - [08/Aug/2022:00:01:53 -0300] "GET / HTTP/1.1" 301 162 "-" "Go-http-client/1.1"
177.234.144.114 - - [08/Aug/2022:00:31:52 -0300] "GET / HTTP/1.1" 301 162 "-" "Go-http-client/1.1"
177.234.144.114 - - [08/Aug/2022:01:01:56 -0300] "GET / HTTP/1.1" 301 162 "-" "Go-http-client/1.1"
177.234.144.114 - - [08/Aug/2022:01:31:44 -0300] "GET / HTTP/1.1" 301 162 "-" "Go-http-client/1.1"
177.234.144.114 - - [08/Aug/2022:02:01:47 -0300] "GET / HTTP/1.1" 301 162 "-" "Go-http-client/1.1"
177.234.144.114 - - [08/Aug/2022:02:31:43 -0300] "GET / HTTP/1.1" 301 162 "-" "Go-http-client/1.1"
177.234.144.114 - - [08/Aug/2022:03:01:47 -0300] "GET / HTTP/1.1" 301 162 "-" "Go-http-client/1.1"
177.234.144.114 - - [08/Aug/2022:03:31:43 -0300] "GET / HTTP/1.1" 301 162 "-" "Go-http-client/1.1"
177.234.144.114 - - [08/Aug/2022:04:01:45 -0300] "GET / HTTP/1.1" 301 162 "-" "Go-http-client/1.1"
177.234.144.114 - - [08/Aug/2022:04:31:46 -0300] "GET / HTTP/1.1" 301 162 "-" "Go-http-client/1.1"
18.236.108.78 - - [08/Aug/2022:04:58:36 -0300] "GET / HTTP/1.1" 301 162 "-" "Mozilla/5.0 (Windows NT 10.0; Win64; x64)AppleWebKit/537.36 (KHTML, like Gecko) Chrome/66.0.3359.181 Safari/537.36"
177.234.144.114 - - [08/Aug/2022:05:01:50 -0300] "GET / HTTP/1.1" 301 162 "-" "Go-http-client/1.1"
177.234.144.114 - - [08/Aug/2022:05:31:44 -0300] "GET / HTTP/1.1" 301 162 "-" "Go-http-client/1.1"
177.234.144.114 - - [08/Aug/2022:06:01:51 -0300] "GET / HTTP/1.1" 301 162 "-" "Go-http-client/1.1"
177.234.144.114 - - [08/Aug/2022:06:31:49 -0300] "GET / HTTP/1.1" 301 162 "-" "Go-http-client/1.1"
177.234.144.114 - - [08/Aug/2022:07:01:46 -0300] "GET / HTTP/1.1" 301 162 "-" "Go-http-client/1.1"
177.234.144.114 - - [08/Aug/2022:07:31:47 -0300] "GET / HTTP/1.1" 301 162 "-" "Go-http-client/1.1"
177.234.144.114 - - [08/Aug/2022:08:01:48 -0300] "GET / HTTP/1.1" 301 162 "-" "Go-http-client/1.1"
177.234.144.114 - - [08/Aug/2022:08:31:45 -0300] "GET / HTTP/1.1" 301 162 "-" "Go-http-client/1.1"
177.234.144.114 - - [08/Aug/2022:09:01:53 -0300] "GET / HTTP/1.1" 301 162 "-" "Go-http-client/1.1"
177.234.144.114 - - [08/Aug/2022:09:31:47 -0300] "GET / HTTP/1.1" 301 162 "-" "Go-http-client/1.1"
177.234.144.114 - - [08/Aug/2022:10:01:50 -0300] "GET / HTTP/1.1" 301 162 "-" "Go-http-client/1.1"
177.234.144.114 - - [08/Aug/2022:10:31:52 -0300] "GET / HTTP/1.1" 301 162 "-" "Go-http-client/1.1"
177.234.144.114 - - [08/Aug/2022:11:01:46 -0300] "GET / HTTP/1.1" 301 162 "-" "Go-http-client/1.1"
177.234.144.114 - - [08/Aug/2022:11:31:46 -0300] "GET / HTTP/1.1" 301 162 "-" "Go-http-client/1.1"
177.234.144.114 - - [08/Aug/2022:12:01:49 -0300] "GET / HTTP/1.1" 301 162 "-" "Go-http-client/1.1"
177.234.144.114 - - [08/Aug/2022:12:31:47 -0300] "GET / HTTP/1.1" 301 162 "-" "Go-http-client/1.1"
177.234.144.114 - - [08/Aug/2022:13:01:46 -0300] "GET / HTTP/1.1" 301 162 "-" "Go-http-client/1.1"
177.234.144.114 - - [08/Aug/2022:13:31:42 -0300] "GET / HTTP/1.1" 301 162 "-" "Go-http-client/1.1"
177.234.144.114 - - [08/Aug/2022:14:01:48 -0300] "GET / HTTP/1.1" 301 162 "-" "Go-http-client/1.1"
177.234.144.114 - - [08/Aug/2022:14:31:47 -0300] "GET / HTTP/1.1" 301 162 "-" "Go-http-client/1.1"
186.202.173.147 - - [08/Aug/2022:14:55:24 -0300] "GET / HTTP/1.1" 301 162 "-" "Mozilla/5.0 (compatible; MSIE 9.0; Windows NT 6.1; WOW64; Trident/5.0)"
177.234.144.114 - - [08/Aug/2022:15:01:51 -0300] "GET / HTTP/1.1" 301 162 "-" "Go-http-client/1.1"
64.246.165.190 - - [08/Aug/2022:15:15:20 -0300] "GET /robots.txt HTTP/1.0" 301 162 "-" "Mozilla/5.0 (Macintosh; Intel Mac OS X 10.10; rv:59.0) Gecko/20100101 Firefox/59.0"
64.246.165.190 - - [08/Aug/2022:15:15:21 -0300] "GET / HTTP/1.1" 301 162 "-" "Mozilla/5.0 (Macintosh; Intel Mac OS X 10.10; rv:59.0) Gecko/20100101 Firefox/59.0"
177.234.144.114 - - [08/Aug/2022:15:31:48 -0300] "GET / HTTP/1.1" 301 162 "-" "Go-http-client/1.1"
177.234.144.114 - - [08/Aug/2022:16:01:47 -0300] "GET / HTTP/1.1" 301 162 "-" "Go-http-client/1.1"
177.234.144.114 - - [08/Aug/2022:16:31:45 -0300] "GET / HTTP/1.1" 301 162 "-" "Go-http-client/1.1"
177.234.144.114 - - [08/Aug/2022:17:01:48 -0300] "GET / HTTP/1.1" 301 162 "-" "Go-http-client/1.1"
177.234.144.114 - - [08/Aug/2022:17:31:45 -0300] "GET / HTTP/1.1" 301 162 "-" "Go-http-client/1.1"
177.234.144.114 - - [08/Aug/2022:18:01:48 -0300] "GET / HTTP/1.1" 301 162 "-" "Go-http-client/1.1"
177.234.144.114 - - [08/Aug/2022:18:31:46 -0300] "GET / HTTP/1.1" 301 162 "-" "Go-http-client/1.1"
177.234.144.114 - - [08/Aug/2022:19:01:50 -0300] "GET / HTTP/1.1" 301 162 "-" "Go-http-client/1.1"
177.234.144.114 - - [08/Aug/2022:19:31:45 -0300] "GET / HTTP/1.1" 301 162 "-" "Go-http-client/1.1"
130.255.166.122 - - [08/Aug/2022:19:39:02 -0300] "GET /robots.txt HTTP/1.1" 301 162 "-" "Mozilla/5.0 (Macintosh; Intel Mac OS X 10_13_6) AppleWebKit/537.36 (KHTML, like Gecko) Chrome/91.0.4472.114 Safari/537.36"
130.255.166.120 - - [08/Aug/2022:19:39:04 -0300] "GET /humans.txt HTTP/1.1" 301 162 "-" "Mozilla/5.0 (Macintosh; Intel Mac OS X 10_13_6) AppleWebKit/537.36 (KHTML, like Gecko) Chrome/91.0.4472.114 Safari/537.36"
130.255.166.120 - - [08/Aug/2022:19:39:05 -0300] "GET /ads.txt HTTP/1.1" 301 162 "-" "Mozilla/5.0 (Macintosh; Intel Mac OS X 10_13_6) AppleWebKit/537.36 (KHTML, like Gecko) Chrome/91.0.4472.114 Safari/537.36"
130.255.166.122 - - [08/Aug/2022:19:39:07 -0300] "GET / HTTP/1.1" 301 162 "-" "Mozilla/5.0 (Macintosh; Intel Mac OS X 10_13_6) AppleWebKit/537.36 (KHTML, like Gecko) Chrome/91.0.4472.114 Safari/537.36"
177.234.144.114 - - [08/Aug/2022:20:02:00 -0300] "GET / HTTP/1.1" 301 162 "-" "Go-http-client/1.1"
177.234.144.114 - - [08/Aug/2022:20:31:44 -0300] "GET / HTTP/1.1" 301 162 "-" "Go-http-client/1.1"
177.234.144.114 - - [08/Aug/2022:21:01:50 -0300] "GET / HTTP/1.1" 301 162 "-" "Go-http-client/1.1"
177.234.144.114 - - [08/Aug/2022:21:31:43 -0300] "GET / HTTP/1.1" 301 162 "-" "Go-http-client/1.1"
177.234.144.114 - - [08/Aug/2022:22:01:47 -0300] "GET / HTTP/1.1" 301 162 "-" "Go-http-client/1.1"
177.234.144.114 - - [08/Aug/2022:22:31:45 -0300] "GET / HTTP/1.1" 301 162 "-" "Go-http-client/1.1"
177.234.144.114 - - [08/Aug/2022:23:02:08 -0300] "GET / HTTP/1.1" 301 162 "-" "Go-http-client/1.1"
177.234.144.114 - - [08/Aug/2022:23:31:47 -0300] "GET / HTTP/1.1" 301 162 "-" "Go-http-client/1.1"
177.234.144.114 - - [09/Aug/2022:00:01:52 -0300] "GET / HTTP/1.1" 301 162 "-" "Go-http-client/1.1"
177.234.144.114 - - [09/Aug/2022:00:31:44 -0300] "GET / HTTP/1.1" 301 162 "-" "Go-http-client/1.1"
209.141.36.112 - - [09/Aug/2022:00:46:27 -0300] "GET / HTTP/1.1" 301 162 "-" "Mozilla/5.0 (Macintosh; Intel Mac OS X 10_15_7) AppleWebKit/537.36 (KHTML, like Gecko) Chrome/96.0.4664.110 Safari/537.36"
209.141.36.112 - - [09/Aug/2022:00:46:29 -0300] "GET /favicon.ico HTTP/1.1" 301 162 "-" "Mozilla/5.0 (Macintosh; Intel Mac OS X 10_15_7) AppleWebKit/537.36 (KHTML, like Gecko) Chrome/96.0.4664.110 Safari/537.36"
177.234.144.114 - - [09/Aug/2022:01:02:06 -0300] "GET / HTTP/1.1" 301 162 "-" "Go-http-client/1.1"
177.234.144.114 - - [09/Aug/2022:01:31:44 -0300] "GET / HTTP/1.1" 301 162 "-" "Go-http-client/1.1"
209.141.35.128 - - [09/Aug/2022:01:52:34 -0300] "GET / HTTP/1.1" 301 162 "-" "Mozilla/5.0 (Macintosh; Intel Mac OS X 10_15_7) AppleWebKit/537.36 (KHTML, like Gecko) Chrome/96.0.4664.110 Safari/537.36"
209.141.49.169 - - [09/Aug/2022:02:01:33 -0300] "GET /favicon.ico HTTP/1.1" 301 162 "-" "Mozilla/5.0 (Macintosh; Intel Mac OS X 10_15_7) AppleWebKit/537.36 (KHTML, like Gecko) Chrome/96.0.4664.110 Safari/537.36"
177.234.144.114 - - [09/Aug/2022:02:01:46 -0300] "GET / HTTP/1.1" 301 162 "-" "Go-http-client/1.1"
177.234.144.114 - - [09/Aug/2022:02:31:46 -0300] "GET / HTTP/1.1" 301 162 "-" "Go-http-client/1.1"
177.234.144.114 - - [09/Aug/2022:03:01:46 -0300] "GET / HTTP/1.1" 301 162 "-" "Go-http-client/1.1"
209.141.34.187 - - [09/Aug/2022:03:04:08 -0300] "GET / HTTP/1.1" 301 162 "-" "Mozilla/5.0 (Macintosh; Intel Mac OS X 10_15_7) AppleWebKit/537.36 (KHTML, like Gecko) Chrome/96.0.4664.110 Safari/537.36"
209.141.34.187 - - [09/Aug/2022:03:04:10 -0300] "GET /favicon.ico HTTP/1.1" 301 162 "-" "Mozilla/5.0 (Macintosh; Intel Mac OS X 10_15_7) AppleWebKit/537.36 (KHTML, like Gecko) Chrome/96.0.4664.110 Safari/537.36"
177.234.144.114 - - [09/Aug/2022:03:31:47 -0300] "GET / HTTP/1.1" 301 162 "-" "Go-http-client/1.1"
209.141.55.120 - - [09/Aug/2022:03:33:50 -0300] "GET / HTTP/1.1" 301 162 "-" "Mozilla/5.0 (Macintosh; Intel Mac OS X 10_15_7) AppleWebKit/537.36 (KHTML, like Gecko) Chrome/96.0.4664.110 Safari/537.36"
209.141.55.120 - - [09/Aug/2022:03:33:55 -0300] "GET /favicon.ico HTTP/1.1" 301 162 "-" "Mozilla/5.0 (Macintosh; Intel Mac OS X 10_15_7) AppleWebKit/537.36 (KHTML, like Gecko) Chrome/96.0.4664.110 Safari/537.36"
209.141.49.169 - - [09/Aug/2022:03:50:34 -0300] "GET /favicon.ico HTTP/1.1" 301 162 "-" "Mozilla/5.0 (Macintosh; Intel Mac OS X 10_15_7) AppleWebKit/537.36 (KHTML, like Gecko) Chrome/96.0.4664.110 Safari/537.36"
209.141.36.231 - - [09/Aug/2022:03:52:35 -0300] "GET / HTTP/1.1" 301 162 "-" "Mozilla/5.0 (Macintosh; Intel Mac OS X 10_15_7) AppleWebKit/537.36 (KHTML, like Gecko) Chrome/96.0.4664.110 Safari/537.36"
209.141.36.231 - - [09/Aug/2022:03:52:36 -0300] "GET /favicon.ico HTTP/1.1" 301 162 "-" "Mozilla/5.0 (Macintosh; Intel Mac OS X 10_15_7) AppleWebKit/537.36 (KHTML, like Gecko) Chrome/96.0.4664.110 Safari/537.36"
177.234.144.114 - - [09/Aug/2022:04:01:53 -0300] "GET / HTTP/1.1" 301 162 "-" "Go-http-client/1.1"
35.89.15.134 - - [09/Aug/2022:04:06:53 -0300] "GET / HTTP/1.1" 301 162 "-" "Mozilla/5.0 (Windows NT 10.0; Win64; x64)AppleWebKit/537.36 (KHTML, like Gecko) Chrome/66.0.3359.181 Safari/537.36"
209.141.34.187 - - [09/Aug/2022:04:13:53 -0300] "GET / HTTP/1.1" 301 162 "-" "Mozilla/5.0 (Macintosh; Intel Mac OS X 10_15_7) AppleWebKit/537.36 (KHTML, like Gecko) Chrome/96.0.4664.110 Safari/537.36"
54.189.0.43 - - [09/Aug/2022:04:17:04 -0300] "GET / HTTP/1.1" 301 162 "-" "Mozilla/5.0 (X11; Linux x86_64) AppleWebKit/537.36 (KHTML, like Gecko) Chrome/83.0.4103.97 Safari/537.36"
54.190.56.104 - - [09/Aug/2022:04:18:45 -0300] "GET /favicon.ico HTTP/1.1" 301 162 "-" "Mozilla/5.0 (X11; Linux x86_64) AppleWebKit/537.36 (KHTML, like Gecko) Chrome/83.0.4103.97 Safari/537.36"
54.190.56.104 - - [09/Aug/2022:04:18:47 -0300] "GET / HTTP/1.1" 301 162 "-" "Mozilla/5.0 (X11; Linux x86_64) AppleWebKit/537.36 (KHTML, like Gecko) Chrome/83.0.4103.97 Safari/537.36"
35.90.32.253 - - [09/Aug/2022:04:19:42 -0300] "GET /favicon.ico HTTP/1.1" 301 162 "-" "Mozilla/5.0 (X11; Linux x86_64) AppleWebKit/537.36 (KHTML, like Gecko) Chrome/83.0.4103.97 Safari/537.36"
35.90.32.253 - - [09/Aug/2022:04:19:45 -0300] "GET / HTTP/1.1" 301 162 "-" "Mozilla/5.0 (X11; Linux x86_64) AppleWebKit/537.36 (KHTML, like Gecko) Chrome/83.0.4103.97 Safari/537.36"
177.234.144.114 - - [09/Aug/2022:04:31:45 -0300] "GET / HTTP/1.1" 301 162 "-" "Go-http-client/1.1"
177.234.144.114 - - [09/Aug/2022:05:01:46 -0300] "GET / HTTP/1.1" 301 162 "-" "Go-http-client/1.1"
177.234.144.114 - - [09/Aug/2022:05:31:46 -0300] "GET / HTTP/1.1" 301 162 "-" "Go-http-client/1.1"
199.244.88.230 - - [09/Aug/2022:05:58:10 -0300] "HEAD / HTTP/1.1" 301 0 "-" "Mozilla/5.0 (Macintosh; Intel Mac OS X 10_9_3) AppleWebKit/537.36 (KHTML, like Gecko) Chrome/35.0.1916.47 Safari/537.36"
199.244.88.218 - - [09/Aug/2022:05:58:11 -0300] "HEAD / HTTP/1.1" 301 0 "-" "Mozilla/5.0 (Macintosh; Intel Mac OS X 10_9_3) AppleWebKit/537.36 (KHTML, like Gecko) Chrome/35.0.1916.47 Safari/537.36"
177.234.144.114 - - [09/Aug/2022:06:01:46 -0300] "GET / HTTP/1.1" 301 162 "-" "Go-http-client/1.1"
177.234.144.114 - - [09/Aug/2022:06:31:47 -0300] "GET / HTTP/1.1" 301 162 "-" "Go-http-client/1.1"
177.234.144.114 - - [09/Aug/2022:07:01:45 -0300] "GET / HTTP/1.1" 301 162 "-" "Go-http-client/1.1"
177.234.144.114 - - [09/Aug/2022:07:31:49 -0300] "GET / HTTP/1.1" 301 162 "-" "Go-http-client/1.1"
177.234.144.114 - - [09/Aug/2022:08:01:49 -0300] "GET / HTTP/1.1" 301 162 "-" "Go-http-client/1.1"
177.234.144.114 - - [09/Aug/2022:08:31:44 -0300] "GET / HTTP/1.1" 301 162 "-" "Go-http-client/1.1"
177.234.144.114 - - [09/Aug/2022:09:02:00 -0300] "GET / HTTP/1.1" 301 162 "-" "Go-http-client/1.1"
81.169.136.222 - - [09/Aug/2022:09:06:24 -0300] "GET / HTTP/1.1" 301 162 "-" "Mozilla/5.0 (Windows NT 10.0; Win64; x64) AppleWebKit/537.36 (KHTML, like Gecko) Chrome/91.0.4472.114 Safari/537.36 Edg/91.0.864.54"
177.234.144.114 - - [09/Aug/2022:09:31:47 -0300] "GET / HTTP/1.1" 301 162 "-" "Go-http-client/1.1"
177.234.144.114 - - [09/Aug/2022:10:01:53 -0300] "GET / HTTP/1.1" 301 162 "-" "Go-http-client/1.1"
107.178.238.44 - - [09/Aug/2022:10:03:45 -0300] "GET / HTTP/1.1" 301 162 "-" "PostmanRuntime/7.19.0"
34.244.7.206 - - [09/Aug/2022:10:04:04 -0300] "GET / HTTP/1.1" 301 162 "-" "Mozilla/5.0 (X11; Linux x86_64) AppleWebKit/537.36 (KHTML, like Gecko) HeadlessChrome/78.0.3882.0 Safari/537.36"
127.0.0.1 - - [09/Aug/2022:10:25:42 -0300] "GET / HTTP/1.1" 301 162 "http://dealix.com.br:8880/" "Mozilla/5.0 (Macintosh; Intel Mac OS X 11_0_0) AppleWebKit/537.36 (KHTML, like Gecko) Chrome/87.0.4280.88 Safari/537.36"
177.234.144.114 - - [09/Aug/2022:10:31:47 -0300] "GET / HTTP/1.1" 301 162 "-" "Go-http-client/1.1"
177.234.144.114 - - [09/Aug/2022:11:01:49 -0300] "GET / HTTP/1.1" 301 162 "-" "Go-http-client/1.1"
3.71.21.205 - - [09/Aug/2022:11:05:41 -0300] "GET /robots.txt HTTP/1.1" 301 162 "-" "-"
